Absorbing Shield.MOD	OUTPUTNAME:消物盾 （Absorbing Shield）		
Adamantine Breastplate.MOD	OUTPUTNAME:精金胸甲 （Adamantine Breastplate）	DESC:.CLEAR	DESC:這副無魔法的胸甲是用精金鍛打而成的，它可以給穿戴者提供DR 2/-。
Banded Mail of Luck.MOD	OUTPUTNAME:幸運護甲 （Banded Mail of Luck）		
Breastplate of Command.MOD	OUTPUTNAME:命令胸甲 （Breastplate of Command）		
Caster's Shield.MOD	OUTPUTNAME:術者之盾 （Caster's Shield）		
Celestial Armor.MOD	OUTPUTNAME:天界裝甲 （Celestial Armor）		
Darkwood Buckler.MOD	OUTPUTNAME:黑木圓盾 （Darkwood Buckler）		
Darkwood Shield.MOD	OUTPUTNAME:黑木重盾 （Darkwood Shield）		
Demon Armor.MOD	OUTPUTNAME:惡魔鎧甲 （Demon Armor）		
Dragonhide Plate.MOD	OUTPUTNAME:龍革板甲 （Dragonhide Plate）		
Dwarven Plate.MOD	OUTPUTNAME:矮人板甲 （Dwarven Plate）		
Elven Chain.MOD	OUTPUTNAME:精靈鏈甲 （Elven Chain）		
Lion's Shield.MOD	OUTPUTNAME:雄獅之盾 （Lion's Shield）		
Mithral full plate of speed.MOD	OUTPUTNAME:迅捷秘銀甲 （Mithral full plate of speed）		
Mithral Heavy Shield.MOD	OUTPUTNAME:秘銀重盾 （Mithral Heavy Shield）		
Mithral Shirt.MOD	OUTPUTNAME:秘銀衫 （Mithral Shirt）		
Plate Armor of the Deep.MOD	OUTPUTNAME:海淵板甲 （Plate Armor of the Deep）		
Rhino Hide.MOD	OUTPUTNAME:犀牛皮甲 （Rhino Hide）		
Spined Shield.MOD	OUTPUTNAME:尖刺盾 （Spined Shield）		
Winged Shield.MOD	OUTPUTNAME:飛翼盾 （Winged Shield）		
