CATEGORY=Special Ability|Master Spy ~ Art of Deception.MOD	OUTPUTNAME:欺詐藝術（Art of Deception）	DESC:.CLEAR	DESC:間諜大師將她的職業等級加在所有唬騙、易容和察言觀色檢定上。	
CATEGORY=Special Ability|Master Spy ~ Master of Disguise.MOD	OUTPUTNAME:易容大師（Master of Disguise）	DESC:.CLEAR	DESC:間諜大師進行易容時僅需正常時間的一半。此外，所有易容所受懲罰，例如不同的性別、種族、年齡或體型，均減少1。	
CATEGORY=Special Ability|Master Spy ~ Sneak Attack.MOD	OUTPUTNAME:偷襲（Sneak Attack）	DESC:.CLEAR	DESC:本能力與盜賊的同名能力完全相同。造成的額外傷害每3等級增加1d6（1級、4級、7級和10級）。若間諜大師因其他來源獲得偷襲傷害，則將傷害累計。	
CATEGORY=Special Ability|Master Spy ~ Glib Lie.MOD	OUTPUTNAME:謊話連篇（Glib Lie）	DESC:.CLEAR	DESC:2級以上的間諜大師能夠欺騙偵測真實類魔法。對間諜大師施展這類魔法的生物必須通過DC為「15+間諜大師職業等級」的施法者等級檢定（如同她正處於「花言巧語」法術的影響下）；檢定失敗意味著魔法沒能探測出間諜大師的謊言或是強迫她說出真相。本能力並不提供「花言巧語」法術的唬騙檢定加值。	
CATEGORY=Special Ability|Master Spy ~ Mask Alignment.MOD	OUTPUTNAME:偽裝陣營（Mask Alignment）	DESC:.CLEAR	DESC:2級以上的間諜大師能夠變更她的陣營靈光來欺騙那些識別陣營的法術（例如「偵測邪惡」）。她可以選擇在偵測時表現為特定的陣營，或乾脆無陣營。本能力無法防護基於陣營造成傷害的法術或效果。偽裝陣營靈光是標準動作，持續直至她變更或結束效果。	
CATEGORY=Special Ability|Master Spy ~ Nonmagical Aura.MOD	OUTPUTNAME:掩蓋魔法靈光（Nonmagical Aura）	DESC:.CLEAR	DESC:3級時，間諜大師能夠使用「魔法靈光」法術每日2次，但技能用於令物品顯示為無魔法。	
CATEGORY=Special Ability|Master Spy ~ Superficial Knowledge.MOD	OUTPUTNAME:表現學識（Superficial Knowledge）	DESC:.CLEAR	DESC:間諜大師能夠表現出超過她實際擁有的學識。從3級開始，她能夠對未受訓的知識和專業技能進行檢定，就如同她在這些技能上已受訓且獲得等於其等級一半的加值，但這些技能必須是和她的偽裝或想要表現的身份有關係。例如，一個偽裝成貴婦的間諜大師可以進行關於王國的知識（歷史）檢定和關於貴族和王室家族的知識（貴族）檢定，如同她受訓過；但她不能進行未受訓的知識（自然）檢定來辨識藥草。	
CATEGORY=Special Ability|Master Spy ~ Concealed Thoughts.MOD	OUTPUTNAME:隱藏思想（Concealed Thoughts）	DESC:.CLEAR	DESC:4級的間諜大師可以針對讀取思維類魔法防護自己的陰謀。當有生物使用「偵測思想」或類似魔法來讀取她的思想時，她可以選擇決定她的對手能偵測到何種表層思想，而隱藏掉她真實的表層思想。本能力不能防護心靈攻擊或比表層更深的思想讀取效果。	
CATEGORY=Special Ability|Master Spy ~ Quick Change.MOD	OUTPUTNAME:快速變裝（Quick Change）	DESC:.CLEAR	DESC:4級開始，間諜大師可以花費在檢定上受-10減值的代價在2d4輪內進行易容。此減值在8級時降至-5。	
CATEGORY=Special Ability|Master Spy ~ Elude Detection.MOD	OUTPUTNAME:迴避偵測（Elude Detection）	DESC:.CLEAR	DESC:5級時，間諜大師能夠躲開針對她的預言效果，就如同她受到「迴避偵測」法術效果的保護，法術的施法者等級等於她的角色等級。她能夠用一個標準動作來壓制或恢復這種保護效果，但一旦被解除則她在1d4輪內無法恢復。	
CATEGORY=Special Ability|Master Spy ~ Slippery Mind.MOD	OUTPUTNAME:心智靈活（Slippery Mind）	DESC:.CLEAR	DESC:5級時，間諜大師能夠逃脫心靈控制。這與盜賊的同名高級天賦效果相同。若間諜大師由其他職業獲得「心智靈活」能力，則效果累計，但她仍舊僅能每輪使用1次。	
CATEGORY=Special Ability|Master Spy ~ Shift Alignment.MOD	OUTPUTNAME:變換陣營（Shift Alignment）	DESC:.CLEAR	DESC:從6級開始，間諜大師控制自身靈光的能力更進一步。當她呈現一個虛假的陣營時，她可以選擇讓所有針對她的法術和魔法物品效果如同她屬於該陣營一般生效；這同時包括有益和有害的效果。例如，一名中立善良的間諜大師可以將自己的靈光變換為秩序邪惡，以便穿過一個會電擊非秩序邪惡生物的門口；但若在此靈光變換下被「制裁邪惡」命中，則她如同邪惡陣營一般受到傷害。間諜大師可以通過偽裝陣營（如同她的2級職業能力，保持以她的實際陣營產生效果）或是變換陣營（如同本能力，基於她的偽裝陣營產生效果）來改變其陣營靈光。變換陣營靈光是標準動作，持續直至她再次改變或終止效果。	
CATEGORY=Special Ability|Master Spy ~ Death Attack.MOD	OUTPUTNAME:奪命攻擊（Death Attack）	DESC:.CLEAR	DESC:8級時，間諜大師習得精巧一擊令單個敵人致死或麻痺的技術。本能力與刺客的「奪命攻擊」能力類似。若間諜大師由其他職業獲得「奪命攻擊」能力，則將這些職業的等級合計以決定奪命攻擊的DC，即使她在間諜大師職業上還沒有達到8級。	
CATEGORY=Special Ability|Master Spy ~ Fool Casting.MOD	OUTPUTNAME:欺騙施法者（Fool Casting）	DESC:.CLEAR	DESC:8級以上的間諜大師能夠欺騙一個敵人使他相信自己被魅惑或支配。當間諜大師成功豁免提供持續控制的魔法效果（例如「魅惑人類」，「支配人類」或者吸血鬼的支配能力），她能允許該法術部分生效。對於施法者而言，看上去如同間諜大師豁免失敗一樣，但間諜大師並未真的被控制。若法術提供心靈連結，則連結正常生效，但間諜大師並沒有義務去遵照施法者的指令行動。間諜大師可以用一個標準動作解除一個被欺騙的法術。欺騙施法者可以用於針對持續性效果的後續豁免檢定成功時，例如心智靈活帶來的額外豁免機會。	
CATEGORY=Special Ability|Master Spy ~ Hidden Mind.MOD	OUTPUTNAME:隱藏心靈（Hidden Mind）	DESC:.CLEAR	DESC:8級時，間諜大師獲得持續性的「心靈屏障（mind blank）」法術效果保護，施法者等級等與其人物等級。間諜大師能夠以標準動作壓制或恢復此保護效果。一旦被解除則在1d4輪內不可恢復。	
CATEGORY=Special Ability|Master Spy ~ Assumption.MOD	OUTPUTNAME:替身（Assumption）	DESC:.CLEAR	DESC:間諜大師的終極能力是令自身完全承襲另一個角色。以一個整輪動作，間諜大師能夠碰觸一個無助生物並將她的靈光與目標調整一致。這能夠欺騙預言系效果和法術，如同間諜大師是她所接觸的生物一般顯示，即使像「感知位置（Discern Location）」這樣強大的效果也一樣。本能力對神祇或類似的強大存在無效。一個身份的替身效果會一直持續至間諜大師終止（以一個標準動作）或她對另一個生物使用該能力。	
