CATEGORY=Special Ability|Rage Prophet ~ Savage Seer.MOD	OUTPUTNAME:狂野預知（Savage Seer）	DESC:.CLEAR	DESC:怒火先知的職業等級與野蠻人等級合計來決定其狂暴之力、先知啟示及先知詛咒效果。這並不帶來額外能力。	
CATEGORY=Special Ability|Rage Prophet ~ Spirit Guide.MOD	OUTPUTNAME:精魂嚮導（Spirit Guide）	DESC:.CLEAR	DESC:每名怒火先知都擁有一個精魂嚮導，一個在他心靈中交談的無形的幻影，關注著他，並將力量與智慧借用給他。每當怒火先知狂暴時，他由精魂處獲得一次「神導術」效果；此加值可以在他的狂暴中任何時間使用。精魂嚮導也允許怒火先知使用「舞光術」、「幻音術」及「法師之手」作為類法術能力，每項每日1次（施法者等級等於怒火先知職業等級）。DC基於魅力。	
CATEGORY=Special Ability|Rage Prophet ~ Rage Prophet Mystery.MOD	OUTPUTNAME:怒火先知秘術（Rage Prophet Mystery）	DESC:.CLEAR	DESC:2級及之後每偶數級，怒火先知都由精魂嚮導處習得1個額外法術。這些法術是先知可知法術基礎上的額外法術。如同先知秘術的法術一樣，怒火先知無法在更高等級時改換這些法術。怒火先知必須能夠施展對應標注等級的先知法術方可習得精魂嚮導的法術。怒火先知將這些法術視同對應標注等級的先知法術。可選的法術如下表所示。	
CATEGORY=Special Ability|Rage Prophet ~ Raging Healer.MOD	OUTPUTNAME:狂暴醫療（Raging Healer）	DESC:.CLEAR	DESC:2級時，怒火先知能夠在狂暴時對自己釋放治療法術，無需使用清醒的思維。	
CATEGORY=Special Ability|Rage Prophet ~ Indomitable Caster.MOD	OUTPUTNAME:不屈施法者（Indomitable Caster）	DESC:.CLEAR	DESC:3級時，怒火先知可以將體質修正（若為正值）加到專注檢定上。	
CATEGORY=Special Ability|Rage Prophet ~ Ragecaster.MOD	OUTPUTNAME:狂暴施法者（Ragecaster）	DESC:.CLEAR	DESC:4級開始，怒火先知的法術在他狂暴時變得愈發強力。當使用「心境澄明」能力時，他可以將野蠻人等級加入其施法者等級。在7級時，他可以將體質修正加到任何狂暴中釋放的法術的豁免DC上。	
CATEGORY=Special Ability|Rage Prophet ~ Spirit Guardian.MOD	OUTPUTNAME:精魂護衛（Spirit Guardian）	DESC:.CLEAR	DESC:5級時，精魂嚮導的「神導術」提供的表現加值在對抗精類生物、異界生物、不死生物或虛體生物時，增加為怒火先知職業等級的一半。怒火先知可以用一個迅捷動作花費1輪狂暴時間（無論他是否正處於狂暴中）令他的盔甲和武器獲得幽冥效果，持續1輪；此效果在該物品不再由其所擁有時自動終止。	
CATEGORY=Special Ability|Rage Prophet ~ Enduring Rage.MOD	OUTPUTNAME:持久狂暴（Enduring Rage）	DESC:.CLEAR	DESC:6級時，以一個自由動作，怒火先知可以通過耗費一個法術位來延長其狂暴持續時間，這會令狂暴延長等於所消耗法術位的等級的輪數。	
CATEGORY=Special Ability|Rage Prophet ~ Raging Spellstrength.MOD	OUTPUTNAME:狂暴法術（Raging Spellstrength）	DESC:.CLEAR	DESC:8級時，怒火先知可以在狂暴時對自己釋放距離為單體的法術，無需使用「心境澄明」能力。	
CATEGORY=Special Ability|Rage Prophet ~ Spirit Warrior.MOD	OUTPUTNAME:精魂戰士（Spirit Warrior）	DESC:.CLEAR	DESC:9級時，精魂嚮導的「神導術」提供的表現加值在對抗精類生物、異界生物、不死生物或虛體生物時，增加為怒火先知職業等級。他令其盔甲和武器獲得幽冥特性的能力改為直覺動作，代替之前的迅捷動作。	
CATEGORY=Special Ability|Rage Prophet ~ Greater Rage.MOD	OUTPUTNAME:高等狂暴（Greater Rage）	DESC:.CLEAR	DESC:10級時，當怒火先知進入狂暴時，其力量與體質的士氣加值增至+6，意志豁免的士氣加值增至+3。	
