CATEGORY=Special Ability|Druid ~ Spontaneous Casting.MOD	OUTPUTNAME:自發施法（Spontaneous Casting）	DESC:.CLEAR	DESC:德魯依可以將事先準備好的法術臨時轉換成召喚法術，即使他事前並未準備該召喚法術也可。此時，德魯伊會「失去」一個準備好的法術，換得一個同級或較低環級的『召喚自然盟友』。	
CATEGORY=Special Ability|Druid ~ Orisons.MOD	OUTPUTNAME:禱念（Orisons）	DESC:.CLEAR	DESC:德魯伊每日可以準備若干個0環法術，或稱為禱念。這些法術與其他法術的施展方式相同，但施展時不會消耗法術位，因此可以被再次施展。	
CATEGORY=Special Ability|Druid ~ Nature Bond.MOD	OUTPUTNAME:自然紐帶（Nature Bond）	DESC:.CLEAR	DESC:1級起，德魯伊便與大自然構成了緊密的聯繫。此聯繫表現為下列兩種形式之一。第一種是與自然世界的親密聯繫，使得德魯伊獲得以下牧師領域之一：風，動物，土，火，植物，水，天氣。在決定領域神力和領域法術時，德魯伊的有效牧師等級等於其德魯伊等級。做出此種選擇的德魯伊也會如同牧師一般獲得額外的領域法術位。她必須在此法術位中準備領域法術，且此法術位不可用於自發施法。第二種選擇是與一隻動物夥伴形成緊密的羈絆。德魯伊在起始時可帶有可選動物夥伴的任意一種。此動物是德魯伊冒險時的忠貞夥伴。與同類的普通動物不同的是，動物夥伴的生命骰，屬性，技能和專長都會隨著德魯伊等級的提升而增長。如果人物從多個來源獲得了動物夥伴，將她的有效德魯伊等級相互疊加以決定夥伴的數據和能力。根據夥伴種類的不同，大多數夥伴的體型會在德魯伊達到4級或7級時增長。如果德魯伊放走他的動物夥伴，他必須舉行儀式，不間斷地祈禱24小時，才能獲得一個新的動物夥伴。同樣的儀式也可以用來取代死亡的動物夥伴。	
CATEGORY=Special Ability|Druid ~ Nature Sense.MOD	OUTPUTNAME:自然智識（Nature Sense）	DESC:.CLEAR	DESC:德魯伊的知識（自然）和生存技能檢定+2。	
CATEGORY=Special Ability|Druid ~ Wild Empathy.MOD	OUTPUTNAME:野性認同（Wild Empathy）	DESC:.CLEAR	DESC:德魯伊可以改變動物的態度。此能力功能如同使用交涉檢定影響人物的態度。德魯伊擲「d20+德魯依等級+魅力修正」即為野性認同的檢定結果。一般家畜的起始態度是冷淡，但野生動物通常是不友善。使用此能力時，在一般情況下，德魯伊和動物彼此距離不能超過30尺。一般而言，影響動物需要1分鐘，但如同影響人物一樣，實際需要時間可能會更長或更短。德魯伊也可對智力值1或2的魔法獸使用此能力，但檢定時受-4減值。	
CATEGORY=Special Ability|Druid ~ Woodland Stride.MOD	OUTPUTNAME:穿林步（Woodland Stride）	DESC:.CLEAR	DESC:2級起，德魯伊能以正常速度通過任何灌木叢（例如自然的荊棘叢，石南叢，茂密的灌木叢，以及其他類似地形），並且不會受到任何傷害。然而，如果上述地形是由魔法造成以阻礙移動，仍會影響德魯伊。	
CATEGORY=Special Ability|Druid ~ Trackless Step.MOD	OUTPUTNAME:無蹤步（Trackless Step）	DESC:.CLEAR	DESC:3級開始，德魯伊在自然地形上不會留下足跡，也無法被追跡，但也可以選擇要留下足跡。	
CATEGORY=Special Ability|Druid ~ Resist Nature's Lure.MOD	OUTPUTNAME:抗自然誘惑（Resist Nature's Lure）	DESC:.CLEAR	DESC:4級起，德魯伊對抗精類生物類法術能力和超自然能力時，豁免檢定具有+4加值。此加值也會對那些利用植物或目標為植物的法術和效果生效，例如『枯萎術』，『糾纏術』，『荊棘叢生』和『曲木術』。	
CATEGORY=Special Ability|Druid ~ Wild Shape.MOD	OUTPUTNAME:自然變身（Wild Shape）	DESC:.CLEAR	DESC:4級起，德魯伊每天可以變身為小型或中型動物一次，然後再變回來。她可以選擇變成任何動物型生物。此能力類似法術『野獸形態I』，但有如下幾點不同：此效果持續小時數等於德魯伊等級，或他自願變回為止。改變身形（無論是變成動物或變回）是標準動作，但不會引發藉機攻擊。變化的形體必須是這名德魯伊熟悉的動物。變成動物的德魯伊無法說話，只能發出該動物正常未受訓的自然聲，但他可以與其他同種動物正常溝通（野生鸚鵡的聲音是呱呱叫，所以即使變成鸚鵡也不能說話）。在到達第6級及之後的每2級的時候，德魯伊每日將可以使用1次額外的【自然變身】，在18級時每日共可以使用8次。20級時，德魯伊可以使用自然變身能力任意多次。當德魯伊等級提升時，此能力將會允許德魯伊變形為更大或更小的動物，元素和植物。無論變形成何種形態，都會花費1次此能力的每日使用次數。6級起，德魯伊可使用【自然變身】變形為大型動物、超小型動物或小型元素。變為動物形態時，此時此能力的作用方式將類似於『野獸形態II』。變為元素時，此能力的作用方式類似於『元素身軀I』。8級起，德魯伊也可使用【自然變身】變形為超大型和微型動物、中型元素、或小型和中型植物類生物。變為動物形態時，此時此能力的作用方式將類似於『野獸形態III」。變為元素時，此時此能力的作用方式類似於『元素身軀II』。變為植物類生物時，此能力的作用方式類似於『植物形態I』。10級起，德魯伊也可使用【自然變身】變形為大型元素或大型植物類生物。變為元素時，此時此能力的作用方式類似於『元素身軀III』。變為植物類生物時，此時此能力的作用方式類似於『植物形態II』。12級起，德魯伊也可使用【自然變身】變形為超大型元素或超大型植物類生物。變為元素時，此時此能力的作用方式類似於『元素身軀IV』。變為植物類生物時，此時此能力的作用方式類似於『植物形態III』。	
CATEGORY=Special Ability|Druid ~ Venom Immunity.MOD	OUTPUTNAME:毒素免疫（Venom Immunity）	DESC:.CLEAR	DESC:9級開始，德魯伊對所有毒素免疫。	
CATEGORY=Special Ability|Druid ~ A Thousand Faces.MOD	OUTPUTNAME:千面萬相（A Thousand Faces）	DESC:.CLEAR	DESC:13級起，德魯伊具有任意改變相貌的能力，如同『變身術』的效果，但使用時必須是原本身形。	
CATEGORY=Special Ability|Druid ~ Timeless Body.MOD	OUTPUTNAME:不老身軀（Timeless Body）	DESC:.CLEAR	DESC:15級起，德魯伊不會因為年老而造成屬性減值，也不會因魔法效果而老化。但之前的屬性減值仍然存在。屬性加值仍可累計，且德魯伊也仍會因命盡而死去。	
CATEGORY=Special Ability|Aquatic Druid ~ Wild Empathy.MOD	OUTPUTNAME:野性認同（Wild Empathy）	DESC:.CLEAR	DESC:水棲德魯伊的野性認同只能作用於有天生游泳速度、或是水棲與水系亞種的生物。但是只要目標生物的智力高於2點，他就可以改變所有此類生物亞種的態度，忽視該生物的類別（動物以外亦可），就算該生物目盲這個能力也能發揮作用。	
CATEGORY=Special Ability|Aquatic Druid ~ Aquatic Adaptation.MOD	OUTPUTNAME:水域適應（Aquatic Adaptation）	DESC:.CLEAR	DESC:在2級的時候水棲德魯伊可以在針對水域的智力檢定、對於水域的知識（地理）、察覺、隱匿、生存和游泳檢定上得到相當於德魯伊等級一半的洞察加值。這個能力取代穿林。	
CATEGORY=Special Ability|Aquatic Druid ~ Natural Swimmer.MOD	OUTPUTNAME:天生泳者（Natural Swimmer）	DESC:.CLEAR	DESC:在3級的時候水棲德魯伊得到相當他陸地移動速度一半的游泳速度。這個能力取代無蹤步。	
CATEGORY=Special Ability|Aquatic Druid ~ Resist Oceans Fury.MOD	OUTPUTNAME:抵抗海洋之怒（Resist Oceans Fury）	DESC:.CLEAR	DESC:在4級的時候，水棲德魯伊對於有「水」描述的法術和水系或水棲生物的超自然與特異能力得到+4的豁免加值。這個能力取代抗自然誘惑。	
CATEGORY=Special Ability|Aquatic Druid ~ Wild Shape.MOD	OUTPUTNAME:自然變身（Wild Shape）	DESC:.CLEAR	DESC:水棲德魯伊6級時習得自然變身，其自然變身有效等級為「水棲德魯伊等級-2」。	
CATEGORY=Special Ability|Aquatic Druid ~ Seaborn.MOD	OUTPUTNAME:水之族裔（Seaborn）	DESC:.CLEAR	DESC:9級的時候水棲德魯伊得到水生亞種，兩棲特性，等同於其陸地速度的游泳速度，而且可以如同「忍受環境（Endure Elements）」法術一樣抵抗寒冷。這個能力取代毒性免疫。	
CATEGORY=Special Ability|Aquatic Druid ~ Deep Diver.MOD	OUTPUTNAME:深潛者（Deep Diver）	DESC:.CLEAR	DESC:在13級的時候水棲德魯伊得到傷害減免：「1/2德魯伊等級/揮砍或穿刺」，此傷害減免同時作用在造成粉碎或擒抱（譬如「黑觸手」或「粉碎掌」）的法術或類法術能力上。水棲德魯伊也不會因為潛水太深而受到水壓的傷害。這個能力取代千面萬象。	
CATEGORY=Special Ability|Arctic Druid ~ Arctic Native.MOD	OUTPUTNAME:極地居民（Arctic Native）	DESC:.CLEAR	DESC:在2級的時候，極地德魯伊對在極圈或雪地的智力檢定、知識（地理）、察覺、隱匿和生存檢定得到相當於德魯伊等級一半的洞察加值，同時他也無法在極圈或冰雪地形中被追跡。這個能力取代穿林。	
CATEGORY=Special Ability|Arctic Druid ~ Icewalking.MOD	OUTPUTNAME:冰原行者（Icewalking）	DESC:.CLEAR	DESC:在3級時，極地德魯伊在冰天雪地或類似的氣候條件中沒有移動速度、特技、攀爬和隱匿技能減值。同時他也可以在不踏破雪穴或薄冰的情況下穿越它們。這個能力取代無蹤步。	
CATEGORY=Special Ability|Arctic Druid ~ Arctic Endurance.MOD	OUTPUTNAME:極圈耐力（Arctic Endurance）	DESC:.CLEAR	DESC:在4級時，極地德魯伊如同使用了「忍受環境（Endure Elements）」法術一樣忽略寒冷氣候所造成的影響，還對目眩免疫。這個能力取代抵抗自然誘惑。	
CATEGORY=Special Ability|Arctic Druid ~ Wild Shape.MOD	OUTPUTNAME:自然變身（Wild Shape）	DESC:.CLEAR	DESC:第6級的時候極地德魯伊取得自然變身能力，其自然變身有效等級為「極地德魯伊等級-2」。	
CATEGORY=Special Ability|Arctic Druid ~ Snowcaster.MOD	OUTPUTNAME:冰霜咒者（Snowcaster）	DESC:.CLEAR	DESC:第9級的時候，極地德魯伊可以在「冰風暴」、「雪雨暴」法術與自然的暴風雪中正常視物。同時，他可以將所有帶有「火焰」描述的德魯伊法術轉換成冰系法術，這些法術將造成寒冷傷害。這個能力取代毒素免疫。	
CATEGORY=Special Ability|Arctic Druid ~ Flurry Form.MOD	OUTPUTNAME:風雪型態（Flurry Form）	DESC:.CLEAR	DESC:13級的時候，極地德魯伊可以如同「氣化形體」一般，將自身轉化成一團飛舞的風雪。在這個型態之下，他在寒冷環境下隱匿技能得到相當於他德魯伊等級的環境加值。這個能力取代千變萬象。	
CATEGORY=Special Ability|Blight Druid ~ Nature Bond.MOD	OUTPUTNAME:自然紐帶（Nature Bond）	DESC:.CLEAR	DESC:天譴德魯伊沒有動物夥伴，但是他可以像法師一樣獲得魔寵，或是選擇德魯伊原本可以選擇的幾個領域。此外，他也可以選擇黑暗、死亡和毀滅領域。	
CATEGORY=Special Ability|Blight Druid ~ Vermin Empathy.MOD	OUTPUTNAME:蟲群認同（Vermin Empathy）	DESC:.CLEAR	DESC:天譴德魯伊可以像一般德魯伊影響動物一樣改變蟲類的態度，蟲類的初始態度為不友善。他也可以改變動物或是無心智不死生物的態度，但是當這麼做的時候，他的檢定將承受-4的減值，除非這些動物或不死生物擁有可以造成疫病的特殊攻擊。	
CATEGORY=Special Ability|Blight Druid ~ Miasma.MOD	OUTPUTNAME:瘴癘（Miasma）	DESC:.CLEAR	DESC:從5級開始，要是一個生物在他的行動輪開始時緊鄰天譴德魯伊，那麼那個生物就必須進行一個DC為「10+1/2天譴德魯伊等級+感知修正」的強韌檢定，失敗則噁心1輪。動物、植物和精類生物如果豁免失敗則會反胃1輪，然後噁心1分鐘。如果一個生物通過了豁免，他將在之後的24小時之內對這個效果免疫，免疫疾病的生物也不會受到此效果的影響。這個能力取代無蹤步和抗自然誘惑。	
CATEGORY=Special Ability|Blight Druid ~ Blightblooded.MOD	OUTPUTNAME:災疫之血（Blightblooded）	DESC:.CLEAR	DESC:在9級的時候天譴德魯伊免疫疾病效果，包括自然和超自然的疾病，他同時也免疫任何會讓他噁心或是反胃的效果。這個能力取代毒素免疫。	
CATEGORY=Special Ability|Blight Druid ~ Plaguebearer.MOD	OUTPUTNAME:疫病帶原者（Plaguebearer）	DESC:.CLEAR	DESC:13級開始，任何用天生武器、接觸攻擊或徒手攻擊擊中天譴德魯伊的生物，都必須通過DC為「10+1/2天譴德魯伊等級+感知修正」的強韌檢定，否則就會像中了「疫病術」一樣染上疾病。如果該生物通過了豁免，在之後的24小時之內對這個效果免疫。這個能力取代千面萬象。	
CATEGORY=Special Ability|Cave Druid ~ Cavesense.MOD	OUTPUTNAME:洞穴感知（Cavesense）	DESC:.CLEAR	DESC:知識（地城）取代知識（地理）成為穴居德魯伊的本職技能。同時，穴居德魯伊的知識（地城）和生存技能檢定+2。這個能力替代自然智識。	
CATEGORY=Special Ability|Cave Druid ~ Nature Bond.MOD	OUTPUTNAME:自然紐帶（Nature Bond）	DESC:.CLEAR	DESC:穴居德魯伊將黑暗領域加入他可選的自然紐帶之中，不過由於生活環境的關係，他不能選擇氣或水領域。	
CATEGORY=Special Ability|Cave Druid ~ Nature Bond.MOD	OUTPUTNAME:野性認同（Nature Bond）	DESC:.CLEAR	DESC:穴居德魯伊可以以-4的減值去影響泥形怪對他的態度，不過他無法影響魔法獸。	
CATEGORY=Special Ability|Cave Druid ~ Tunnelrunner.MOD	OUTPUTNAME:洞穴跑者（Tunnelrunner）	DESC:.CLEAR	DESC:在2級時，穴居德魯伊可以用正常速度穿過充滿碎石、或是需要擠著身子通過狹宰的通道，而不必承受任何減值。這個能力取代穿林。	
CATEGORY=Special Ability|Cave Druid ~ Lightfoot.MOD	OUTPUTNAME:縹緲之足（Lightfoot）	DESC:.CLEAR	DESC:3級開始，穴居德魯伊將不會被顫動感知探知。這個能力取代無蹤步。	
CATEGORY=Special Ability|Cave Druid ~ Resist Subterranean Corruption.MOD	OUTPUTNAME:抗地底污穢（Resist Subterranean Corruption）	DESC:.CLEAR	DESC:4級開始，穴居德魯伊在對抗泥型怪和異怪的特異、超自然、類法術能力上得到+2的加值。這個能力替代抗自然誘惑。	
CATEGORY=Special Ability|Cave Druid ~ Wild Shape.MOD	OUTPUTNAME:自然變身（Wild Shape）	DESC:.CLEAR	DESC:穴居德魯伊要到6級才能拿到自然變身能力，其自然變身有效等級為「穴居德魯伊等級-2」。他沒辦法變成植物型態，但是在10級的時候，穴居德魯伊可以像使用「野獸形態III」一樣變成中型或小型的泥型怪物。12級的時候他可以如同「野獸形態IV」一樣選擇變成超小型或是大型泥型怪物（把泥形怪當作沒有天生護甲加值的魔法獸處理）。在泥怪型態下，穴居德魯伊將不再擁有明顯的解剖特徵，同時對毒素免疫，重擊和偷襲也對他無效。	
CATEGORY=Special Ability|Desert Druid ~ Desert Native.MOD	OUTPUTNAME:荒漠居者（Desert Native）	DESC:.CLEAR	DESC:荒漠德魯伊在沙漠中得智力檢定、對於沙漠的知識（地理）、隱匿、察覺和生存檢定得到相當於他等級一半的洞察加值。這個能力取代穿林。	
CATEGORY=Special Ability|Desert Druid ~ Sandwalker.MOD	OUTPUTNAME:熱沙行者（Sandwalker）	DESC:.CLEAR	DESC:3級時，荒漠德魯伊在滑動的沙地或沙漠地形中沒有移動速度、特技和隱匿技能減值。這個能力取代無蹤步。	
CATEGORY=Special Ability|Desert Druid ~ Desert Endurance.MOD	OUTPUTNAME:沙漠忍耐（Desert Endurance）	DESC:.CLEAR	DESC:4級時，荒漠德魯伊如同使用了「忍受環境（Endure Elements）」法術一樣忽略炎熱的傷害。同時他也不再需要吃喝，如同帶著維生戒指一樣。不過他還是需要睡覺。這個能力取代抗自然誘惑。	
CATEGORY=Special Ability|Desert Druid ~ Wild Shape.MOD	OUTPUTNAME:自然變身（Wild Shape）	DESC:.CLEAR	DESC:荒漠德魯伊要到6級才拿的到自然變身，其自然變身有效等級為「荒漠德魯伊等級-2」。荒漠德魯伊不能變成植物型態，不過在10級時可以變成中型或小型的昆蟲類生物，12級時可以變成微型或是大型的昆蟲，14級時可以變成超微型或是超大型的昆蟲。這個能力如同「野獸形態IV」（在考慮天生護甲加值和特殊能力的時候把昆蟲當做動物處理）。	
CATEGORY=Special Ability|Desert Druid ~ Shaded Vision.MOD	OUTPUTNAME:陰影視覺（Shaded Vision）	DESC:.CLEAR	DESC:9級時，荒漠德魯伊免疫目盲和目眩效果，同時在對抗凝視和幻術學派的虛假和心靈幻覺上有+2的加值。這個能力取代毒素免疫。	
CATEGORY=Special Ability|Desert Druid ~ Dunemeld.MOD	OUTPUTNAME:沙塵型態（Dunemeld）	DESC:.CLEAR	DESC:13級時，荒漠德魯伊可以如同使用「氣化形體」一般將自己的身形轉化為一團盤旋飄舞的沙塵。不過他不會得到飛行能力，取而代之的是他的陸地移動速度上升10尺。在這個型態下，荒漠德魯伊的隱匿技能將獲得等同於他德魯伊等級的環境加值。這個能力取代千面萬象。	
CATEGORY=Special Ability|Jungle Druid ~ Jungle Guardian.MOD	OUTPUTNAME:叢林守衛者（Jungle Guardian）	DESC:.CLEAR	DESC:2級時，叢林德魯伊在林地間的智力檢定、攀爬、對林地的知識（地理）、察覺、隱匿和生存檢定得到相當於德魯伊等級一半的洞察加值，同時他也無法在叢林之中被追跡。這個能力取代穿林。	
CATEGORY=Special Ability|Jungle Druid ~ Woodland Stride.MOD	OUTPUTNAME:穿林（Woodland Stride）	DESC:.CLEAR	DESC:叢林德魯伊在3級時候拿到這個能力。這個能力取代無蹤步。	
CATEGORY=Special Ability|Jungle Druid ~ Torrid Endurance.MOD	OUTPUTNAME:熱帶耐力（Torrid Endurance）	DESC:.CLEAR	DESC:4級時叢林德魯伊可以像使用了「忍受環境（Endure Elements）」法術一樣忽略炎熱所造成的效果。同時，他對疫病或是動物和魔法獸所的特異能力有+4的加值。這個能力取代抗自然誘惑。	
CATEGORY=Special Ability|Jungle Druid ~ Wild Shape.MOD	OUTPUTNAME:自然變身（Wild Shape）	DESC:.CLEAR	DESC:叢林德魯伊在6級時才能習得自然變身能力，其自然變身有效等級為「叢林德魯伊等級-2」。	
CATEGORY=Special Ability|Jungle Druid ~ Verdant Sentinel.MOD	OUTPUTNAME:蒼翠哨兵（Verdant Sentinel）	DESC:.CLEAR	DESC:13級時，叢林德魯伊可以隨意施展「樹化術」。這個能力取代千面萬象。	
CATEGORY=Special Ability|Mountain Druid ~ Mountaineer.MOD	OUTPUTNAME:山地人（Mountaineer）	DESC:.CLEAR	DESC:2級時，山地德魯伊在山地間的智力檢定、攀爬、對山地的知識（地理）、察覺、隱匿和生存檢定得到相當於德魯伊等級一半的洞察加值，同時他也無法在山地地形中被追跡。這個能力取代穿林。	
CATEGORY=Special Ability|Mountain Druid ~ Sure-Footed.MOD	OUTPUTNAME:穩固之足（Sure-Footed）	DESC:.CLEAR	DESC:3級時，山地德魯伊在穿越陡坡、不穩固的碎石或卵石的時候不需要承受速度和特技與隱匿的減值。這個能力取代無蹤步。	
CATEGORY=Special Ability|Mountain Druid ~ Spire Walker.MOD	OUTPUTNAME:峰頂行者（Spire Walker）	DESC:.CLEAR	DESC:4級時，山地德魯伊免疫高原反應（altitude sickness），同時在攀爬時不會失去其敏捷加值，並且如同使用了「忍受環境（Endure Elements）」法術一樣忽略寒冷氣候所造成的影響。這個能力取代抗自然誘惑。	
CATEGORY=Special Ability|Mountain Druid ~ Wild Shape.MOD	OUTPUTNAME:自然變身（Wild Shape）	DESC:.CLEAR	DESC:山脈德魯伊在6級時習得自然變身能力，其自然變身有效等級為「山地德魯伊等級-2」。他不能選擇植物型態，但是在12級的時候他可以像使用「巨人形態I」一樣變成大型巨人，在16級的時候則可以像「巨人形態II」一樣變成超大型巨人。	
CATEGORY=Special Ability|Mountain Druid ~ Mountain Stance.MOD	OUTPUTNAME:卓然而立（Mountain Stance）	DESC:.CLEAR	DESC:9級時，山脈德魯伊免疫石化，且在對抗推、拉、衝撞或拖拽的效果時得到+4的豁免或CMD加值，這些加值同樣也作用在對抗那些會把他移出目前位置的效果上。但這些加值在對抗絆摔、擒抱和闖越的時候不起作用。這個能力取代毒素免疫。	
CATEGORY=Special Ability|Mountain Druid ~ Mountain Stone.MOD	OUTPUTNAME:石化聖者（Mountain Stone）	DESC:.CLEAR	DESC:13級時，山脈德魯伊可以隨意把自己變成一塊風化的石頭然後變回來，除了外型不一樣之外這個能力類似「雕像術」。此能力取代千面萬象。	
CATEGORY=Special Ability|Plains Druid ~ Plains Traveler.MOD	OUTPUTNAME:曠野行者（Plains Traveler）	DESC:.CLEAR	DESC:2級時，荒原德魯伊和荒原相關的智力檢定、攀爬、對荒原的知識（地理）、察覺、隱匿和生存檢定得到相當於德魯伊等級一半的洞察加值，同時他也無法在荒原地形中被追跡。這個能力取代穿林。	
CATEGORY=Special Ability|Plains Druid ~ Run Like the Wind.MOD	OUTPUTNAME:疾風步伐（Run Like the Wind）	DESC:.CLEAR	DESC:3級時，穿輕甲或不穿護具且輕載的荒原德魯伊得到額外10尺的路面移動速度，此外，每小時一次，荒原德魯伊可以用正常兩倍的速度衝鋒或奔跑一輪，如果他騎乘著他的動物夥伴，他的動物夥伴也會獲得這項能力。這個能力取代無蹤步。	
CATEGORY=Special Ability|Plains Druid ~ Savanna Ambush.MOD	OUTPUTNAME:荒野伏擊（Savanna Ambush）	DESC:.CLEAR	DESC:4級時，荒原德魯伊在自然環境中俯臥時將獲得掩蔽，當他臥倒且不移動的時候，將不會遭受隱匿減值，而匍匐移動時也只承受-5的減值，此外荒原德魯伊可以在突襲輪的時候以直覺動作從俯臥狀態站起。這個能力取代抗自然誘惑。	
CATEGORY=Special Ability|Plains Druid ~ Wild Shape.MOD	OUTPUTNAME:自然變身（Wild Shape）	DESC:.CLEAR	DESC:荒原德魯伊在6級時習得自然變身能力，其自然變身有效等級為「荒原德魯伊等級-2」。	
CATEGORY=Special Ability|Plains Druid ~ Canny Charger.MOD	OUTPUTNAME:審慎突襲（Canny Charger）	DESC:.CLEAR	DESC:9級時，無論騎乘或是徒步荒原德魯伊可以毫無困難的衝鋒穿越隊友佔據的格子，而且只要和最終目標間有10尺的直線距離，荒原德魯伊就可以在衝鋒時轉向一次至多90度。此外，在面對敵人衝鋒攻擊的時候荒原德魯伊得到+4的閃避加值，同時在以準備動作對抗敵人衝鋒的時候，在傷害上得到+4的加值。這個能力取代毒素免疫。	
CATEGORY=Special Ability|Plains Druid ~ Evasion.MOD	OUTPUTNAME:反射閃避（Evasion）	DESC:.CLEAR	DESC:13級時，荒原德魯伊在穿輕甲、中甲且處於輕載時得到盜賊同名能力。這個能力取代千面萬象。	
CATEGORY=Special Ability|Swamp Druid ~ Marshwight.MOD	OUTPUTNAME:沼地隱者（Marshwight）	DESC:.CLEAR	DESC:2級時，沼澤德魯伊和沼澤相關的智力檢定、游泳、對沼澤的知識（地理）、察覺、隱匿和生存檢定得到相當於德魯伊等級一半的洞察加值，同時他也無法在沼澤地型中被追跡。這個能力取代穿林。	
CATEGORY=Special Ability|Swamp Druid ~ Swamp Strider.MOD	OUTPUTNAME:草澤穿行（Swamp Strider）	DESC:.CLEAR	DESC:3級時，沼澤德魯伊在穿越沼澤和灌木叢的時候不會受到移動速度、特技和隱匿減值。這個能力取代無蹤步。	
CATEGORY=Special Ability|Swamp Druid ~ Pond Scum.MOD	OUTPUTNAME:泥沼庇佑（Pond Scum）	DESC:.CLEAR	DESC:4級時，沼澤德魯伊在對抗疾病還有類人怪物所施展的超自然能力、類法術能力、特異能力方面得到+4的加值。此外他還對集群生物得到相當於德魯伊等級一半的傷害減免，要是集群生物的傷害無法突破傷害減免，他就能無視群集生物所帶的分心能力與群集生物的特殊攻擊。這個能力取代抗自然誘惑。	
CATEGORY=Special Ability|Swamp Druid ~ Wild Shape.MOD	OUTPUTNAME:自然變身（Wild Shape）	DESC:.CLEAR	DESC:沼澤德魯伊要到6級才獲得自然變身的能力，其自然變身有效等級為「德魯伊等級-2」。	
CATEGORY=Special Ability|Swamp Druid ~ Slippery.MOD	OUTPUTNAME:滑溜（Slippery）	DESC:.CLEAR	DESC:13級時，沼澤德魯伊得到了「行動自如」的能力，如同同名法術。這個能力取代千面萬象。	
CATEGORY=Special Ability|Urban Druid ~ Spontaneous Casting.MOD	OUTPUTNAME:自發施法（Spontaneous Casting）	DESC:.CLEAR	DESC:一個城鎮德魯伊可以將他以準備好的法術轉換成領域法術。此能力取代轉換為召喚自然盟友的自發施法。	
CATEGORY=Special Ability|Urban Druid ~ Nature Bond.MOD	OUTPUTNAME:自然紐帶（Nature Bond）	DESC:.CLEAR	DESC:由於生活在偏離自然的地區，城鎮德魯伊不獲得動物夥伴；但他可以從以下領域中選一個作為他自然紐帶的連結：魅惑、團隊、知識、高貴、安眠、符文、天氣。	
CATEGORY=Special Ability|Urban Druid ~ Lorekeeper.MOD	OUTPUTNAME:博學者（Lorekeeper）	DESC:.CLEAR	DESC:2級時，城鎮德魯伊將交涉、知識（歷史）、知識（地方）和知識（貴族）加入他的本職技能中，同時他在使用這些技能時得到+2加值。這個能力取代無蹤步和穿林。	
CATEGORY=Special Ability|Urban Druid ~ Resist Temptation.MOD	OUTPUTNAME:抵抗幻惑（Resist Temptation）	DESC:.CLEAR	DESC:城鎮德魯伊在對抗所有預言學派和惑控學派效果時得到豁免+2加值。這個能力取代抗自然誘惑。	
CATEGORY=Special Ability|Urban Druid ~ A Thousand Faces.MOD	OUTPUTNAME:千面萬象（A Thousand Faces）	DESC:.CLEAR	DESC:6級時，城鎮德魯伊習得千面萬象的能力。	
CATEGORY=Special Ability|Urban Druid ~ Wild Shape.MOD	OUTPUTNAME:自然變身（Wild Shape）	DESC:.CLEAR	DESC:8級時，城鎮德魯伊習得自然變身能力，其自然變身有效等級為「城鎮德魯伊等級-4」。	
CATEGORY=Special Ability|Urban Druid ~ Mental Strength.MOD	OUTPUTNAME:堅毅心靈（Mental Strength）	DESC:.CLEAR	DESC:9級時，城鎮德魯伊免疫魅惑和脅迫效果。這個能力取代毒素免疫。	
CATEGORY=Special Ability|Bear Shaman ~ Nature Bond.MOD	OUTPUTNAME:自然紐帶（Nature Bond）	DESC:.CLEAR	DESC:巨熊德魯伊動物夥伴必須是熊，如果他選擇了領域能力的話，他必須以從下幾個領域中挑選：動物、大地、保護和力量。	
CATEGORY=Special Ability|Bear Shaman ~ Wild Empathy.MOD	OUTPUTNAME:野性認同（Wild Empathy）	DESC:.CLEAR	DESC:巨熊德魯伊可以用整輪動最對熊和狼獾使用野性認同，且有+4的加值。	
CATEGORY=Special Ability|Bear Shaman ~ Totem Transformation.MOD	OUTPUTNAME:圖騰轉化－熊之心（Totem Transformation）	DESC:.CLEAR	DESC:2級時，巨熊德魯伊可以用他正常的形體模擬出熊的一個面像，他可以選擇以下的加值之一：速度：得到10尺移動速度的增強加值，並且在游泳上得到+4的種族加值。感官：得到昏暗視覺和靈敏嗅覺的能力。堅韌：AC+2天生護甲加值，同時得到耐久專長。爪牙：中體型的巨熊德魯伊得到嚙咬（1d6）和兩次爪抓（1d4），同時擒抱的CMB得到+2加值。在這個型態之下，巨熊德魯伊可以正常說話，且能隨意使用「動物交談」，但是僅限哺乳類。2級時，進入熊之心狀態是一個標準動作，7級變成移動等效動作，12級則變成迅捷動作。他每天能進入熊之心狀態的分鐘數等同於他的德魯伊等級，時間不需要連續，但每次啟動至少會消耗1分鐘的使用時間。這個能力是變形效果，不會和其他與變形有關的效果疊加，例如自然變身。	
CATEGORY=Special Ability|Bear Shaman ~ Totemic Summons.MOD	OUTPUTNAME:圖騰召喚－熊之呼喚（Totemic Summons）	DESC:.CLEAR	DESC:5級時，在召喚熊時巨熊德魯伊可以用標準動作施展「召喚自然盟友」，被召喚出來的熊得到相當於巨熊德魯伊等級的額外生命加值。巨熊德魯伊可以召喚較年輕的版本以降低召喚法術的等級一級，他也可以增加召喚法術等級一級以召喚擁有進化或巨大模板（advanced and giant templates）的熊，也可以增加兩級，以召喚同時具有兩個模版的版本。這個能力取代千面萬象。	
CATEGORY=Special Ability|Bear Shaman ~ Wild Shape.MOD	OUTPUTNAME:自然變身（Wild Shape）	DESC:.CLEAR	DESC:巨熊德魯伊在6級時習得自然變身，其自然變身有效等級為「巨熊德魯伊等級-2」。但是在變成熊的時候，有效德魯伊等級為他的「巨熊德魯伊等級+2」。	
CATEGORY=Special Ability|Eagle Shaman ~ Nature Bond.MOD	OUTPUTNAME:自然紐帶（Nature Bond）	DESC:.CLEAR	DESC:猛禽德魯伊動物夥伴只能選擇鳥類，如果他選擇了領域能力，他必須從以下幾個領域中挑選：風、動物、高貴和氣象。	
CATEGORY=Special Ability|Eagle Shaman ~ Wild Empathy.MOD	OUTPUTNAME:野性認同（Wild Empathy）	DESC:.CLEAR	DESC:猛禽德魯伊可以用一個整輪動作對鳥類使用野性認同，且有+4的加值。	
CATEGORY=Special Ability|Eagle Shaman ~ Totem Transformation.MOD	OUTPUTNAME:圖騰轉化－鷹之心（Totem Transformation）	DESC:.CLEAR	DESC:2級時，猛禽德魯伊可以模擬野禽一部分的力量，除了效果不同之外，這個能力其他部分和巨熊德魯伊的熊之心相同。速度：30尺機動力為普通的飛行速度，猛禽德魯伊必須要到5級才能選取這個能力。感官：昏暗視覺，+4察覺種族加值。爪牙：中體型的猛禽德魯伊可以可造成嚙咬（1d4）和2爪抓（1d4）的傷害。在這個型態之下，猛禽德魯伊可以正常說話，同時能隨意施展「動物交談」，但只限鳥類。	
CATEGORY=Special Ability|Eagle Shaman ~ Totemic Summons.MOD	OUTPUTNAME:圖騰召喚－禽之呼喚（Totemic Summons）	DESC:.CLEAR	DESC:5級時，在召喚鷹、鵬鳥和巨鷹時（猛禽德魯伊在4級召喚動物可選表格中加入巨鷹），猛禽德魯伊可以用一個標準動作施放召喚自然盟友，被召喚出來的鳥類得到相當於其德魯伊等級的額外生命值。除此之外，這個能力和巨熊德魯伊的熊之呼喚相同。此能力取代千面萬象。	
CATEGORY=Special Ability|Eagle Shaman ~ Wild Shape.MOD	OUTPUTNAME:自然變身（Wild Shape）	DESC:.CLEAR	DESC:猛禽德魯伊在6級的時候習得自然變身，其自然變身有效等級為「猛禽德魯伊等級-2」。但是在變成鷹或大鵬的時候，有效德魯伊等級為「猛禽德魯伊等級+2」。	
CATEGORY=Special Ability|Lion Shaman ~ Nature Bond.MOD	OUTPUTNAME:自然紐帶（Nature Bond）	DESC:.CLEAR	DESC:雄獅德魯伊動物夥伴只能選擇獅子，如果他選擇了領域能力，他必須從以下幾個領域中挑選：動物、榮耀、高貴和太陽。	
CATEGORY=Special Ability|Lion Shaman ~ Wild Empathy.MOD	OUTPUTNAME:野性認同（Wild Empathy）	DESC:.CLEAR	DESC:雄獅德魯伊可以用一個整輪動作對貓科動物使用野性認同，且有+4的加值。	
CATEGORY=Special Ability|Lion Shaman ~ Totem Transformation.MOD	OUTPUTNAME:圖騰轉化－獅之心（Totem Transformation）	DESC:.CLEAR	DESC:2級時，雄獅德魯伊可以模擬貓科動物一部分的力量，除了效果不同之外，這個能力其他部分和巨熊德魯伊的熊之心相同。速度：得到20尺陸地移動速度的增強加值。感官：昏暗視覺、靈敏嗅覺。爪牙：中體型的雄獅德魯伊得到嚙咬（1d4），2爪抓（1d4），耙抓（Rake）能力，擒抱CMB+2加值。在這個型態之下，雄獅德魯伊可以正常說話，同時能隨意施展「動物交談」，但只限貓科。	
CATEGORY=Special Ability|Lion Shaman ~ Totemic Summons.MOD	OUTPUTNAME:圖騰召喚－獅之呼喚（Totemic Summons）	DESC:.CLEAR	DESC:5級時，在召喚貓科動物的時候，雄獅德魯伊可以用一個標準動作施放召喚自然盟友，被召喚出來的貓科動物得到相當於其德魯伊等級的額外生命值。除此之外，這個能力和巨熊德魯伊的熊之呼喚相同。這個能力取代千面萬象。	
CATEGORY=Special Ability|Lion Shaman ~ Wild Shape.MOD	OUTPUTNAME:自然變身（Wild Shape）	DESC:.CLEAR	DESC:雄獅德魯伊在6級的時候習得自然變身，其自然變身有效等級為「雄獅德魯伊等級-2」。但是在變成貓科動物的時候，有效德魯伊等級為「雄獅德魯伊等級+2」。	
CATEGORY=Special Ability|Serpent Shaman ~ Nature Bond.MOD	OUTPUTNAME:自然紐帶（Nature Bond）	DESC:.CLEAR	DESC:狡蛇德魯伊動物夥伴只能選擇蛇，如果他選擇了領域能力，他必須從以下幾個領域中挑選：動物、魅力、詭術和水。	
CATEGORY=Special Ability|Serpent Shaman ~ Wild Empathy.MOD	OUTPUTNAME:野性認同（Wild Empathy）	DESC:.CLEAR	DESC:狡蛇德魯伊可以用一個整輪動作對爬蟲類生物使用野性認同，且有+4的加值。	
CATEGORY=Special Ability|Serpent Shaman ~ Totem Transformation.MOD	OUTPUTNAME:圖騰轉化－蛇之心（Totem Transformation）	DESC:.CLEAR	DESC:2級時，狡蛇德魯伊可以模擬蛇一部分的力量，除了效果不同之外，這個能力其他部分和巨熊德魯伊的熊之心相同。速度：20尺攀爬和20尺游泳。鱗片：+2天生護甲加值。感官：昏暗視覺、靈敏嗅覺。毒牙：中體型的德魯伊得到嚙咬（1d4，附加毒素，每1輪發作，持續6輪，1點體質傷害，1次豁免治癒，DC基於體質），此外還得到+2擒抱加值。在這個型態之下，狡蛇德魯伊可以正常說話，同時能隨意施展「動物交談」，但只限爬蟲類。	
CATEGORY=Special Ability|Serpent Shaman ~ Totemic Summons.MOD	OUTPUTNAME:圖騰召喚－毒蛇呼喚（Totemic Summons）	DESC:.CLEAR	DESC:5級時，在召喚蛇類的時候，狡蛇德魯伊可以用一個標準動作施放召喚自然盟友，被召喚出來的蛇類得到相當於其德魯伊等級的額外生命值。除此之外，這個能力和巨熊德魯伊的熊之呼喚相同。這個能力取代千面萬象。	
CATEGORY=Special Ability|Serpent Shaman ~ Wild Shape.MOD	OUTPUTNAME:自然變身（Wild Shape）	DESC:.CLEAR	DESC:狡蛇德魯伊在6級的時候習得自然變身，其自然變身有效等級為「狡蛇德魯伊等級-2」。但是在變成蛇類動物的時候，有效德魯伊等級為「狡蛇德魯伊等級+2」。	
CATEGORY=Special Ability|Wolf Shaman ~ Nature Bond.MOD	OUTPUTNAME:自然紐帶（Nature Bond）	DESC:.CLEAR	DESC:孤狼德魯伊動物夥伴只能選擇狼，如果他選擇了領域能力，他必須從以下幾個領域中挑選：動物、團隊、解放和旅行。	
CATEGORY=Special Ability|Wolf Shaman ~ Wild Empathy.MOD	OUTPUTNAME:野性認同（Wild Empathy）	DESC:.CLEAR	DESC:孤狼德魯伊可以用一個整輪動作對犬科動物使用野性認同，且有+4的加值。	
CATEGORY=Special Ability|Wolf Shaman ~ Totem Transformation.MOD	OUTPUTNAME:圖騰轉化－狼之心（Totem Transformation）	DESC:.CLEAR	DESC:2級時，孤狼德魯伊可以模擬狼一部分的力量，除了效果不同之外，這個能力其他部分和巨熊德魯伊的熊之心相同。速度：陸地移動獲得20尺增強加值。感官：昏暗視覺、靈敏嗅覺；當以嗅覺進行追跡的時候生存檢定得到+4種族加值。狼牙：中體型孤狼德魯伊得到嚙咬（1d4，附加絆摔），同時在絆摔他人時得到+2的戰技加值。在這個型態之下，孤狼德魯伊可以正常說話，同時能隨意施展「動物交談」，但只限犬科。	
CATEGORY=Special Ability|Wolf Shaman ~ Totemic Summons.MOD	OUTPUTNAME:圖騰召喚－群狼呼喚（Totemic Summons）	DESC:.CLEAR	DESC:5級時，在召喚犬科動物的時候，孤狼德魯伊可以用一個標準動作施放召喚自然盟友，被召喚出來的犬群得到相當於其德魯伊等級的額外生命值。除此之外，這個能力和巨熊德魯伊的熊之呼喚相同。這個能力取代千面萬象。	
CATEGORY=Special Ability|Wolf Shaman ~ Wild Shape.MOD	OUTPUTNAME:自然變身（Wild Shape）	DESC:.CLEAR	DESC:孤狼德魯伊在6級的時候習得自然變身，其自然變身有效等級為「孤狼德魯伊等級-2」。但是在變成犬科的時候，有效德魯伊等級為「孤狼德魯伊等級+2」。	
CATEGORY=Special Ability|Feral Child ~ Illiteracy.MOD	OUTPUTNAME:文盲（Illiteracy）	DESC:.CLEAR	DESC:1級起，野孩子無法讀寫，儘管她可以通過在語言學投入1點技能點習得。她無法自動獲得德魯伊語，同時也不會把木族語加入額外語言。	
CATEGORY=Special Ability|Feral Child ~ Improved Unarmed Strike.MOD	OUTPUTNAME:精通徒手擊打（Improved Unarmed Strike）	DESC:.CLEAR	DESC:1級起，野孩子獲得「精通徒手打擊」作為額外專長。	
CATEGORY=Special Ability|Feral Child ~ Beast Family.MOD	OUTPUTNAME:野獸家族（Beast Family）	DESC:.CLEAR	DESC:1級起，野孩子需要指定一類特定的動物作為養育她的生物。針對這類動物，野孩子在馴養動物檢定以及使用【野性認同】職業能力時獲得+2環境加值，同時她可以與它們交談、如同不間斷地以類法術能力使用『動物交談』，儘管實質上並非魔法能力。	
CATEGORY=Special Ability|Feral Child ~ Nature Bond.MOD	OUTPUTNAME:自然紐帶（Nature Bond）	DESC:.CLEAR	DESC:1級起，野孩子必須選擇動物夥伴作為【自然紐帶】。	
CATEGORY=Special Ability|Feral Child ~ Favored Terrain.MOD	OUTPUTNAME:偏好地形（Favored Terrain）	DESC:.CLEAR	DESC:3級起，野孩子獲得【偏好地形】能力，如同她職業是遊俠一樣。野孩子無法選擇都市作為偏好地形。該能力取代無蹤步以及千面萬相。	
CATEGORY=Special Ability|Feral Child ~ Native Cunning.MOD	OUTPUTNAME:原生狡詐（Native Cunning）	DESC:.CLEAR	DESC:3級起，野孩子如同同等級別的野蠻人一般獲得【陷阱感知】能力。同時在她的偏好地形，她可以在進入陷阱10尺範圍內立刻進行察覺檢定試圖發現該陷阱，就如同【陷阱嗅覺（Trap Spotter）】盜賊天賦。此外在3級以及之後每3級，她可以選擇一個戰技，並將等同於她【陷阱感知】的加值加到對抗該戰技的CMD上。該能力取代自然變身。	
CATEGORY=Special Ability|Feral Child ~ Native Fortitude.MOD	OUTPUTNAME:原生堅毅（Native Fortitude）	DESC:.CLEAR	DESC:4級起，野孩子對抗疾病、力竭、疲乏、恐懼與毒素的豁免檢定+1。當她在偏好地形時，他在這些狀態的豁免檢定上獲得偏好地形加值替代+1。她在恢復屬性傷害、以及從力竭或疲乏中恢復的速度是通常的兩倍。該能力取代抗自然誘惑。	
CATEGORY=Special Ability|Naga Aspirant ~ Aspirant's Bond.MOD	OUTPUTNAME:候選者之紐帶（Aspirant's Bond）	DESC:.CLEAR	DESC:娜迦候選者與娜迦所崇拜的蛇神之間形成了一種精神聯繫。1級起，以及每當她獲得德魯伊等級時，都可以將一個下列法術加入到她的德魯伊法術列表中。該能力取代轉換召喚自然盟友法術的自發施法。	
CATEGORY=Special Ability|Naga Aspirant ~ Aspirant's Enlightenment.MOD	OUTPUTNAME:候選者之啟示（Aspirant's Enlightenment）	DESC:.CLEAR	DESC:4級起，娜迦候選者在對抗娜迦的毒素、超自然能力以及類法術能力時，豁免檢定獲得+4加值。該能力取代抗自然誘惑。	
CATEGORY=Special Ability|Naga Aspirant ~ Naga Shape.MOD	OUTPUTNAME:娜迦變身（Naga Shape）	DESC:.CLEAR	DESC:6級起，娜迦候選者能夠使用她的【自然變身】能力（如常在4級獲得）呈現出真娜迦的形態。除了下列不同點之外，該效果的作用方式與『形體變化（shapechange）』法術類似。真娜迦形態是獨一無二的，這代表了她個人的進化。在娜迦形態下，除了娜迦裔的頭部以外，整個身體變化為一條大蛇。娜迦候選者失去了她的四肢並且體型增大一級，這使她的力量以及體質獲得+4體型加值，敏捷受到-2減值，並且使她的天生防禦加值獲得+2增強加值。她的陸上速度獲得+10尺增強加值，同時獲得嚙咬攻擊，可以造成1d6點傷害。她可以在這種形態下能夠施展只有語言成分的法術，但是不借助超魔或者「自然施法」之類的專長，就不能施展有其他成分的法術。該能力在其他方面如同自然變身一般運作並取代之。	
CATEGORY=Special Ability|Naga Aspirant ~ Augmented Form.MOD	OUTPUTNAME:增強形態（Augmented Form）	DESC:.CLEAR	DESC:9級以及之後的每4個等級，娜迦候選者能夠選擇下列能力增強她的娜迦形態。一旦選擇就無法改變，並且永遠作用於她的娜迦形態上。這些能力的施法者等級等同於她的德魯伊等級，並且除非另有說明，豁免DC等同於「10+1/2德魯伊等級+魅力修正」。該能力取代毒免疫，千面萬相以及不老身軀。	
CATEGORY=Special Ability|Naga Aspirant ~ True Naga.MOD	OUTPUTNAME:真娜迦（True Naga）	DESC:.CLEAR	DESC:20級時，娜迦候選者變為一名獨特的娜迦。雖然她能夠隨意變為她曾經的娜迦裔的樣貌，不過她的【自然變身】形態成為了她的自然常駐形態。她的生物類型永遠變為異怪類。該能力取代任意自然變身。	
CATEGORY=Special Ability|Augmented Form ~ Charming Gaze.MOD	OUTPUTNAME:魅惑凝視（Charming Gaze）	DESC:.CLEAR	DESC:德魯伊獲得凝視攻擊，能夠如同『魅惑人類』一般影響30尺內的生物。	
CATEGORY=Special Ability|Augmented Form ~ Darkvision.MOD	OUTPUTNAME:黑暗視覺（Darkvision）	DESC:.CLEAR	DESC:德魯伊獲得60尺黑暗視覺。	
CATEGORY=Special Ability|Augmented Form ~ Detect Thoughts.MOD	OUTPUTNAME:偵測思想（Detect Thoughts）	DESC:.CLEAR	DESC:德魯伊能夠隨意使用『偵測思想』。	
CATEGORY=Special Ability|Augmented Form ~ Guarded Thoughts.MOD	OUTPUTNAME:保衛思想（Guarded Thoughts）	DESC:.CLEAR	DESC:德魯伊在豁免任何〔魅惑〕效果時獲得+2種族加值，並且免疫任何形式的讀心能力（比如『偵測思想』）。	
CATEGORY=Special Ability|Augmented Form ~ Poison Immunity.MOD	OUTPUTNAME:毒免疫（Poison Immunity）	DESC:.CLEAR	DESC:德魯伊免疫任何毒素。德魯伊的娜迦形態必須至少擁有一種基於毒素的天生攻擊才能選擇該能力。	
CATEGORY=Special Ability|Augmented Form ~ Poisonous Sting.MOD	OUTPUTNAME:毒刺（Poisonous Sting）	DESC:.CLEAR	DESC:德魯伊的蜇刺變得具有毒性。德魯伊的娜迦形態必須擁有尾刺才能選擇該能力。毒刺：傷口；強韌豁免DC：「10+1/2德魯伊等級+體質修正」；發作頻率：1輪；效果：睡眠2d4分鐘；治癒：1次豁免。	
CATEGORY=Special Ability|Augmented Form ~ Spit Venom.MOD	OUTPUTNAME:噴毒（Spit Venom）	DESC:.CLEAR	DESC:娜迦形態能夠以一個標準動作噴出毒液，最遠噴出30尺。這是遠程接觸攻擊並且沒有射程增量。任何被該攻擊命中的敵人必須成功豁免（見後文）以避免毒素的影響。娜迦形態必須擁有【毒性嚙咬】才能選擇該能力。	
CATEGORY=Special Ability|Augmented Form ~ Sting.MOD	OUTPUTNAME:尾刺（Sting）	DESC:.CLEAR	DESC:娜迦形態的尾巴尖端長出了尖刺，這使得她獲得尾刺天生攻擊，能夠造成1d6點穿刺傷害。	
CATEGORY=Special Ability|Augmented Form ~ Swim.MOD	OUTPUTNAME:游泳（Swim）	DESC:.CLEAR	DESC:娜迦形態獲得等同於她的基本速度的游泳速度。	
CATEGORY=Special Ability|Augmented Form ~ Tough Scales.MOD	OUTPUTNAME:堅韌鱗片（Tough Scales）	DESC:.CLEAR	DESC:德魯伊的AC天生防禦獲得+2增強加值。德魯伊能夠多次選擇該能力，其效果疊加。	
CATEGORY=Special Ability|Augmented Form ~ Venomous Bite.MOD	OUTPUTNAME:毒性嚙咬（Venomous Bite）	DESC:.CLEAR	DESC:娜迦形態的嚙咬攻擊變得具有毒性。嚙咬：傷口；強韌豁免DC：「10+1/2德魯伊等級+體質修正」；發作頻率：1輪，持續6輪；效果：1點體質傷害；治癒：1次豁免。	
CATEGORY=Special Ability|Sky Druid ~ Nature Bond.MOD	OUTPUTNAME:自然紐帶（Nature Bond）	DESC:.CLEAR	DESC:1級起，天空德魯伊必須選擇擁有飛行速度的動物作為動物夥伴。如果德魯伊選擇領域作為自然紐帶，則必須在氣、動物、解放、天氣領域以及這些領域的子域中選擇。	
CATEGORY=Special Ability|Sky Druid ~ Sky's Embrace.MOD	OUTPUTNAME:天空之擁（Sky's Embrace）	DESC:.CLEAR	DESC:2級起，天空德魯伊不再受到墜落傷害，就彷彿她永遠受到『羽落術』影響一般。此外，無論她是否擁有飛行速度都可以在飛行技能中投入點數，並且可以在跳躍時使用飛行技能替代特技技能。該能力取代穿林。	
CATEGORY=Special Ability|Sky Druid ~ Resist Storm.MOD	OUTPUTNAME:忍耐風暴（Resist Storm）	DESC:.CLEAR	DESC:4級起，天空德魯伊在對抗帶有〔氣〕與〔閃電〕描述符的法術以及控制或修改天氣的效果（如『雪風暴』）時，豁免檢定獲得+4加值。該能力取代抗自然誘惑。	
CATEGORY=Special Ability|Sky Druid ~ Skymaster.MOD	OUTPUTNAME:天空之主（Skymaster）	DESC:.CLEAR	DESC:5級起，天空德魯伊可以使用『飛行術（僅限自身）』，每日最多可以使用的分鐘數等同於她的德魯伊等級。這些時間不必連續。該能力取代無蹤步。	
CATEGORY=Special Ability|Sky Druid ~ Wild Shape.MOD	OUTPUTNAME:自然變身（Wild Shape）	DESC:.CLEAR	DESC:6級起，天空德魯伊獲得使用【自然變身】的能力。若天空德魯伊變身為擁有飛行速度的生物，那麼在決定該能力的效果時視為比她的職業等級高1級。而對所有其他形態來說，她的有效德魯伊等級等同於其天空德魯伊等級。該能力在其他方面同自然變身並取代之。	
CATEGORY=Special Ability|Sky Druid ~ Soaring Form.MOD	OUTPUTNAME:飛昇形態（Soaring Form）	DESC:.CLEAR	DESC:9級起，天空德魯伊不再受到高原反應以及自然或魔法性質的風所影響。該能力取代毒免疫。	
CATEGORY=Special Ability|Sky Druid ~ Into the Wild Blue.MOD	OUTPUTNAME:融入藍天（Into the Wild Blue）	DESC:.CLEAR	DESC:13級起，天空德魯伊獲得兩倍於她地面基本速度的飛行速度（機動性良好）。該能力取代千面萬象。	
CATEGORY=Special Ability|Treesinger ~ Plant Bond.MOD	OUTPUTNAME:植物紐帶（Plant Bond）	DESC:.CLEAR	DESC:1級時，樹之歌者與植物產生了一種神秘的聯繫。這一聯繫可以選擇以下兩種形式之一。植物紐帶取代德魯伊的自然紐帶。第一種賦予樹之歌者以下領域之一：植物（Plant），生長（Growth, APG子域）；叢林（Jungle, UM德魯伊領域），沼澤（Swamp, UM德魯伊領域）。當決定這些領域賦予的能力和獎勵法術時，樹之歌者的有效牧師等級等於其德魯伊等級。選擇此選項的樹之歌者還可以如同牧師一般獲得額外的領域法術位。她必須用該法術位準備其領域法術，且該法術位不能用於自發施法。第二種選擇是建立與一名植物夥伴的聯繫。一名樹之歌者可以在開始時選擇植物夥伴列表中的任何一個植物。該植物是一名忠實的夥伴，並會在冒險中陪伴樹之歌者。除了在夥伴列表中該夥伴的生物類型為植物，這一能力在其他方面如同標準德魯伊的動物夥伴能力般運作。	
CATEGORY=Special Ability|Treesinger ~ Green Empathy.MOD	OUTPUTNAME:蒼翠認同（Green Empathy）	DESC:.CLEAR	DESC:1級時，樹之歌者可以改變植物的態度。這一能力功能如同使用交涉檢定影響人物的態度。「1d20+德魯伊等級+魅力修正」即為【蒼翠認同】的結果。一般植物的初始態度是冷淡。使用此能力時，在一般情況下，樹之歌者和植物彼此距離不能超過30尺。一般而言，影響動物需要1分鐘，但如同影響人物一樣，實際需要時間可能會更長或更短。樹之歌者也可以影響動物，但是她在檢定上承受-4減值。這一能力取代野性認同。	
CATEGORY=Special Ability|Treesinger ~ Wild Shape.MOD	OUTPUTNAME:自然變身（Wild Shape）	DESC:.CLEAR	DESC:4級時，樹之歌者獲得【自然變身】能力。這一能力使用她的當前德魯伊等級運作。樹之歌者不能變身成動物形態或元素形態。取而代之的是，當她在4級時獲得該能力，她可以如同『植物形態I』般變成小型或中型植物，但不會獲得其中的「緊勒」或「毒素」能力；8級時，樹之歌者的自然變身獲得『植物形態I』的全部效果；10級時，樹之歌者可以如同『植物形態II』般變為大型或超小型植物；12級時，樹之歌者可以如同『植物形態III』般變為超大型植物。這一能力在其他方面如同標準德魯伊的自然變身般運作，並取代之。	
CATEGORY=Special Ability|Undine Adept ~ Domains.MOD	OUTPUTNAME:領域（Domains）	DESC:.CLEAR	DESC:水裔守護者若選擇領域，必須選擇團隊領域、水領域或者這些領域的子域。	
CATEGORY=Special Ability|Undine Adept ~ Amphibious.MOD	OUTPUTNAME:兩棲（Amphibious）	DESC:.CLEAR	DESC:2級起，水裔守護者獲得水棲亞種以及「兩棲」怪物特性，這使得她能夠在水或者空氣中呼吸。該能力取代穿林。	
CATEGORY=Special Ability|Undine Adept ~ Augment Summoning.MOD	OUTPUTNAME:增強召喚（Augment Summoning）	DESC:.CLEAR	DESC:3級起，水裔守護者使用『召喚怪物』以及『召喚自然盟友』法術時，所有由她們召喚出的帶有水系亞種的生物都會獲得「增強召喚」專長的好處。該能力取代無蹤步。	
CATEGORY=Special Ability|Undine Adept ~ Resist Water's Call.MOD	OUTPUTNAME:抵抗水之呼喚（Resist Water's Call）	DESC:.CLEAR	DESC:4級起，水裔守護者在對抗帶有水棲或水系亞種的異界生物與精類生物施放的類法術能力、超自然能力時豁免+4，並且在對抗帶有〔水〕描述符的法術時同樣豁免+4。該能力取代抗自然誘惑。	
CATEGORY=Special Ability|Undine Adept ~ Wild Shape.MOD	OUTPUTNAME:自然變身（Wild Shape）	DESC:.CLEAR	DESC:6級起，水裔守護者獲得使用【自然變身】的能力。若她變身為帶有水棲或水系亞種的生物的形態，那麼在決定該能力的效果時視為比她的職業等級高1級。而對所有其他形態來說，她的有效德魯伊等級等同於其水裔守護者等級。該能力在其他方面同自然變身並取代之。	
CATEGORY=Special Ability|Undine Adept ~ Commune with Water Spirits.MOD	OUTPUTNAME:水魂交談（Commune with Water Spirits）	DESC:.CLEAR	DESC:9級起，水裔守護者將『通神術』加入她的德魯伊法術列表。無論她信仰神祇還是元素之力，均可以使用該法術。該能力取代毒免疫。	
CATEGORY=Special Ability|Menhir Savant ~ Spirit Sense.MOD	OUTPUTNAME:靈場感知（Spirit Sense）	DESC:.CLEAR	DESC:1級時，巨石賢者可以偵測不死生物、精類生物、異界生物、星界體、靈體或隱型的生物。此能力的效果類似偵測不死生物，不過德魯伊會一次探知到全部上述的生物，而不是只探測一種。此能力取代自然智識和野性認同。	
CATEGORY=Special Ability|Menhir Savant ~ Place Magic.MOD	OUTPUTNAME:地場魔法（Place Magic）	DESC:.CLEAR	DESC:2級時，巨石賢者可以在各種地形找出萊線並與之作出聯結。以一個自由動作，他可以和萊線連結並使他在這輪內的有效施法者等級提升1級，他每日可以使用此能力的次數等於「3+感知修正」。此能力取代穿林和無蹤步。	
CATEGORY=Special Ability|Menhir Savant ~ Walk the Lines.MOD	OUTPUTNAME:結點跳躍（Walk the Lines）	DESC:.CLEAR	DESC:9級時，巨石賢者可以利用他和萊線的連結施展「木遁術」，每日可使用次數相當於他的感知修正。	
CATEGORY=Special Ability|Menhir Savant ~ Empty Body.MOD	OUTPUTNAME:空靈體（Empty Body）	DESC:.CLEAR	DESC:13級，巨石賢者可以用一個標準動作進入靈界，效果如同「幻化靈體」。他每天可以使用此能力的輪數等同於他的德魯伊等級，這些輪數不須連續。此能力取代千面萬象。	
CATEGORY=Special Ability|Mooncaller ~ Resist Call of the Wild.MOD	OUTPUTNAME:抵抗野性呼喚（Resist Call of the Wild）	DESC:.CLEAR	DESC:4級時，喚月者在對抗困惑、暈眩、弱智和心智失常效果時得到+4加值。此外，他還對變形生物的特異、類法術和超自然能力得到+4的豁免加值。此能力取代抗自然誘惑。	
CATEGORY=Special Ability|Mooncaller ~ Purity of Body.MOD	OUTPUTNAME:純淨之軀（Purity of Body）	DESC:.CLEAR	DESC:9級時，喚月者免疫所有疾病，包括魔法和超自然疾病。此能力取代毒素免疫。	
CATEGORY=Special Ability|Mooncaller ~ Wolfsbane.MOD	OUTPUTNAME:狼魂（Wolfsbane）	DESC:.CLEAR	DESC:13級時，喚月者得到傷害減免「3/銀」，此傷害減免在16級上升到4，19級上升到5。此能力取代千面萬象。	
CATEGORY=Special Ability|Pack Lord ~ Pack Bond.MOD	OUTPUTNAME:獸群連結（Pack Bond）	DESC:.CLEAR	DESC:獸王的自然紐帶只能選擇動物，並在對他動物夥伴的野性認同和馴養動物檢定上得到+2加值。獸王能同時擁有一隻以上的動物夥伴，不過他必須分配他的德魯伊等效等級來決定他的動物夥伴能力。當等級提升時他必須決定如何分配強化他的動物夥伴能力（包括選擇一隻新的1級動物夥伴）。一旦德魯伊等級分配到一隻動物夥伴上，那在這只動物夥伴仍為獸王服務期間這一分配就無法更改（他必須釋放這只動物夥伴或者是等它死後再將德魯伊等級分配到其他動物夥伴身上），動物夥伴的法術共享能力無法讓獸王用一個法術對他所有的動物夥伴生效。此能力取代自然紐帶。	
CATEGORY=Special Ability|Pack Lord ~ Improved Empathic Link.MOD	OUTPUTNAME:精通情感連結（Improved Empathic Link）	DESC:.CLEAR	DESC:獸王對他所有的動物夥伴得到「情感連結」的效果，效果如同同名能力。此外，以一個迅捷動作，獸王可以透過他動物夥伴的鏈接分享對方的視覺、聽覺、嗅覺還有其他感受。只要他和動物夥伴在一里內他就可以隨意使用此能力，結束此效果是一個自由動作。當他透過動物夥伴感官觀察的時候，他沒有辦法感覺自己週遭的事物。獸王一次只能對一個動物夥伴使用此能力。此能力取代6級額外的自然變身次數。	
CATEGORY=Special Ability|Reincarnated Druid ~ Mysterious Stranger.MOD	OUTPUTNAME:神秘來客（Mysterious Stranger）	DESC:.CLEAR	DESC:2級時，其他人在瞭解重生者的察言觀色、交涉和知識檢定需加上重生者等級的一半。此能力取代穿林。	
CATEGORY=Special Ability|Reincarnated Druid ~ Resist Death's Touch.MOD	OUTPUTNAME:抵抗死亡觸摸（Resist Death's Touch）	DESC:.CLEAR	DESC:4級時，重生者在對抗即死效果、能量吸取、死靈學派法術效果、瀕死時穩定傷勢檢定中得到+4的加值。此能力取代穿林。	
CATEGORY=Special Ability|Reincarnated Druid ~ Many Lives.MOD	OUTPUTNAME:轉世重生（Many Lives）	DESC:.CLEAR	DESC:5級時，當重生者死亡，他將在一天後自動被「轉生術」復活，轉生者會出現在離他先前身軀一里內的安全地點。在之後的七天中，他可以探知他之前的遺體，就如同以類法術能力施展的「探測物品」。如果他在這七天中被殺死，那麼他仍會死亡，而且不會重生。轉世重生不會作用在被即死效果殺死的重生者身上。重生者不能被復活也無法被復生，不過他可以受到「轉生術」影響。	
CATEGORY=Special Ability|Reincarnated Druid ~ Cheat Death.MOD	OUTPUTNAME:瞞騙死亡（Cheat Death）	DESC:.CLEAR	DESC:9級時，每日1次，重生者可以在結果宣佈前重骰對即死效果、能量吸取、死靈學派法術效果、瀕死時穩定傷勢檢定的擲骰。他必須接受擲骰的結果，即便比之前更糟。此能力取代毒素免疫。	
CATEGORY=Special Ability|Reincarnated Druid ~ Tongue of the Sun and Moon.MOD	OUTPUTNAME:天語通（Tongue of the Sun and Moon）	DESC:.CLEAR	DESC:15級時，重生者可以和任何活物溝通。此效果取代不老身軀。	
CATEGORY=Special Ability|Storm Druid ~ Spontaneous Domain Casting.MOD	OUTPUTNAME:領域法術轉換（Spontaneous Domain Casting）	DESC:.CLEAR	DESC:暴風之主可以把已經準備好的法術轉化為領域法術，他可以失去一個已經準備好的法術以施展同級或更低等級的領域法術。此能力取代自發施法。	
CATEGORY=Special Ability|Storm Druid ~ Nature's Bond.MOD	OUTPUTNAME:自然紐帶（Nature's Bond）	DESC:.CLEAR	DESC:暴風之主無法選擇動物夥伴，他必須從氣、天候領域或以下的子領域：雲、風暴、風中選取一個領域作為他的自然紐帶。	
CATEGORY=Special Ability|Storm Druid ~ Windwalker.MOD	OUTPUTNAME:風行者（Windwalker）	DESC:.CLEAR	DESC:2級時，自然或魔法所起風其效性對暴風之主來說降低一級，此能力取代穿林。	
CATEGORY=Special Ability|Storm Druid ~ Stormvoice.MOD	OUTPUTNAME:傳聲（Stormvoice）	DESC:.CLEAR	DESC:3級時，暴風之主的聲音可以如魔法般的穿越風暴和閃電。如果他希望，在這類效果下，對方聽到暴風之主聲音察覺檢定其DC降低相當暴風之主的等級。此能力取代無蹤步。	
CATEGORY=Special Ability|Storm Druid ~ Eyes of the Storm.MOD	OUTPUTNAME:暴風眼（Eyes of the Storm）	DESC:.CLEAR	DESC:4級時，暴風之主可以看透10尺的魔法迷霧、煙霧、氣團、風雨或類似的天氣效應，忽略任何其所可能造成的遮蔽，在之後的每四級，此效果距離增加五尺。此能力取代抗自然誘惑。	
CATEGORY=Special Ability|Storm Druid ~ Windlord.MOD	OUTPUTNAME:風王（Windlord）	DESC:.CLEAR	DESC:9級時，暴風之主可以額外選擇一個他自然紐帶提供的領域或子領域。此能力取代毒素免疫。	
CATEGORY=Special Ability|Storm Druid ~ Storm Lord.MOD	OUTPUTNAME:風暴之君（Storm Lord）	DESC:.CLEAR	DESC:13級時，暴風之主不會被自然或魔法效應產生的風影響，免疫耳聾，並在對抗聲音的豁免檢定上得到+2的加值。此能力取代千面萬象。	
CATEGORY=Special Ability|Dragon Shaman ~ Nature's Bond.MOD	OUTPUTNAME:自然紐帶（Nature's Bond）	DESC:.CLEAR	DESC:龍形德魯伊德魯伊動物夥伴只能選擇蜥蜴，如果他選擇了領域能力，他必須從以下幾個領域中挑選：風、動物、土、火、戰爭、水。	
CATEGORY=Special Ability|Dragon Shaman ~ Wild Empathy.MOD	OUTPUTNAME:野性認同（Wild Empathy）	DESC:.CLEAR	DESC:龍形德魯伊可以用一個整輪動作對蜥蜴使用野性認同，且有+4的加值。	
CATEGORY=Special Ability|Dragon Shaman ~ Totem Transformation.MOD	OUTPUTNAME:圖騰轉化－龍之心（Totem Transformation）	DESC:.CLEAR	DESC:2級時，龍形德魯伊可以用他正常的形體模擬出龍的一個面像，他可以選擇以下的加值之一：速度：30尺機動力為普通的飛行速度，龍形德魯伊必須要到5級才能選取這個能力。感官：昏暗視覺，+4察覺種族加值。堅韌：AC+2天生護甲加值，同時得到堅忍專長。爪牙：中體型的龍形德魯伊得到嚙咬（1d6）和2爪抓（1d4），同時擒抱CMB得到+2加值。在這個型態之下，龍形德魯伊可以正常說話，且能隨意施展「動物交談」，但是僅限蜥蜴。2級時，進入龍之心狀態是一個標準動作，7級變成移動等效動作，12級則變成迅捷動作。他每天能進入龍之心狀態的分鐘數等同於他的德魯伊等級，時間不需要連續，但每次啟動至少會消耗1分鐘的使用時間。這個能力是變形效果，不會和其他與變形有關的效果疊加，例如自然變身。	
CATEGORY=Special Ability|Dragon Shaman ~ Totemic Summons.MOD	OUTPUTNAME:圖騰召喚－龍之呼喚（Totemic Summons）	DESC:.CLEAR	DESC:5級時，在召喚蜥蜴時龍形德魯伊可以用標準動作施展「召喚自然盟友」，被召喚出來的蜥蜴得到相當於龍形德魯伊等級的額外生命加值。龍形德魯伊可以召喚較年輕的版本以降低召喚法術的等級1級，他也可以增加召喚法術等級1級以召喚擁有進化或巨大模板（advanced and giant templates）的蜥蜴，也可以增加2級以召喚同時具有兩個模版的版本。這個能力取代千面萬象。	
CATEGORY=Special Ability|Dragon Shaman ~ Wild Shape.MOD	OUTPUTNAME:自然變身（Wild Shape）	DESC:.CLEAR	DESC:龍形德魯伊在6級的時候習得自然變身，其自然變身有效等級為「龍形德魯伊等級-4」。但是在變成蜥蜴的時候，有效德魯伊等級為他的正常等級。	
CATEGORY=Special Ability|Dragon Shaman ~ Dragon Bite.MOD	OUTPUTNAME:龍咬（Dragon Bite）	DESC:.CLEAR	DESC:8級起，在龍形德魯伊始用嚙咬攻擊（無論來源是龍之心還是變成蜥蜴）時將附帶1d6點能量傷害（酸、火、冰、電）。此能力取代8級取得的額外自然變身。	
CATEGORY=Special Ability|Saurian Shaman ~ Nature Bond.MOD	OUTPUTNAME:自然紐帶（Nature Bond）	DESC:.CLEAR	DESC:原蜥德魯伊德魯伊動物夥伴只能選擇恐龍，如果他選擇了領域能力，他必須從以下幾個領域中挑選：動物、毀滅、火、戰爭。	
CATEGORY=Special Ability|Saurian Shaman ~ Wild Empathy.MOD	OUTPUTNAME:野性認同（Wild Empathy）	DESC:.CLEAR	DESC:原蜥德魯伊可以用一個整輪動作對恐龍使用野性認同，且有+4的加值。	
CATEGORY=Special Ability|Saurian Shaman ~ Totem Transformation.MOD	OUTPUTNAME:圖騰轉化－恐獸之心（Totem Transformation）	DESC:.CLEAR	DESC:2級時，原蜥德魯伊可以用他正常的形體模擬出恐龍的一個面像，他可以選擇以下的加值之一：速度：陸地移動速度獲得10尺增強加值。皮膚：+2天生護甲加值。感觀：昏暗視覺、靈敏嗅覺。爪牙：中體型的原蜥德魯伊得到嚙咬（1d6）和2爪抓（1d4），同時擒抱CMB得到+2加值並取得耙抓（Rake）能力。在這個型態之下，原蜥德魯伊可以正常說話，且能隨意施展「動物交談」，但是僅限恐龍。除此之外，此能力同龍形德魯伊的龍之心能力。	
CATEGORY=Special Ability|Saurian Shaman ~ Totemic Summons.MOD	OUTPUTNAME:圖騰召喚－恐龍呼喚（Totemic Summons）	DESC:.CLEAR	DESC:5級時，在召喚恐龍和爬蟲類時原蜥德魯伊可以用標準動作施展「召喚自然盟友」，被召喚出來的恐龍得到相當於原蜥德魯伊等級的額外生命加值。除此之外，此能力同龍形德魯伊的龍之呼喚能力。這個能力取代千面萬象。	
CATEGORY=Special Ability|Saurian Shaman ~ Wild Shape.MOD	OUTPUTNAME:自然變身（Wild Shape）	DESC:.CLEAR	DESC:原蜥德魯伊在6級的時候習得自然變身，其自然變身有效等級為「原蜥德魯伊等級-2」。但是在變成恐龍的時候，有效德魯伊等級為「原蜥德魯伊等級+2」。	
CATEGORY=Special Ability|Shark Shaman ~ Nature Bond.MOD	OUTPUTNAME:自然紐帶（Nature Bond）	DESC:.CLEAR	DESC:鯊魚德魯伊德魯伊動物夥伴只能選擇鯊魚，如果他選擇了領域能力，他必須從以下幾個領域中挑選：動物、死亡、戰爭和水。	
CATEGORY=Special Ability|Shark Shaman ~ Wild Empathy.MOD	OUTPUTNAME:野性認同（Wild Empathy）	DESC:.CLEAR	DESC:鯊魚德魯伊可以用一個整輪動作對鯊魚使用野性認同，且有+4的加值。	
CATEGORY=Special Ability|Shark Shaman ~ Totem Transformation.MOD	OUTPUTNAME:圖騰轉化－鯊之心（Totem Transformation）	DESC:.CLEAR	DESC:2級時，鯊魚德魯伊可以用他正常的形體模擬出鯊魚的一個面像，他可以選擇以下的加值之一：速度：水中呼吸，游泳速度30尺。感觀：30尺靈敏嗅覺，水下90尺。爪牙：中體型的鯊魚德魯伊得到嚙咬（1d6）。在這個型態之下，鯊魚德魯伊可以正常說話，且能隨意施展「動物交談」，但是僅限魚類。除此之外，此能力同龍形德魯伊的龍之心能力。	
CATEGORY=Special Ability|Shark Shaman ~ Totemic Summons.MOD	OUTPUTNAME:圖騰召喚－鯊之呼喚（Totemic Summons）	DESC:.CLEAR	DESC:5級時，在召喚鯊魚時鯊魚德魯伊可以用標準動作施展「召喚自然盟友」，被召喚出來的鯊魚得到相當於鯊魚德魯伊等級的額外生命加值。除此之外，此能力同龍形德魯伊的龍之呼喚能力。這個能力取代千面萬象。	
CATEGORY=Special Ability|Shark Shaman ~ Wild Shape.MOD	OUTPUTNAME:自然變身（Wild Shape）	DESC:.CLEAR	DESC:鯊魚德魯伊在6級的時候習得自然變身，其自然變身有效等級為「鯊魚德魯伊等級-2」。但是在變成鯊魚的時候，有效德魯伊等級為「鯊魚德魯伊等級+2」。	
CATEGORY=Special Ability|World Walker ~ Favored Terrain.MOD	OUTPUTNAME:偏好地形（Favored Terrain）	DESC:.CLEAR	DESC:3級時，世界旅者得到偏好地形職業能力，此能力同遊俠的同名能力，在計算加值時他以他的德魯伊等級作為遊俠等級。如果他在其他職業中得到偏好地形職業能力，則兩者等級疊加計算。此能力取代無蹤步和自然智識。	
CATEGORY=Special Ability|World Walker ~ Path of Trees.MOD	OUTPUTNAME:樹之捷徑（Path of Trees）	DESC:.CLEAR	DESC:9級時，每日1次，世界旅者可以進入一顆樹，然後從另外一顆同種的樹中現身。此能力如同「融身入林」，他在12級和15級會得到1次額外的使用次數；13級或更高的世界旅者可以藉此傳送到100裡內同種的樹內。此能力取代毒素免疫和不老身軀。	
CATEGORY=Special Ability|Ape Shaman ~ Nature Bond.MOD	OUTPUTNAME:自然紐帶（Nature Bond）	DESC:.CLEAR	DESC:狂猿德魯伊的動物夥伴只能選擇猿猴或其他類似的靈長類動物，如果他選擇了領域能力，他必須選擇動物、團隊（或家庭子域）、破壞（或狂怒子域）或力量領域。	
CATEGORY=Special Ability|Ape Shaman ~ Wild Empathy.MOD	OUTPUTNAME:野性認同（Wild Empathy）	DESC:.CLEAR	DESC:狂猿德魯伊可以用一個整輪動作對猿猴和其他靈長類使用野性認同，且有+4的加值。	
CATEGORY=Special Ability|Ape Shaman ~ Totem Transformation.MOD	OUTPUTNAME:圖騰轉化－猿之心（Totem Transformation）	DESC:.CLEAR	DESC:2級時，狂猿德魯伊可以用他正常的形體模擬出猿猴的一個面像，他可以選擇以下的加值之一：速度：20尺攀爬，攀爬檢定+4。感觀：昏暗視覺，靈敏嗅覺。外皮：+2天生護甲，堅忍專長。指爪：中體型的狂猿德魯伊得到2爪抓（1d6），同時擒抱CMB得到+2加值。在這個型態之下，狂猿德魯伊可以正常說話，且能隨意施展「動物交談」，但是僅限猿猴和靈長類。2級時，進入猿之心狀態是一個標準動作，7級變成移動等效動作，12級則變成迅捷動作。他每天能進入猿之心狀態的分鐘數等同於他的德魯伊等級，時間不需要連續，但每次啟動至少會消耗1分鐘的使用時間。這個能力是變形效果，不會和其他與變形有關的效果疊加，例如自然變身。	
CATEGORY=Special Ability|Ape Shaman ~ Totemic Summons.MOD	OUTPUTNAME:圖騰召喚－猿之呼喚（Totemic Summons）	DESC:.CLEAR	DESC:5級時，在召喚靈長類時，狂猿德魯伊可以用標準動作施展「召喚自然盟友」，被召喚出來的靈長類動物得到相當於狂猿德魯伊等級的額外生命加值。狂猿德魯伊可以召喚較年輕的版本以降低召喚法術的等級1級，他也可以增加召喚法術等級1級以召喚擁有進化或巨大模板（advanced and giant templates）的靈長類，也可以增加2級以召喚同時具有兩個模版的版本。這個能力取代千面萬象。	
CATEGORY=Special Ability|Ape Shaman ~ Wild Shape.MOD	OUTPUTNAME:自然變身（Wild Shape）	DESC:.CLEAR	DESC:狂猿德魯伊在6級的時候習得自然變身，其自然變身有效等級為「狂猿德魯伊等級-2」。但是在變成靈長類的時候，有效德魯伊等級為「狂猿德魯伊等級+2」。	
CATEGORY=Special Ability|Bat Shaman ~ Nature Bond.MOD	OUTPUTNAME:自然紐帶（Nature Bond）	DESC:.CLEAR	DESC:蝙蝠德魯伊的動物夥伴只能選擇蝙蝠，如果他選擇了領域能力，他必須選擇空氣、動物、黑暗（或夜子域）或詭術領域（或欺騙子域）。	
CATEGORY=Special Ability|Bat Shaman ~ Wild Empathy.MOD	OUTPUTNAME:野性認同（Wild Empathy）	DESC:.CLEAR	DESC:蝙蝠德魯伊可以用一個整輪動作對蝙蝠使用野性認同，且有+4的加值。	
CATEGORY=Special Ability|Bat Shaman ~ Totem Transformation.MOD	OUTPUTNAME:圖騰轉化－蝠之心（Totem Transformation）	DESC:.CLEAR	DESC:2級時，蝙蝠德魯伊可以用他正常的形體模擬出蝙蝠的一個面像，他可以選擇以下的加值之一：速度：30尺飛行，蝙蝠德魯伊必須達到5級才有辦法使用此能力。牙齒：中體型的蝙蝠德魯伊得到嚙咬（1d4）。感知：20尺盲感。在這個型態之下，蝙蝠德魯伊可以正常說話，且能隨意施展「動物交談」，但是僅限蝙蝠。除此之外，此能力同狂猿德魯伊的猿之心。	
CATEGORY=Special Ability|Bat Shaman ~ Totemic Summons.MOD	OUTPUTNAME:圖騰召喚－蝠之呼喚（Totemic Summons）	DESC:.CLEAR	DESC:5級時，在召喚蝙蝠時，蝙蝠德魯伊可以用標準動作施展「召喚自然盟友」，被召喚出來的蝙蝠得到相當於蝙蝠德魯伊等級的額外生命加值。除此之外，這個能力和狂猿德魯伊的猿之呼喚相同。這個能力取代千面萬象。	
CATEGORY=Special Ability|Bat Shaman ~ Wild Shape.MOD	OUTPUTNAME:自然變身（Wild Shape）	DESC:.CLEAR	DESC:蝙蝠德魯伊在6級的時候習得自然變身，其自然變身有效等級為「蝙蝠德魯伊等級-2」。但是在變成蝙蝠的時候，有效德魯伊等級為「蝙蝠德魯伊等級+2」。	
CATEGORY=Special Ability|Boar Shaman ~ Nature Bond.MOD	OUTPUTNAME:自然紐帶（Nature Bond）	DESC:.CLEAR	DESC:野豬德魯伊的動物夥伴只能選擇野豬，如果他選擇了領域能力，他必須選擇動物、毀滅（或狂怒子域）、保護或力量領域。	
CATEGORY=Special Ability|Boar Shaman ~ Wild Empathy.MOD	OUTPUTNAME:野性認同（Wild Empathy）	DESC:.CLEAR	DESC:野豬德魯伊可以用一個整輪動作對野豬使用野性認同，且有+4的加值。	
CATEGORY=Special Ability|Boar Shaman ~ Totem Transformation.MOD	OUTPUTNAME:圖騰轉化－豭之心（Totem Transformation）	DESC:.CLEAR	DESC:2級時，野豬德魯伊可以用他正常的形體模擬出野豬的一個面像，他可以選擇以下的加值之一：速度：路面移動速度得到10尺增強加值。感觀：昏暗視覺。衝撞：中體型野豬德魯伊得到抵撞（1d8），同時在闖越的戰技檢定上得到+2的加值。健壯：+2天生護甲，堅忍專長。在這個型態之下，野豬德魯伊可以正常說話，且能隨意施展「動物交談」，但是僅限野豬和同類生物。除此之外，此能力同狂猿德魯伊的猿之心。	
CATEGORY=Special Ability|Boar Shaman ~ Totemic Summons.MOD	OUTPUTNAME:圖騰召喚－豭之呼喚（Totemic Summons）	DESC:.CLEAR	DESC:5級時，在召喚野豬時德魯伊可以用標準動作施展「召喚自然盟友」，被召喚出來的野豬得到相當於德魯伊等級的額外生命加值。除此之外，這個能力和狂猿德魯伊的猿之呼喚相同。這個能力取代千面萬象。	
CATEGORY=Special Ability|Boar Shaman ~ Wild Shape.MOD	OUTPUTNAME:自然變身（Wild Shape）	DESC:.CLEAR	DESC:野豬德魯伊在6級的時候習得自然變身，其自然變身有效等級為「野豬德魯伊等級-2」。但是在變成野豬的時候，有效德魯伊等級為「野豬德魯伊等級+2」。	
CATEGORY=Special Ability|Feral Shifter ~ Animal Focus.MOD	OUTPUTNAME:動物之力（Animal Focus）	DESC:.CLEAR	DESC:1級起，以迅捷動作，野性承載者能夠展現出動物的某個方面，基於她所模擬的動物種類來獲得加值或者特殊能力。這與獵人的動物之力（Animal Focus）職業能力的功能相同。野性承載者每日能夠使用該能力的分鐘數等同於她的德魯伊等級。這些持續時間不必連續，但是必須以1分鐘為單位來使用。同一時間她既能夠模仿一種動物。該能力取代自然紐帶（Nature Bond）。	
CATEGORY=Special Ability|Feral Shifter ~ Second Animal Focus.MOD	OUTPUTNAME:第二動物之力（Second Animal Focus）	DESC:.CLEAR	DESC:9級起，當野性承載者使用她的動物之力能力時，能夠選擇兩種不同的動物面相以取代原本的一種。該能力取代毒素免疫（Venom Immunity）、千面萬相（A Thousand Faces）以及不老身軀（Timeless Body）。	
CATEGORY=Special Ability|Nature Fang ~ Studied Target.MOD	OUTPUTNAME:殺戮目標（Studied Target）	DESC:.CLEAR	DESC:1級起，自然之牙獲得殺手的殺戮目標職業能力。在5級以及之後每5個等級，自然之牙在對抗殺戮目標時的加值增加1點。與殺手不同，自然之牙在同一時間無法對1個以上的目標維持殺戮目標能力。該能力取代自然智識（Nature Sense）、野性認同（Wild Empathy）和穿林步（Woodland Stride）。	
CATEGORY=Special Ability|Nature Fang ~ Slayer Talent.MOD	OUTPUTNAME:殺手天賦（Slayer Talent）	DESC:.CLEAR	DESC:在4級以及之後每2個等級，自然之牙都可以選擇一個殺手天賦。12級起，她能夠選擇高等殺手天賦（Advanced Slayer Talents）。在判斷她能夠選取哪些天賦時，使用自己的德魯伊等級作為殺手等級。該能力取代自然變身（Wild Shape）。	
CATEGORY=Special Ability|Nature Fang ~ Sneak Attack.MOD	OUTPUTNAME:偷襲（Sneak Attack）	DESC:.CLEAR	DESC:4級起，自然之牙獲得偷襲+1d6。該能力如同盜賊的同名能力一般生效。若自然之牙從其他來源獲得了偷襲加值，那麼這些傷害疊加。該能力取代抗自然誘惑（Resist Nature's Lure）。	
CATEGORY=Special Ability|Nature Fang ~ Swift Studied Target.MOD	OUTPUTNAME:迅捷殺戮目標（Swift Studied Target）	DESC:.CLEAR	DESC:9級起，自然之牙能夠以移動或迅捷動作對目標進行研究。該能力取代毒素免疫（Venom Immunity）。	
CATEGORY=Special Ability|Wild Whisperer ~ Inspiration.MOD	OUTPUTNAME:靈感（Inspiration）	DESC:.CLEAR	DESC:2級起，野性低語者獲得靈感池，就如同調查員的同名能力一般。在判斷該能力的效果時，野性低語者使用她的德魯伊等級作為她的調查員等級。野性低語者能夠在馴養動物、醫療、知識（地理）、知識（自然）、騎術、察言觀色以及生存技能檢定上使用靈感能力但是不會消耗任何靈感點數，以取代調查員在知識、語言學和法術辨識技能上使用靈感而不耗費靈感點數的能力，不過前提條件是她在相關技能上已經受訓。她還能夠在野性認同檢定中使用靈感能力而不會消耗靈感點數。野性低語者的靈感池會在每日準備法術時恢復。該能力取代穿林步（Woodland Stride）、無蹤步（Trackless Step）和抗自然誘惑（Resist Nature's Lure）。	
CATEGORY=Special Ability|Wild Whisperer ~ Wild Shape.MOD	OUTPUTNAME:自然變身（Wild Shape）	DESC:.CLEAR	DESC:4級起，野性低語者獲得自然變身的能力，不過她只能變成小型或中型動物形態，如同野獸形態1。該能力改變了自然變身。	
CATEGORY=Special Ability|Wild Whisperer ~ Natural Expertise.MOD	OUTPUTNAME:自然學者（Natural Expertise）	DESC:.CLEAR	DESC:6級起，野性低語者那強大的觀察力能夠使她對抗自然生物時獲得優勢。當她對抗動物或蟲類，並且在攻擊檢定上使用靈感點時，野性低語者只會花費1點靈感點而非原本的2點。該能力取代6級自然變身的次數增加。	
CATEGORY=Special Ability|Wild Whisperer ~ Investigator Talent.MOD	OUTPUTNAME:調查員天賦（Investigator Talent）	DESC:.CLEAR	DESC:8級時，野性低語者可以選擇一個調查員天賦（詳見調查員的相關內容）。該能力取代8級自然變身的次數增加。	
CATEGORY=Special Ability|Aquatic Domain ~ Sealord.MOD	OUTPUTNAME:海王（Sealord）	DESC:.CLEAR	DESC:你可以導引能量（有效牧師等級等於德魯伊等級），次數相當於「3+魅力修正」，但是只能治療或控制（如同「控制亡靈」專長）水棲與水系亞種生物。你可以用其他的專長來強化這個能力，如「額外導能」和「精通導能」，但是無法將此能力作為其他導能專長的先決條件，例如「元素導能」和「陣營導能」。此能力的DC為「10+1/2德魯伊等級+魅力修正」。	
CATEGORY=Special Ability|Aquatic Domain ~ Seastrike.MOD	OUTPUTNAME:海襲（Seastrike）	DESC:.CLEAR	DESC:6級時，以一個自由動作，你可以在水中如常使用天生或加工過的武器，如同「行動自如」法術的效果。以一個標準動作，你可以在水下投擲武器並忽略正常狀況下的水下減值；如果你的目標在水中或水下，此武器還得到回力的效果。	
CATEGORY=Special Ability|Arctic Domain ~ Call Cold.MOD	OUTPUTNAME:喚冰（Call Cold）	DESC:.CLEAR	DESC:你可以導引能量（有效牧師等級等於德魯伊等級），次數相當於「3+魅力修正」，但是只能治療或控制（如同「控制亡靈」專長）寒冷亞種生物。你可以用其他的專長來強化這個能力，如「額外導能」和「精通導能」，但是無法將此能力作為其他導能專長的先決條件，例如「元素導能」和「陣營導能」。此能力的DC為「10+1/2德魯伊等級+魅力修正」。	
CATEGORY=Special Ability|Arctic Domain ~ Banish Flame.MOD	OUTPUTNAME:逐焰（Banish Flame）	DESC:.CLEAR	DESC:6級時，你可以使用你的喚冰能力傷害（如同導引負能量）火系亞種生物，或使其驚懼（如同「驅散亡靈」專長）。你還可以用此能力熄滅魔法火焰，如同「解除魔法」；在12級時若此效果用來解除魔法火焰，其能力等同「高等解除魔法」。	
CATEGORY=Special Ability|Cave Domain ~ Cavesight.MOD	OUTPUTNAME:洞穴視覺（Cavesight）	DESC:.CLEAR	DESC:你可以用一次碰觸賜與一個目標60尺黑暗視覺。此能力作用在其他生物身上時，持續時間為1分鐘；但作用在你自己身上時則為1小時。你每天可使用此能力的次數等於「3+感知修正」。	
CATEGORY=Special Ability|Desert Domain ~ Heat Shimmer.MOD	OUTPUTNAME:蜃樓（Heat Shimmer）	DESC:.CLEAR	DESC:以一個自由動作，你讓你身邊的空氣炙熱扭曲，造成「朦朧術」的效果。當你使用此能力的時候，以肉搏攻擊襲擊你的生物必須通過強韌檢定否則目眩1輪。你每天可以使用此能力的輪數等同於「3+感知修正」，這些輪數不須連續。	
CATEGORY=Special Ability|Desert Domain ~ Servant of the Sands.MOD	OUTPUTNAME:沙僕（Servant of the Sands）	DESC:.CLEAR	DESC:8級時，每日1次，你可以召喚一隻小巨靈，此能力如同「次級異界盟友」。12級時，你可以如同使用「異界盟友」一般招喚各種非貴族的巨靈。16級時，你可以召喚貴族巨靈，如同使用「高等異界盟友」。如果你在沙漠中使用此能力，你不需要為召喚提供祭品，而且各種服務皆為半價。	
CATEGORY=Special Ability|Eagle Domain ~ Familiar.MOD	OUTPUTNAME:魔寵（Familiar）	DESC:.CLEAR	DESC:你得到鷹作為魔寵，你的有傚法師等級等於德魯伊等級。當計算魔寵能力時，你的德魯伊等級和其他會讓你獲得魔寵的職業等級疊加。	
CATEGORY=Special Ability|Eagle Domain ~ Hawkeye.MOD	OUTPUTNAME:鷹眼（Hawkeye）	DESC:.CLEAR	DESC:以一個迅捷動作，你可以在單次的遠程攻擊或察覺檢定中得到相當於你得魯伊等級一半（最小為1）的加值。你每日可以使用此能力的次數相當於「3+感知修正」。	
CATEGORY=Special Ability|Eagle Domain ~ Aerial evasion.MOD	OUTPUTNAME:空中迴避（Aerial evasion）	DESC:.CLEAR	DESC:6級時，你在飛行時得到反射閃避的效果。12級時此能力變成精通反射閃避。	
CATEGORY=Special Ability|Frog Domain ~ Familiar.MOD	OUTPUTNAME:魔寵（Familiar）	DESC:.CLEAR	DESC:你得到蟾蜍作為魔寵，你的有傚法師等級等於德魯伊等級。當計算魔寵能力時，你的德魯伊等級和其他會讓你獲得魔寵的職業等級疊加。	
CATEGORY=Special Ability|Frog Domain ~ Sticky Strike.MOD	OUTPUTNAME:黏液觸鬚（Sticky Strike）	DESC:.CLEAR	DESC:以一個標準動作，你可以用一次遠程接觸攻擊噴出一團黏稠的蔓團襲擊15尺內的目標，然後你就可以使用「拉拽」這一怪物通用能力將他朝你拉近5尺，你在拉拽的戰技攻擊檢定上得到相當於德魯伊等級一半的加值。如果目標比你還大，你可不做任何檢定並把自己朝對方拉近5尺。目標可以通過一次成功的力量對抗檢定來移除這些籐蔓，或對籐蔓造成足夠的傷害（籐蔓的生命點數等同於你的德魯伊等級，防禦等級等同於你的接觸AC）。你能以自由動作解消這些籐蔓。你每日可以使用此能力的次數等於「3+感知修正」。	
CATEGORY=Special Ability|Frog Domain ~ Webfoot.MOD	OUTPUTNAME:蛙足（Webfoot）	DESC:.CLEAR	DESC:6級時，你得到「兩棲」特性，並得到相當於你陸地移動速度的游泳速度。12級時得到相當於陸地移動速度的攀爬速度。	
CATEGORY=Special Ability|Jungle Domain ~ Brachiation.MOD	OUTPUTNAME:林躍（Brachiation）	DESC:.CLEAR	DESC:以一個自由動作，你得到相當於你陸地移動速度的攀爬速度，且在特技檢定上得到相當於德魯伊等級的加值。此效果每日可用輪數等於你的德魯伊等級，這些輪數不須連續。	
CATEGORY=Special Ability|Jungle Domain ~ Trap Sense.MOD	OUTPUTNAME:陷阱感知（Trap Sense）	DESC:.CLEAR	DESC:3級時，你得到陷阱感知職業能力，此效果等同於盜賊職業能力。在計算能力加值時，你的有效盜賊等級等同於你的德魯伊等級。如果你兼職了其他會獲得此能力的職業，此能力效果累計。	
CATEGORY=Special Ability|Monkey Domain ~ Familiar.MOD	OUTPUTNAME:魔寵（Familiar）	DESC:.CLEAR	DESC:你得到猴子作為魔寵，你的有傚法師等級等於德魯伊等級。當計算魔寵能力時，你的德魯伊等級和其他會讓你獲得魔寵的職業等級疊加。	
CATEGORY=Special Ability|Monkey Domain ~ Monkey Athletics.MOD	OUTPUTNAME:猴戲（Monkey Athletics）	DESC:.CLEAR	DESC:以一個自由動作，你可以在單次特技、攀爬、解除裝置和巧手檢定中得到相當於德魯伊等級一半的加值。你每日可以使用此能力的次數等於「3+感知修正」。	
CATEGORY=Special Ability|Monkey Domain ~ Ranged Legerdemain.MOD	OUTPUTNAME:遠程詭計（Ranged Legerdemain）	DESC:.CLEAR	DESC:6級時，你可以對30尺內的目標施展解除裝置和巧手技能。遠程工作將使技能檢定DC增加5，並且在此檢定中無法取10。遠程手法的操作對像重量必須為5磅或更輕。你在該項技能上級數必須至少為1。	
CATEGORY=Special Ability|Mountain Domain ~ Foothold.MOD	OUTPUTNAME:立足點（Foothold）	DESC:.CLEAR	DESC:以一個標準動作，你可以使相鄰的10尺見方岩石表面出現鋒銳皺折並變得峋峋嶙嶙。在水平地面上，這個效果將會形成困難地形，站在其上的中型以下體型的生物在CMD和特技檢定上將承受-2減值。在垂直表面上，立足點將會提供你+10的攀爬加值。這些石頭將在1小時後恢復原狀。你每日可以使用此能力的次數等於「3+感知修正」。	
CATEGORY=Special Ability|Mountain Domain ~ Thin Air.MOD	OUTPUTNAME:空氣稀薄（Thin Air）	DESC:.CLEAR	DESC:8級時，以一個自由動作，你可以將你身邊5尺內的空氣變得異常稀薄，使那些需要呼吸的生物感到窒息，這些生物在回合開始時如仍在區域內就必須通過強韌檢定，否則將會疲乏。如果一個生物已經處於疲乏狀態且呆在區域中，那麼在回合開始時必須通過另一次強韌檢定，否則將罹患高山症，此狀態會使他所有屬性受到1點屬性傷害。16級時此區域覆蓋10尺範圍。不需要呼吸的生物對此效果免疫。此效果每日可用輪數等於你的德魯伊等級，這些輪數不須連續。	
CATEGORY=Special Ability|Plains Domain ~ Migrating Herd.MOD	OUTPUTNAME:獸群奔屣（Migrating Herd）	DESC:.CLEAR	DESC:當你以召喚法術召喚野牛、羚羊、大象、馬、小馬、乳齒象、原牛或之類的四足草食動物時，你召喚出來的數量為原本的兩倍。此效果不和法術強效疊加。此外，這些召喚生物的移動速度提升10尺。	
CATEGORY=Special Ability|Plains Domain ~ Pounce.MOD	OUTPUTNAME:獅之猛撲（Pounce）	DESC:.CLEAR	DESC:6級時，你每天可以發動一次「猛撲」能力，之後的每3級再加1次。	
CATEGORY=Special Ability|Serpent Domain ~ Familiar.MOD	OUTPUTNAME:魔寵（Familiar）	DESC:.CLEAR	DESC:你得到蛇作為魔寵，你的有傚法師等級等於德魯伊等級。當計算魔寵能力時，你的德魯伊等級和其他會讓你獲得魔寵的職業等級疊加。	
CATEGORY=Special Ability|Serpent Domain ~ Slither.MOD	OUTPUTNAME:蛇骨（Slither）	DESC:.CLEAR	DESC:以一個自由動作，你可以讓你的身體擴展、延伸、壓平，讓自己可以通過狹窄的地區。你可以自由通過平常對你這個尺寸的生物而言極端狹小的空間，此狀態下你對由移動所引發的藉機攻擊得到+2閃避AC，同時CMB+2。此加值也在掙脫擒抱的檢定上生效。這個能力持續1輪的時間，你每日可以使用此能力的次數等於「3+感知修正」。	
CATEGORY=Special Ability|Serpent Domain ~ Venom Immunity.MOD	OUTPUTNAME:毒液免疫（Venom Immunity）	DESC:.CLEAR	DESC:6級時你對蛇、蜥蜴還有其他爬蟲類生物的毒液免疫。12級時你對所有毒素免疫，並取代毒液免疫。	
CATEGORY=Special Ability|Swamp Domain ~ Natural Healing.MOD	OUTPUTNAME:自然愈療（Natural Healing）	DESC:.CLEAR	DESC:你可以導引能量（有效牧師等級等於德魯伊等級），次數相當於「3+魅力修正」，但是只能治療動物、植物和昆蟲。你能治療這些生物的屬性傷害，每降低1d6生命值治療量便能回復1點屬性傷害。你可以用其他的專長來強化這個能力，如「額外導能」和「精通導能」，但是無法將此能力作為其他導能專長的先決條件，例如「元素導能」和「陣營導能」。此能力的DC為「10+1/2德魯伊等級+魅力修正」。	
CATEGORY=Special Ability|Swamp Domain ~ Reed Hunter.MOD	OUTPUTNAME:葦叢獵手（Reed Hunter）	DESC:.CLEAR	DESC:6級時，你對迷霧、植被和水所引起的隱蔽和掩蔽得到30尺盲感的效果。12級時，此能力進化為盲視。	
CATEGORY=Special Ability|Wolf Domain ~ Pack Tactics.MOD	OUTPUTNAME:包圍策略（Pack Tactics）	DESC:.CLEAR	DESC:8級時，在你的回合中，你能以一個自由動作指定相鄰的方格。在決定你是否達成夾擊的時候，你的攻擊被視為來自該方格，就算該方格已經有對象存在或是被生物佔據。此效果持續到你下一輪開始或是你移動為止。如果你在未使用此能力時就達成夾擊，那麼你可以將你的感知修正加到攻擊檢定上，取代原本的+2夾擊加值。你每日可以使用此能力的次數等於「3+感知修正」。	
