Amulet of the Blooded (Aberrant).MOD	OUTPUTNAME:異怪血繼護符（Amulet of the Blooded (Aberrant)）	
Amulet of the Blooded (Abyssal).MOD	OUTPUTNAME:深淵血繼護符（Amulet of the Blooded (Abyssal)）	
Amulet of the Blooded (Accursed).MOD	OUTPUTNAME:咒怨血繼護符（Amulet of the Blooded (Accursed)）	
Amulet of the Blooded (Celestial).MOD	OUTPUTNAME:天界血繼護符（Amulet of the Blooded (Celestial)）	
Amulet of the Blooded (Destined).MOD	OUTPUTNAME:命運血繼護符（Amulet of the Blooded (Destined)）	
Amulet of the Blooded (Draconic Acid).MOD	OUTPUTNAME:龍脈血繼護符（強酸）（Amulet of the Blooded (Draconic Acid)）	
Amulet of the Blooded (Draconic Electricity).MOD	OUTPUTNAME:龍脈血繼護符（閃電）（Amulet of the Blooded (Draconic Electricity)）	
Amulet of the Blooded (Draconic Fire).MOD	OUTPUTNAME:龍脈血繼護符（火焰）（Amulet of the Blooded (Draconic Fire)）	
Amulet of the Blooded (Draconic Cold).MOD	OUTPUTNAME:龍脈血繼護符（寒冷）（Amulet of the Blooded (Draconic Cold)）	
Amulet of the Blooded (Elemental Electricity).MOD	OUTPUTNAME:元素血繼護符（閃電）（Amulet of the Blooded (Elemental Electricity)）	
Amulet of the Blooded (Elemental Acid).MOD	OUTPUTNAME:元素血繼護符（強酸）（Amulet of the Blooded (Elemental Acid)）	
Amulet of the Blooded (Elemental Fire).MOD	OUTPUTNAME:元素血繼護符（火焰）（Amulet of the Blooded (Elemental Fire)）	
Amulet of the Blooded (Elemental Cold).MOD	OUTPUTNAME:元素血繼護符（寒冷）（Amulet of the Blooded (Elemental Cold)）	
Amulet of the Blooded (Fey).MOD	OUTPUTNAME:精類血繼護符（Amulet of the Blooded (Fey)）	
Amulet of the Blooded (Infernal).MOD	OUTPUTNAME:地獄血繼護符（Amulet of the Blooded (Infernal)）	
Amulet of the Blooded (Undead).MOD	OUTPUTNAME:亡靈血繼護符（Amulet of the Blooded (Undead)）	
Amulet of the Spirits (Battle).MOD	OUTPUTNAME:戰鬥降魄護符（Amulet of the Spirits (Battle)）	
Amulet of the Spirits (Bones).MOD	OUTPUTNAME:骸骨降魄護符（Amulet of the Spirits (Bones)）	
Amulet of the Spirits (Flame).MOD	OUTPUTNAME:烈焰降魄護符（Amulet of the Spirits (Flame)）	
Amulet of the Spirits (Heavens).MOD	OUTPUTNAME:蒼天降魄護符（Amulet of the Spirits (Heavens)）	
Amulet of the Spirits (Life).MOD	OUTPUTNAME:生命降魄護符（Amulet of the Spirits (Life)）	
Amulet of the Spirits (Stone).MOD	OUTPUTNAME:岩石降魄護符（Amulet of the Spirits (Stone)）	
Amulet of the Spirits (Waves).MOD	OUTPUTNAME:波濤降魄護符（Amulet of the Spirits (Waves)）	
Amulet of the Spirits (Wind).MOD	OUTPUTNAME:流風降魄護符（Amulet of the Spirits (Wind)）	
Amulet of Uncanny Defense.MOD	OUTPUTNAME:直覺守禦護符（Amulet of Uncanny Defense）	
Dire Collar.MOD	OUTPUTNAME:驚駭頸環（Dire Collar）	
Dire Collar (Greater).MOD	OUTPUTNAME:高等驚駭頸環（Dire Collar, Greater）	
Iron Collar of the Unbound Coven.MOD	OUTPUTNAME:自由巫會頸環（Iron Collar of the Unbound Coven）	
Torc of Bloody Rage.MOD	OUTPUTNAME:血性狂怒頸環（Torc of Bloody Rage）	
Torc of the Primal Song.MOD	OUTPUTNAME:原初之歌頸環（Torc of the Primal Song）	
