CATEGORY=Archetype|Barbarian Archetype ~ Breaker.MOD	OUTPUTNAME:破壞者（Breaker）
CATEGORY=Archetype|Barbarian Archetype ~ Brutal Pugilist.MOD	OUTPUTNAME:奪命鐵拳（Brutal Pugilist）
CATEGORY=Archetype|Barbarian Archetype ~ Drunken Brute.MOD	OUTPUTNAME:醉蠻（Drunken Brute）
CATEGORY=Archetype|Barbarian Archetype ~ Elemental Kin.MOD	OUTPUTNAME:元素鬥士（Elemental Kin）
CATEGORY=Archetype|Barbarian Archetype ~ Hurler.MOD	OUTPUTNAME:投石蠻人（Hurler）
CATEGORY=Archetype|Barbarian Archetype ~ Invulnerable Rager.MOD	OUTPUTNAME:堅毅狂暴者（Invulnerable Rager）
CATEGORY=Archetype|Barbarian Archetype ~ Mounted Fury.MOD	OUTPUTNAME:怒濤騎手（Mounted Fury）
CATEGORY=Archetype|Barbarian Archetype ~ Savage Barbarian.MOD	OUTPUTNAME:原始蠻人（Savage Barbarian）
CATEGORY=Archetype|Barbarian Archetype ~ Superstitious.MOD	OUTPUTNAME:盲信者（Superstitious）
CATEGORY=Archetype|Barbarian Archetype ~ Totem Warrior.MOD	OUTPUTNAME:圖騰戰士（Totem Warrior）
CATEGORY=Archetype|Bard Archetype ~ Arcane Duelist.MOD	OUTPUTNAME:奧術決鬥者（Arcane Duelist）
CATEGORY=Archetype|Bard Archetype ~ Archivist.MOD	OUTPUTNAME:書卷學者（Archivist）
CATEGORY=Archetype|Bard Archetype ~ Court Bard.MOD	OUTPUTNAME:宮廷詩人（Court Bard）
CATEGORY=Archetype|Bard Archetype ~ Detective.MOD	OUTPUTNAME:偵探（Detective）
CATEGORY=Archetype|Bard Archetype ~ Magician.MOD	OUTPUTNAME:魔術師（Magician）
CATEGORY=Archetype|Bard Archetype ~ Sandman.MOD	OUTPUTNAME:睡魔（Sandman）
CATEGORY=Archetype|Bard Archetype ~ Savage Skald.MOD	OUTPUTNAME:蠻荒歌者（Savage Skald）
CATEGORY=Archetype|Bard Archetype ~ Sea Singer.MOD	OUTPUTNAME:海之詠者（Sea Singer）
CATEGORY=Archetype|Bard Archetype ~ Street Performer.MOD	OUTPUTNAME:街頭藝人（Street Performer）
CATEGORY=Archetype|Druid Archetype ~ Aquatic Druid.MOD	OUTPUTNAME:水棲德魯伊（Aquatic Druid）
CATEGORY=Archetype|Druid Archetype ~ Arctic Druid.MOD	OUTPUTNAME:極地德魯伊（Arctic Druid）
CATEGORY=Archetype|Druid Archetype ~ Blight Druid.MOD	OUTPUTNAME:天譴德魯伊（Blight Druid）
CATEGORY=Archetype|Druid Archetype ~ Cave Druid.MOD	OUTPUTNAME:穴居德魯伊（Cave Druid）
CATEGORY=Archetype|Druid Archetype ~ Desert Druid.MOD	OUTPUTNAME:荒漠德魯伊（Desert Druid）
CATEGORY=Archetype|Druid Archetype ~ Jungle Druid.MOD	OUTPUTNAME:叢林德魯伊（Jungle Druid）
CATEGORY=Archetype|Druid Archetype ~ Mountain Druid.MOD	OUTPUTNAME:山地德魯伊（Mountain Druid）
CATEGORY=Archetype|Druid Archetype ~ Plains Druid.MOD	OUTPUTNAME:荒原德魯伊（Plains Druid）
CATEGORY=Archetype|Druid Archetype ~ Swamp Druid.MOD	OUTPUTNAME:沼澤德魯伊（Swamp Druid）
CATEGORY=Archetype|Druid Archetype ~ Urban Druid.MOD	OUTPUTNAME:城鎮德魯伊（Urban Druid）
CATEGORY=Archetype|Druid Archetype ~ Bear Shaman.MOD	OUTPUTNAME:熊圖騰薩滿（Bear Shaman）
CATEGORY=Archetype|Druid Archetype ~ Eagle Shaman.MOD	OUTPUTNAME:鷹圖騰薩滿（Eagle Shaman）
CATEGORY=Archetype|Druid Archetype ~ Lion Shaman.MOD	OUTPUTNAME:獅圖騰薩滿（Lion Shaman）
CATEGORY=Archetype|Druid Archetype ~ Serpent Shaman.MOD	OUTPUTNAME:蛇圖騰薩滿（Serpent Shaman）
CATEGORY=Archetype|Druid Archetype ~ Wolf Shaman.MOD	OUTPUTNAME:狼圖騰薩滿（Wolf Shaman）
CATEGORY=Archetype|Fighter Archetype ~ Archer.MOD	OUTPUTNAME:弓手（Archer）
CATEGORY=Archetype|Fighter Archetype ~ Crossbowman.MOD	OUTPUTNAME:弩手（Crossbowman）
CATEGORY=Archetype|Fighter Archetype ~ Free Hand Fighter.MOD	OUTPUTNAME:單刀客（Free Hand Fighter）
CATEGORY=Archetype|Fighter Archetype ~ Mobile Fighter.MOD	OUTPUTNAME:靈活戰士（Mobile Fighter）
CATEGORY=Archetype|Fighter Archetype ~ Phalanx Soldier.MOD	OUTPUTNAME:方陣士兵（Phalanx Soldier）
CATEGORY=Archetype|Fighter Archetype ~ Polearm Master.MOD	OUTPUTNAME:長武大師（Polearm Master）
CATEGORY=Archetype|Fighter Archetype ~ Roughrider.MOD	OUTPUTNAME:野騎兵（Roughrider）
CATEGORY=Archetype|Fighter Archetype ~ Savage Warrior.MOD	OUTPUTNAME:野性戰士（Savage Warrior）
CATEGORY=Archetype|Fighter Archetype ~ Shielded Fighter.MOD	OUTPUTNAME:盾戰士（Shielded Fighter）
CATEGORY=Archetype|Fighter Archetype ~ Two-Handed Fighter.MOD	OUTPUTNAME:雙手戰士（Two-Handed Fighter）
CATEGORY=Archetype|Fighter Archetype ~ Two-Weapon Warrior.MOD	OUTPUTNAME:雙持戰士（Two-Weapon Warrior）
CATEGORY=Archetype|Fighter Archetype ~ Weapon Master.MOD	OUTPUTNAME:武器大師（Weapon Master）
CATEGORY=Archetype|Monk Archetype ~ Drunken Master.MOD	OUTPUTNAME:醉拳大師（Drunken Master）
CATEGORY=Archetype|Monk Archetype ~ Hungry Ghost Monk.MOD	OUTPUTNAME:般若僧（Hungry Ghost Monk）
CATEGORY=Archetype|Monk Archetype ~ Ki Mystic.MOD	OUTPUTNAME:正覺僧（Ki Mystic）
CATEGORY=Archetype|Monk Archetype ~ Monk of the Empty Hand.MOD	OUTPUTNAME:羅漢僧（Monk of the Empty Hand）
CATEGORY=Archetype|Monk Archetype ~ Monk of the Four Winds.MOD	OUTPUTNAME:修驗僧（Monk of the Four Winds）
CATEGORY=Archetype|Monk Archetype ~ Monk of the Healing Hand.MOD	OUTPUTNAME:輪迴僧（Monk of the Healing Hand）
CATEGORY=Archetype|Monk Archetype ~ Monk of the Lotus.MOD	OUTPUTNAME:涅磐僧（Monk of the Lotus）
CATEGORY=Archetype|Monk Archetype ~ Monk of the Sacred Mountain.MOD	OUTPUTNAME:山伏僧（Monk of the Sacred Mountain）
CATEGORY=Archetype|Monk Archetype ~ Weapon Adept.MOD	OUTPUTNAME:執械僧（Weapon Adept）
CATEGORY=Archetype|Monk Archetype ~ Zen Archer.MOD	OUTPUTNAME:禪宗射手（Zen Archer）
CATEGORY=Archetype|Paladin Archetype ~ Divine Defender.MOD	OUTPUTNAME:神聖防衛者（Divine Defender）
CATEGORY=Archetype|Paladin Archetype ~ Hospitaler.MOD	OUTPUTNAME:醫護騎士（Hospitaler）
CATEGORY=Archetype|Paladin Archetype ~ Sacred Servant.MOD	OUTPUTNAME:神聖使徒（Sacred Servant）
CATEGORY=Archetype|Paladin Archetype ~ Shining Knight.MOD	OUTPUTNAME:光耀騎士（Shining Knight）
CATEGORY=Archetype|Paladin Archetype ~ Undead Scourge.MOD	OUTPUTNAME:亡靈制裁者（Undead Scourge）
CATEGORY=Archetype|Paladin Archetype ~ Warrior of the Holy Light.MOD	OUTPUTNAME:聖光鬥士（Warrior of the Holy Light）
CATEGORY=Archetype|Ranger Archetype ~ Beast Master.MOD	OUTPUTNAME:野獸大師（Beast Master）
CATEGORY=Archetype|Ranger Archetype ~ Guide.MOD	OUTPUTNAME:嚮導（Guide）
CATEGORY=Archetype|Ranger Archetype ~ Horse Lord.MOD	OUTPUTNAME:駿騎領主（Horse Lord）
CATEGORY=Archetype|Ranger Archetype ~ Infiltrator.MOD	OUTPUTNAME:滲透者（Infiltrator）
CATEGORY=Archetype|Ranger Archetype ~ Shapeshifter.MOD	OUTPUTNAME:變形者（Shapeshifter）
CATEGORY=Archetype|Ranger Archetype ~ Skirmisher.MOD	OUTPUTNAME:散兵（Skirmisher）
CATEGORY=Archetype|Ranger Archetype ~ Spirit Ranger.MOD	OUTPUTNAME:精魂遊俠（Spirit Ranger）
CATEGORY=Archetype|Ranger Archetype ~ Urban Ranger.MOD	OUTPUTNAME:都市獵人（Urban Ranger）
CATEGORY=Archetype|Rogue Archetype ~ Acrobat.MOD	OUTPUTNAME:特技大師（Acrobat）
CATEGORY=Archetype|Rogue Archetype ~ Burglar.MOD	OUTPUTNAME:夜行大盜（Burglar）
CATEGORY=Archetype|Rogue Archetype ~ Cutpurse.MOD	OUTPUTNAME:扒手（Cutpurse）
CATEGORY=Archetype|Rogue Archetype ~ Investigator.MOD	OUTPUTNAME:調查員（Investigator）
CATEGORY=Archetype|Rogue Archetype ~ Poisoner.MOD	OUTPUTNAME:製毒大師（Poisoner）
CATEGORY=Archetype|Rogue Archetype ~ Rake.MOD	OUTPUTNAME:浪蕩子（Rake）
CATEGORY=Archetype|Rogue Archetype ~ Scout.MOD	OUTPUTNAME:斥候（Scout）
CATEGORY=Archetype|Rogue Archetype ~ Sniper.MOD	OUTPUTNAME:狙擊手（Sniper）
CATEGORY=Archetype|Rogue Archetype ~ Spy.MOD	OUTPUTNAME:間諜（Spy）
CATEGORY=Archetype|Rogue Archetype ~ Swashbuckler.MOD	OUTPUTNAME:遊蕩劍客（Swashbuckler）
CATEGORY=Archetype|Rogue Archetype ~ Thug.MOD	OUTPUTNAME:暴徒（Thug）
CATEGORY=Archetype|Rogue Archetype ~ Trapsmith.MOD	OUTPUTNAME:陷阱大師（Trapsmith）
