CATEGORY=Archetype|Barbarian Archetype ~ Feral Gnasher.MOD	OUTPUTNAME:咬人精（Feral Gnasher，地精）
CATEGORY=Archetype|Barbarian Archetype ~ Hateful Rager.MOD	OUTPUTNAME:恨意狂暴者（Hateful Rager，半獸人）
CATEGORY=Archetype|Bard Archetype ~ Prankster.MOD	OUTPUTNAME:搗蛋鬼（Prankster，侏儒）
CATEGORY=Archetype|Bard Archetype ~ Shadow Puppeteer.MOD	OUTPUTNAME:陰影操偶師（Shadow Puppeteer，剪影人）
CATEGORY=Archetype|Bard Archetype ~ Watersinger.MOD	OUTPUTNAME:水之歌者（Watersinger，水元素裔）
CATEGORY=Archetype|Bard Archetype ~ Animal Speaker.MOD	OUTPUTNAME:獸之奏者（Animal Speaker）
CATEGORY=Archetype|Cleric Archetype ~ Fiendish Vessel.MOD	OUTPUTNAME:煉獄邪蠱（Fiendish Vessel，魔裔）
CATEGORY=Archetype|Cleric Archetype ~ Demonic Apostle.MOD	OUTPUTNAME:惡魔使徒（Demonic Apostle，黑暗精靈）
CATEGORY=Archetype|Cleric Archetype ~ Forgemaster.MOD	OUTPUTNAME:鍛造大師（Forgemaster，矮人）
CATEGORY=Archetype|Druid Archetype ~ Feral Child.MOD	OUTPUTNAME:野孩子（Feral Child，人類）
CATEGORY=Archetype|Druid Archetype ~ Naga Aspirant.MOD	OUTPUTNAME:娜迦候選者（Naga Aspirant，娜迦裔）
CATEGORY=Archetype|Druid Archetype ~ Sky Druid.MOD	OUTPUTNAME:天空德魯伊（Sky Druid，風元素裔）
CATEGORY=Archetype|Druid Archetype ~ Treesinger.MOD	OUTPUTNAME:樹之歌者（Treesinger，精靈）
CATEGORY=Archetype|Druid Archetype ~ Undine Adept.MOD	OUTPUTNAME:水裔守護者（Undine Adept，水元素裔）
CATEGORY=Archetype|Fighter Archetype ~ Airborne Ambusher.MOD	OUTPUTNAME:空襲者（Airborne Ambusher，鴞形人）
CATEGORY=Archetype|Fighter Archetype ~ Cavern Sniper.MOD	OUTPUTNAME:深穴狙擊手（Cavern Sniper，黑暗精靈）
CATEGORY=Archetype|Fighter Archetype ~ Dirty Fighter.MOD	OUTPUTNAME:陰招戰士（Dirty Fighter，獸人）
CATEGORY=Archetype|Fighter Archetype ~ Foehammer.MOD	OUTPUTNAME:破敵之錘（Foehammer，矮人）
CATEGORY=Archetype|Monk Archetype ~ Gray Disciple.MOD	OUTPUTNAME:灰色門徒（Gray Disciple，灰矮人）
CATEGORY=Archetype|Monk Archetype ~ Ironskin Monk.MOD	OUTPUTNAME:鐵皮僧（Ironskin Monk，大地精）
CATEGORY=Archetype|Monk Archetype ~ Nimble Guardian.MOD	OUTPUTNAME:靈動衛士（Nimble Guardian，貓族）
CATEGORY=Archetype|Monk Archetype ~ Student of Stone.MOD	OUTPUTNAME:石之學徒（Student of Stone，土元素裔）
CATEGORY=Archetype|Monk Archetype ~ Treetop Monk.MOD	OUTPUTNAME:樹頂僧（Treetop Monk，靈猴族）
CATEGORY=Archetype|Monk Archetype ~ Underfoot Adept.MOD	OUTPUTNAME:足下僧（Underfoot Adept，半身人）
CATEGORY=Archetype|Monk Archetype ~ Wanderer.MOD	OUTPUTNAME:雲遊僧（Wanderer，人類）
CATEGORY=Archetype|Paladin Archetype ~ Redeemer.MOD	OUTPUTNAME:救贖者（Redeemer，半獸人）
CATEGORY=Archetype|Paladin Archetype ~ Stonelord.MOD	OUTPUTNAME:石之領主（Stonelord，矮人）
CATEGORY=Archetype|Paladin Archetype ~ Tranquil Guardian.MOD	OUTPUTNAME:寧靜衛士（Tranquil Guardian，神裔）
CATEGORY=Archetype|Ranger Archetype ~ Dusk Stalker.MOD	OUTPUTNAME:黃昏追獵者（Dusk Stalker，竊影鬼）
CATEGORY=Archetype|Ranger Archetype ~ Wave Warden.MOD	OUTPUTNAME:波濤守衛（Wave Warden，人魚）
CATEGORY=Archetype|Ranger Archetype ~ Wild Shadow.MOD	OUTPUTNAME:荒野之影（Wild Shadow，半精靈）
CATEGORY=Archetype|Rogue Archetype ~ Cat Burglar.MOD	OUTPUTNAME:賊貓（Cat Burglar，貓族）
CATEGORY=Archetype|Rogue Archetype ~ Deadly Courtesan.MOD	OUTPUTNAME:致命交際花（Deadly Courtesan，蝮血裔）
CATEGORY=Archetype|Rogue Archetype ~ Eldritch Raider.MOD	OUTPUTNAME:奧法搜尋者（Eldritch Raider，半魚人）
CATEGORY=Archetype|Rogue Archetype ~ Filcher.MOD	OUTPUTNAME:小偷（Filcher，半身人）
CATEGORY=Archetype|Rogue Archetype ~ Kitsune Trickster.MOD	OUTPUTNAME:狐妖欺詐者（Kitsune Trickster，狐妖）
CATEGORY=Archetype|Rogue Archetype ~ Skulking Slayer.MOD	OUTPUTNAME:潛伏殺手（Skulking Slayer，半獸人）
CATEGORY=Archetype|Rogue Archetype ~ Swordmaster.MOD	OUTPUTNAME:劍術宗師（Swordmaster，天狗）
CATEGORY=Archetype|Wishcrafter ~ Sorcerer Archetype.MOD	OUTPUTNAME:塑願者（Wishcrafter，火元素裔）
CATEGORY=Archetype|Wizard Archetype ~ Cruoromancer.MOD	OUTPUTNAME:融血師（Cruoromancer，吸血裔）
CATEGORY=Archetype|Wizard Archetype ~ Spellbinder.MOD	OUTPUTNAME:縛法師（Spellbinder，精靈）
CATEGORY=Archetype|Wizard Archetype ~ Wind Listener.MOD	OUTPUTNAME:聆風者（Wind Listener，風元素裔）
CATEGORY=Archetype|Alchemist Archetype ~ Bogborn Alchemist.MOD	OUTPUTNAME:沼地煉金師（Bogborn Alchemist，樹蛙人）
CATEGORY=Archetype|Alchemist Archetype ~ Bramble Brewer.MOD	OUTPUTNAME:種植專家（Bramble Brewer，半精靈）
CATEGORY=Archetype|Alchemist Archetype ~ Deep Bomber.MOD	OUTPUTNAME:深土爆破者（Deep Bomber，地底侏儒）
CATEGORY=Archetype|Alchemist Archetype ~ Fire Bomber.MOD	OUTPUTNAME:炸彈人（Fire Bomber，地精）
CATEGORY=Archetype|Alchemist Archetype ~ Plague Bringer.MOD	OUTPUTNAME:瘟疫之源（Plague Bringer，鼠族）
CATEGORY=Archetype|Alchemist Archetype ~ Saboteur.MOD	OUTPUTNAME:破壞狂（Saboteur，侏儒）
CATEGORY=Archetype|Fell Rider ~ Cavalier Archetype.MOD	OUTPUTNAME:殘暴馭手（Fell Rider，大地精）
CATEGORY=Archetype|Gunslinger Archetype ~ Buccaneer.MOD	OUTPUTNAME:海賊（Buccaneer，人類）
CATEGORY=Archetype|Gunslinger Archetype ~ Bushwhacker.MOD	OUTPUTNAME:游擊隊員（Bushwhacker，狗頭人）
CATEGORY=Archetype|Gunslinger Archetype ~ Experimental Gunsmith.MOD	OUTPUTNAME:實驗派槍匠（Experimental Gunsmith，侏儒）
CATEGORY=Archetype|Gunslinger Archetype ~ Gulch Gunner.MOD	OUTPUTNAME:深谷槍手（Gulch Gunner，鼠族）
CATEGORY=Archetype|Inquisitor Archetype ~ Exarch.MOD	OUTPUTNAME:督教（Exarch，矮人）
CATEGORY=Archetype|Inquisitor Archetype ~ Immolator.MOD	OUTPUTNAME:獻祭者（Immolator，火元素裔）
CATEGORY=Archetype|Inquisitor Archetype ~ Kinslayer.MOD	OUTPUTNAME:弒親者（Kinslayer，吸血裔）
CATEGORY=Archetype|Magus Archetype ~ Elemental Knight.MOD	OUTPUTNAME:元素騎士（Elemental Knight，巨靈裔）
CATEGORY=Archetype|Magus Archetype ~ Fiend Flayer.MOD	OUTPUTNAME:煉獄剝皮者（Fiend Flayer，魔裔）
CATEGORY=Archetype|Magus Archetype ~ Spell Dancer.MOD	OUTPUTNAME:咒舞者（Spell Dancer，精靈）
CATEGORY=Archetype|Oracle Archetype ~ Ancient Lorekeeper.MOD	OUTPUTNAME:傳古學者（Ancient Lorekeeper，精靈）
CATEGORY=Archetype|Oracle Archetype ~ Community Guardian.MOD	OUTPUTNAME:社群守衛（Community Guardian，半身人）
CATEGORY=Archetype|Oracle Archetype ~ Purifier.MOD	OUTPUTNAME:淨化者（Purifier，神裔）
CATEGORY=Archetype|Oracle Archetype ~ Reincarnated Oracle.MOD	OUTPUTNAME:轉生先知（Reincarnated Oracle，輪迴者）
CATEGORY=Archetype|Oracle Archetype ~ Shigenjo.MOD	OUTPUTNAME:修驗者（Shigenjo，天狗）
CATEGORY=Archetype|Summoner Archetype ~ Blood God Disciple.MOD	OUTPUTNAME:血神信徒（Blood God Disciple，半獸人）
CATEGORY=Archetype|Summoner Archetype ~ Shadow Caller.MOD	OUTPUTNAME:影喚師（Shadow Caller，竊影鬼）
CATEGORY=Archetype|Summoner Archetype ~ Shaitan Binder.MOD	OUTPUTNAME:沙旦召縛者（Shaitan Binder，土元素裔）
CATEGORY=Archetype|Summoner Archetype ~ Wild Caller.MOD	OUTPUTNAME:自然召喚者（Wild Caller，半精靈）
CATEGORY=Archetype|Witch Archetype ~ Bonded Witch.MOD	OUTPUTNAME:聯結女巫（Bonded Witch，半精靈）
CATEGORY=Archetype|Witch Archetype ~ Dreamweaver.MOD	OUTPUTNAME:織夢者（Dreamweaver，替換兒）
CATEGORY=Archetype|Witch Archetype ~ Scarred Witch Doctor.MOD	OUTPUTNAME:疤痕巫醫（Scarred Witch Doctor，獸人）
