CATEGORY=Special Ability|Battle Herald ~ Inspiring Command.MOD	OUTPUTNAME:提振指令（Inspiring Command）	DESC:.CLEAR	DESC:先鋒使用敏銳的策略和判斷引領他人，也擅長在戰鬥中下達命令讓自己和同伴取得勝利。所有的先鋒可以使用「提振指令」能力來提振士氣（如同吟遊詩人的「激發勇氣」吟唱能力）；使用吟遊詩人和先鋒的等級合計決定「激發勇氣」的加值。在1級及之後每2級，先鋒選擇習得一種指令。除非特別說明，這些能力帶來的加值等於先鋒的提振指令加值，效果範圍為他自身以及60尺內的所有能夠看到或聽到他的同伴。標有星號*的指令擁有相同的距離但僅影響特定的特定個數同伴（可以選擇先鋒自己）。發起「提振指令」是移動動作。5級時改為迅捷動作而10級時改為直覺動作。維持「提振指令」是自由動作不會被打擾，但當先鋒被殺或其他防止此動作的效果（例如陷入眩暈，無助，或被擊暈）。先鋒在同一時間僅能擁有一種指令生效。她每日可以使用此能力的輪數為「4+魅力修正」，1級後的每級再加2輪。她能夠使用吟遊詩人的「吟唱表演」輪數來進行激發指令，但反之則不行。「提振指令」是基於語言的影響心靈效果。先鋒不能同時進行一種「提振指令」及一種「吟遊表演」（這並不影響「不休指令」職業特性或「餘音繞樑（Lingering Performance, APG）」之類令先鋒能夠在停止維持後繼續保持提振指令或吟唱的專長）。	
CATEGORY=Special Ability|Battle Herald ~ Improved Leadership.MOD	OUTPUTNAME:增強領導力（Improved Leadership）	DESC:.CLEAR	DESC:先鋒將其提振指令加值加在領導力點數上。	
CATEGORY=Special Ability|Battle Herald ~ Voice of Authority.MOD	OUTPUTNAME:權威之聲（Voice of Authority）	DESC:.CLEAR	DESC:先鋒擅長在戰場的喧鬧中大聲吼出指令，或是在言語無法使用時用信號指揮。她在交涉和威嚇檢定上獲得+2加值，但限與和她語言相通的生物。此外，她的同伴在聆聽她的指令、以及使用唬騙技能傳達她的秘密消息的察覺和察言觀色檢定上，獲得等於其職業等級的加值。在決定騎士的「戰術」能力時，將先鋒的等級與騎士的等級合計。	
CATEGORY=Special Ability|Battle Herald ~ Easy March.MOD	OUTPUTNAME:輕鬆行軍（Easy March）	DESC:.CLEAR	DESC:2級開始，先鋒周圍60尺的同伴在陸上急行軍或強行軍時，可以免受負面效果，每日時間為每提振指令加值1小時。	
CATEGORY=Special Ability|Battle Herald ~ Inspire Greatness.MOD	OUTPUTNAME:提振戰力（Inspire Greatness）	DESC:.CLEAR	DESC:4級開始，先鋒能夠使用「提振指令」能力來發動「提振戰力」（如同9級吟遊詩人的吟唱能力）。本能力在4級時影響1個生物，7級時為2個，10級時增加到3個。	
CATEGORY=Special Ability|Battle Herald ~ Banner.MOD	OUTPUTNAME:旗幟（Banner）	DESC:.CLEAR	DESC:5級起，先鋒能夠升起一面戰旗來鼓舞她的同伴。本能力與騎士的「旗幟」能力相同，且在決定效果時可以將兩者的等級合計。	
CATEGORY=Special Ability|Battle Herald ~ Teamwork Feat.MOD	OUTPUTNAME:團隊專長（Teamwork Feat）	DESC:.CLEAR	DESC:6級開始，先鋒獲得一項團隊專長作為額外專長。她必須滿足專長的前提條件。她能夠使用她的騎士「戰術」能力以移動動作來對同伴使用該專長（若她擁有騎士「高等戰術」能力，則改為迅捷動作）。	
CATEGORY=Special Ability|Battle Herald ~ Demanding Challenge.MOD	OUTPUTNAME:威迫挑戰（Demanding Challenge）	DESC:.CLEAR	DESC:本能力與12級精英騎士的「威迫挑戰」能力相同。	
CATEGORY=Special Ability|Battle Herald ~ Persistent Commands.MOD	OUTPUTNAME:不休指令（Persistent Commands）	DESC:.CLEAR	DESC:8級起，先鋒即便無力維持其「提振指令」，也能夠令其繼續下去。若她如此做，則先鋒的提振指令繼續等同於其魅力修正的輪數（這計入她每日可以使用的累計總輪數）。本能力不能用在先鋒故意停止「提振指令」的場合——僅適用於當她陷入目眩、定身、擊暈、死亡或類似效果從而無法繼續維持時。若先鋒從無力維持的狀況下恢復且此時「提振指令」仍在繼續，則她可以用一個自由動作來恢復維持。	
CATEGORY=Special Ability|Battle Herald ~ Inspire Last Stand.MOD	OUTPUTNAME:堅守提振（Inspire Last Stand）	DESC:.CLEAR	DESC:9級時，先鋒能夠用「提振指令」來令她自己和30尺內所有同伴獲得「頑強」專長。當生物的生命值降至負數且神志清醒時，額外獲得「激發勇氣」效果。	
CATEGORY=Special Ability|Battle Herald ~ Complex Commands.MOD	OUTPUTNAME:復合指令（Complex Commands）	DESC:.CLEAR	DESC:在10級時，先鋒能夠同時使用多個「提振指令」能力。每個指令必須單獨開始且需要單獨的維持費用。這令先鋒能夠選擇多個指令（例如戰鬥法術）同時生效。若多個指令能力包含相同的效果，則不累計，即使這些加值在正常情況下應累計也一樣（例如，若先鋒維持兩個「機動夾攻」指令，她的同伴不會獲得雙倍的加值，儘管閃避加值正常情況下應累計）。先鋒也可以同時維持一個「提振指令」及一種「吟遊表演」，但兩者需要單獨的起始和維持消耗次數。	
CATEGORY=Special Ability|Inspiring Command ~ Battle Magic.MOD	OUTPUTNAME:戰鬥法術*（Battle Magic）	DESC:.CLEAR	DESC:單一同伴在施法者等級檢定和專注檢定中獲得等於先鋒的提振指令加值。	
CATEGORY=Special Ability|Inspiring Command ~ Inspire Hardiness.MOD	OUTPUTNAME:提振體魄（Inspire Hardiness）	DESC:.CLEAR	DESC:同伴獲得傷害減免「x/-」，x等於先鋒的提振指令加值。	
CATEGORY=Special Ability|Inspiring Command ~ Inspired Tactics.MOD	OUTPUTNAME:提振戰術（Inspired Tactics）	DESC:.CLEAR	DESC:同伴在重擊確認檢定、戰技檢定和戰技防禦的閃避加值上獲得提振指令加值。	
CATEGORY=Special Ability|Inspiring Command ~ Keep Your Heads.MOD	OUTPUTNAME:保持冷靜（Keep Your Heads）	DESC:.CLEAR	DESC:先鋒的同伴可以將提振指令加值加在意志豁免和專注檢定上。	
CATEGORY=Special Ability|Inspiring Command ~ None Shall Fall.MOD	OUTPUTNAME:無人倒下*（None Shall Fall）	DESC:.CLEAR	DESC:等於先鋒的提振指令加值個數的同伴回復1d6點生命值。中毒的選中同伴能夠額外嘗試一次毒素豁免檢定，並獲得提振指令的加值；檢定失敗不會帶來額外效果，但檢定成功則能夠治癒毒素。此醫療效果不是正能量效果，因此也可以治療不死生物。	
CATEGORY=Special Ability|Inspiring Command ~ Pincer Maneuver.MOD	OUTPUTNAME:機動夾攻（Pincer Maneuver）	DESC:.CLEAR	DESC:同伴將先鋒的提振指令加值加在夾擊的攻擊和傷害投骰上，以及對抗移動引起的藉機攻擊的AC閃避加值（包括從倒地起身）。	
CATEGORY=Special Ability|Inspiring Command ~ Rally.MOD	OUTPUTNAME:群情激昂（Rally）	DESC:.CLEAR	DESC:被恐懼效果影響的同伴可以對每個恐懼效果再進行一次豁免檢定，這次檢定額外獲得等於先鋒激發指令的加值。	
CATEGORY=Special Ability|Inspiring Command ~ Reveille.MOD	OUTPUTNAME:起床號（Reveille）	DESC:.CLEAR	DESC:同伴若受到力竭、疲勞或睡眠效果影響，則可以對每項效果嘗試一次新的豁免檢定，並獲得提振指令加值。正常睡眠的同伴當使用此能力自動醒來。	
CATEGORY=Special Ability|Inspiring Command ~ Scatter.MOD	OUTPUTNAME:分散戰術*（Scatter）	DESC:.CLEAR	DESC:等於先鋒提振指令加值個數的同伴獲得「疾風步」專長效果。	
CATEGORY=Special Ability|Inspiring Command ~ Shake It Off.MOD	OUTPUTNAME:擺脫困境*（Shake It Off）	DESC:.CLEAR	DESC:單個受到持續性效果影響的同伴可以嘗試一次新的豁免檢定以擺脫效果，並獲得先鋒提振指令加值。有些效果是即時生效但帶有需要豁免檢定的後續額外效果（例如疾病和毒素），還有些效果不允許豁免檢定，本能力對這些效果沒有幫助。	
CATEGORY=Special Ability|Inspiring Command ~ Sound the Charge.MOD	OUTPUTNAME:衝鋒號（Sound the Charge）	DESC:.CLEAR	DESC:先鋒的同伴在攻擊和傷害投骰上獲得提振指令加值。衝鋒動作的同伴速度提升每提振指令加值5尺。	
CATEGORY=Special Ability|Inspiring Command ~ Sound the Retreat.MOD	OUTPUTNAME:收兵號（Sound the Retreat）	DESC:.CLEAR	DESC:同伴獲得「閃電步」專長效果。先鋒需要有「分散戰術」能力才能選擇本能力。	
CATEGORY=Special Ability|Inspiring Command ~ Stand Firm.MOD	OUTPUTNAME:眾志成城（Stand Firm）	DESC:.CLEAR	DESC:同伴在CMD和強韌豁免上獲得提振指令加值。	
CATEGORY=Special Ability|Inspiring Command ~ Teamwork.MOD	OUTPUTNAME:集體協作（Teamwork）	DESC:.CLEAR	DESC:當使用協助他人動作時，同伴在技能或攻擊檢定上獲得提振指令加值。若檢定成功，協助者協助他人帶來的加值增加等同於提振指令加值。	
CATEGORY=Special Ability|Inspiring Command ~ Tuck and Roll.MOD	OUTPUTNAME:團身滾翻（Tuck and Roll）	DESC:.CLEAR	DESC:同伴在反射豁免和特技技能檢定上獲得提振指令加值。	
