CATEGORY=Special Ability|Holy Vindicator ~ Vindicator's Shield.MOD	OUTPUTNAME:辯護之盾（Vindicator's Shield）	DESC:.CLEAR	DESC:辯護者能夠以標準動作引導能量到他的盾中；當裝備時，盾牌提供給辯護者神聖加值（若為正能量）或褻瀆加值（若為負能量）到他的AC上，加值等於其引導能量的骰數。此加值持續24小時或直到辯護者在戰鬥中被命中。盾牌對任何其他使用者不會提供此加值，但辯護者無需一直手持盾牌以使其保留此效果。	
CATEGORY=Special Ability|Holy Vindicator ~ Stigmata.MOD	OUTPUTNAME:聖痕（Stigmata）	DESC:.CLEAR	DESC:自願將鮮血為其信仰服務的辯護者，身上會被他的信仰神祇賦予傷痕作為印記。他能夠用一個標準動作以意念之力制止或開始這種出血；在6級時改為一個移動動作，而10級時改為一個迅捷動作。聖痕生效會造成等於辯護者職業等級一半的持續性出血傷害，且該出血傷害無法被醫療魔法所停止。當聖痕持續出血時，辯護者獲得等於其職業等級一半的神聖加值（若其引導正能量）或褻瀆加值（若其引導負能量）。每次他令聖痕生效時，辯護者選擇將加值加在攻擊檢定、武器傷害、AC、施法者等級檢定或是豁免上；要改變加值加成的項目，辯護者必須先停止然後再次啟動聖痕效果。當聖痕持續出血時，辯護者忽視任何其他來源帶來的血液吸取和出血傷害效果，並能夠以標準動作隨意施展「出血術」或「傷勢穩定」。	
CATEGORY=Special Ability|Holy Vindicator ~ Faith Healing.MOD	OUTPUTNAME:信念醫療（Faith Healing）	DESC:.CLEAR	DESC:3級時，辯護者對自己施展的任何治療傷害法術自動強效，如同被「法術強效」專長增強一樣，但並不使用更高等級的法術位或延長施法時間。若辯護者對自己釋放一個能影響多個生物的治療法術，則本能力僅對他自身生效。在8級時，這些治療法術改為極效（代替強效）。	
CATEGORY=Special Ability|Holy Vindicator ~ Divine Wrath.MOD	OUTPUTNAME:聖怒（Divine Wrath）	DESC:.CLEAR	DESC:4級時，每當辯護者確認重擊命中時，他可以犧牲一個已準備好的1級法術或可用1級法術位對目標造成「喪志術」，這是一個直覺動作（使用辯護者的施法者等級）。若武器擁有×3重擊傷害倍率則豁免DC+2，×4倍率則改為+4。辯護者也可以在被重擊命中時響應使用本能力，即使該攻擊使辯護者失去意識或致命。	
CATEGORY=Special Ability|Holy Vindicator ~ Bloodfire.MOD	OUTPUTNAME:血焰（Bloodfire）	DESC:.CLEAR	DESC:5級時，當辯護者的聖痕出血時，他的鮮血淌至他的武器上，如同液態的神聖或褻瀆能量；當他使用「導能打擊」時傷害增加1d6。並且若目標豁免失敗，則陷入噁心狀態並在行動時每輪受1d6出血傷害。目標可以每輪嘗試豁免檢定以結束噁心和出血效果。	
CATEGORY=Special Ability|Holy Vindicator ~ Channel Smite.MOD	OUTPUTNAME:導能打擊（Channel Smite）	DESC:.CLEAR	DESC:5級時，辯護者獲得「導能打擊」作為額外專長。	
CATEGORY=Special Ability|Holy Vindicator ~ Versatile Channel.MOD	OUTPUTNAME:多樣化引導（Versatile Channel）	DESC:.CLEAR	DESC:6級時，辯護者的引導能量能夠改為影響30尺的錐形或120尺直線區域。	
CATEGORY=Special Ability|Holy Vindicator ~ Divine Judgment.MOD	OUTPUTNAME:聖裁（Divine Judgment）	DESC:.CLEAR	DESC:7級時，當辯護者的近戰攻擊將一個生物生命值降至-1或更低時，他可以犧牲一個已準備好的2級法術或2級可用法術位對目標造成「死亡喪鐘」效果，這是一個直覺動作（使用辯護者的施法者等級）。由於辯護者賦予的是神聖裁決，這並不是一項邪惡行為。若武器擁有×3重擊倍率則豁免DC+2，×4倍率則改為+4。	
CATEGORY=Special Ability|Holy Vindicator ~ Bloodrain.MOD	OUTPUTNAME:血雨（Bloodrain）	DESC:.CLEAR	DESC:9級時，當聖痕出血時，辯護者的傷害性引導能量伴隨著一陣神聖或褻瀆液態能量的爆發，令傷害增加1D6。對抗引導能量豁免失敗的生物陷入噁心並每輪受到1d6點出血傷害。受影響的生物可以每輪進行檢定以終止噁心和出血效果。	
CATEGORY=Special Ability|Holy Vindicator ~ Divine Retribution.MOD	OUTPUTNAME:聖罰（Divine Retribution）	DESC:.CLEAR	DESC:10級時，當辯護者確認重擊命中時，他可以犧牲一個已準備好的3級法術或可用3級法術位對目標造成「降咒」，這是一個直覺動作（使用辯護者的施法者等級）。若武器擁有×3重擊倍率則豁免DC+2，×4倍率則改為+4。辯護者也可以在被重擊命中時響應使用本能力，即使該攻擊使辯護者失去意識或致命。	
