CATEGORY=Special Ability|Dragon Disciple ~ Blood of Dragons.MOD	OUTPUTNAME:龍之血脈（Blood of Dragons）	DESC:.CLEAR	DESC:龍脈術士將他的等級加在術士等級上以決定他獲得的血統能力。如果龍脈術士沒有術士等級，他同樣可以得到龍脈血統能力，並以他的龍脈術士等級決定獲得的能力。當在該職業獲得第一個等級時他必須選擇一種龍的類型，且必須與他在術士職業的選擇相同。該能力不能增加術士的血統獎勵法術，除非角色擁有對應等級的法術位。	
CATEGORY=Special Ability|Dragon Disciple ~ Natural Armor Increase.MOD	OUTPUTNAME:天生護甲提升（Natural Armor Increase）	DESC:.CLEAR	DESC:隨著皮膚厚度的增加，龍脈術士越來越多地呈現其祖先的身體特徵。在1級，4級和7級時，龍脈術士已有的天生護甲AC（如果有）將會得到提升，如上表所示。這些加值疊加。	
CATEGORY=Special Ability|Dragon Disciple ~ Ability Boost.MOD	OUTPUTNAME:屬性增強（Ability Boost）	DESC:.CLEAR	DESC:當龍脈術士在此進階職業上提升等級時，角色的屬性值按上表進行提升。這些提升疊加，如同升級時獲得的增強。	
CATEGORY=Special Ability|Dragon Disciple ~ Bloodline Feat.MOD	OUTPUTNAME:血統專長（Bloodline Feat）	DESC:.CLEAR	DESC:當到達2級，以及之後每3個等級時，龍脈術士得到一個獎勵專長，該專長鬚從龍脈血統的獎勵專長列表中選擇。	
CATEGORY=Special Ability|Dragon Disciple ~ Dragon Bite.MOD	OUTPUTNAME:龍牙（Dragon Bite）	DESC:.CLEAR	DESC:2級時，無論龍脈術士是否使用血統能力長出爪子，他都能夠獲得嚙咬攻擊，這種天生武器使用龍脈術士的完整攻擊加值。龍脈術士將他的力量加值的1.5倍加在嚙咬的傷害值上。6級時，嚙咬攻擊同時附加1d6能量傷害。這種能量傷害的類型由龍脈術士選擇的血統決定。	
CATEGORY=Special Ability|Dragon Disciple ~ Breath Weapon.MOD	OUTPUTNAME:噴吐龍息（Breath Weapon）	DESC:.CLEAR	DESC:3級時，龍脈術士得到「噴吐龍息」血統能力，即使他的術士等級並不能給予他這項能力。一旦他的術士等級高到能夠從血統能力中得到「噴吐龍息」，龍脈術士可以得到每天額外的1次使用「噴吐龍息」的次數。噴吐武器的類型與形狀由龍脈術士選擇的龍的類型決定，同術士龍脈血統下的描述。	
CATEGORY=Special Ability|Dragon Disciple ~ Blindsense.MOD	OUTPUTNAME:盲感（Blindsense）	DESC:.CLEAR	DESC:5級時，龍脈術士得到30尺盲感。龍脈術士能通過視覺以外的感官察覺到他看不到的事物。當他與在他盲感能力範圍內的生物之間有效果線時，他通常不需要通過洞察檢定來注意並查明其位置。任何龍脈術士看不到的敵人對其仍保有全隱蔽，龍脈術士對全隱蔽敵人的攻擊仍然有正常的失手幾率。能見度依然會影響具有盲感的生物的移動。具有盲感的生物被他看不到的生物攻擊時依然無法擁有任何AC上的敏捷加值。10級時，該能力的範圍提升至60尺。	
CATEGORY=Special Ability|Dragon Disciple ~ Dragon Form.MOD	OUTPUTNAME:龍之形態（Dragon Form）	DESC:.CLEAR	DESC:7級時，龍脈術士可以變為龍的形態。這項能力如同「巨龍形態I」法術。10級時，這項能力如同「巨龍形態II」法術並且龍脈術士每天可以使用這項能力2次。他這項能力的施法者等級等同於他術士龍脈血統的等效術士等級。無論何時當他使用本能力時，他必須變為與他血統能力相同類型的龍。	
CATEGORY=Special Ability|Dragon Disciple ~ Wings.MOD	OUTPUTNAME:龍翼（Wings）	DESC:.CLEAR	DESC:9級時，龍脈術士得到「龍翼」血統能力，即使他的術士等級並不能給予他這項能力。一旦他的術士等級高到能夠從血統能力中得到龍翼，龍脈術士的速度提升至90尺。	
