CATEGORY=Special Ability|Gunslinger ~ Gunsmith.MOD	OUTPUTNAME:炮匠（Gunsmith）	DESC:.CLEAR	DESC:1級時，銃士獲得下列火器中一項：雷筒、滑膛槍或手槍。她的起始武器已磨損，只有她本人瞭解如何恰當使用。其他生物持用該火器時被認為破損。若武器本身已處於破損狀態，其他人根本無法使用。此起始武器可作為廢料出售（價值4d10gp）。【PFS】此武器出售價值為22金幣(4d10的平均值)。銃士同時獲得「槍匠」專長。	
CATEGORY=Special Ability|Gunslinger ~ Grit.MOD	OUTPUTNAME:勇毅（Grit）	DESC:.CLEAR	DESC:銃士用英勇行為在世界上留下印記。一些銃士聲稱她們屬於某種槍械的神秘之道，但更可能的是火器那不穩定且危險的天性簡單地削減了她們的不幸和疏忽。不管如何，所有銃士都擁有勇毅能力。用遊戲術語而言，勇毅值是一個表示銃士在戰鬥中完成驚人動作的能力的指標。在每天開始時，銃士在勇毅值上獲得等於其感知修正的點數（至少為1）。勇毅值在一天當中不停上下浮動，但一般不能高於銃士的感知修正（至少為1），不過一些專長和魔法物品可能會影響這一最大值。銃士花費勇毅值來完成炫技（見下文），並通過下述方式恢復勇毅值。	
CATEGORY=Special Ability|Gunslinger ~ Deeds.MOD	OUTPUTNAME:炫技（Deeds）	DESC:.CLEAR	DESC:銃士花費勇毅值來實現炫技。大多數炫技使銃士獲得一些短暫的加值或效果，但也有一些提供更長時間的持續性效果。一些炫技在銃士擁有至少1點勇毅值時持續生效。下面列出了銃士的基本炫技。銃士只能使用等於或低於她等級的炫技。除非特別說明，炫技通常都可以連續多次使用，只要花費對應該動作的適當勇毅值即可。	
CATEGORY=Special Ability|Gunslinger ~ Nimble.MOD	OUTPUTNAME:機敏（Nimble）	DESC:.CLEAR	DESC:2級起，當銃士穿著輕甲或無甲時AC獲得+1閃避加值。任何使銃士無法將敏捷加至AC的效果均會令本能力無效。此加值在2級後的每4級再+1，18級時為最大的+5。	
CATEGORY=Special Ability|Gunslinger ~ Gun Training.MOD	OUTPUTNAME:槍械訓練（Gun Training）	DESC:.CLEAR	DESC:5級開始，銃士可以選擇一種特定類型的火器（例如戰斧式滑膛槍、雷筒、滑膛槍或手槍）。她可以在該類型火器的傷害上獲得等於她敏捷修正的加值。此外，每當她使用該類型火器啞火時，該火器的啞火值增加2代替原本的加4。之後的每4級（9級、13級和17級），銃士選擇一種其他的火器類型，同樣獲得這些加值。	
CATEGORY=Special Ability|Gunslinger ~ True Grit.MOD	OUTPUTNAME:純正勇毅（True Grit）	DESC:.CLEAR	DESC:20級時，銃士可以選擇兩項她能夠使用、且須花費勇毅值的炫技。她可以在使用這些動作時少花費1點勇毅值（至少為0）。若完成該動作的勇毅值花費降為0，則銃士可以在擁有至少1點勇毅值時隨意使用該動作。若該炫技原本已可在擁有至少1點勇毅值時隨意使用，即便她勇毅值耗盡也可以自由使用。	
CATEGORY=Special Ability|Gunslinger ~ Deadeye.MOD	OUTPUTNAME:狙擊之眼（Deadeye）	DESC:.CLEAR	DESC:1級時，銃士可以在她的火器的第一個射程增量後瞄準接觸AC。使用本動作在第一個射程增量後的每個增量花費1點勇毅值。銃士在使用本動作時，仍舊在第一個射程增量後的每個增量受到攻擊檢定-2減值。	
CATEGORY=Special Ability|Gunslinger ~ Gunslinger's Dodge.MOD	OUTPUTNAME:銃士閃避（Gunslinger's Dodge）	DESC:.CLEAR	DESC:1級時，銃士在規避遠程攻擊時獲得驚艷竅門。當受到遠程攻擊時，銃士可以通過直覺動作，消耗1點勇毅以移動5尺，針對此次攻擊的AC將獲得+2加值。此移動並非5尺快步，會引發藉機攻擊。銃士也可以不移動而是臥倒，並使針對此次攻擊的AC獲得+4加值。銃士只能在穿著輕甲或無甲，且負載不超過輕載時使用此炫技。	
CATEGORY=Special Ability|Gunslinger ~ Quick Clear.MOD	OUTPUTNAME:快速清膛（Quick Clear）	DESC:.CLEAR	DESC:1級時，銃士可以用一個標準動作移除一件她當前正在使用的火器的破損狀況，只要該狀況是由於槍械啞火而造成。她只能在當前的勇毅值為1點以上時使用此動作。銃士也可以主動消耗1點勇毅值，以移動動作來完成此炫技。	
CATEGORY=Special Ability|Gunslinger ~ Gunslinger Initiative.MOD	OUTPUTNAME:把握主動（Gunslinger Initiative）	DESC:.CLEAR	DESC:3級時，只要銃士擁有至少1點勇毅值，她便在先攻檢定上獲得+2加值。若她同時擁有「即時備戰」專長，且她的雙手空閒且不受約束、火器也未被隱藏起來，她便可以拔出一把火器作為先攻檢定的一部分。	
CATEGORY=Special Ability|Gunslinger ~ Pistol-Whip.MOD	OUTPUTNAME:槍柄打擊（Pistol-Whip）	DESC:.CLEAR	DESC:3級時，銃士可以用她的火器的槍托或手柄以標準動作進行一次奇襲打擊。此動作令她視為擅長將該火器作為近戰武器般使用，並將該火器的增強加值應用於攻擊和傷害檢定。槍柄打擊所造成的傷害為鈍擊類型，大小由火器的尺寸決定。單手火器造成1d6點傷害（小體型生物為1d4），雙手火器造成1d10點傷害（小體型生物為1d8）。無論銃士體型如何，該攻擊的重擊倍率都是20/x2。若攻擊命中，銃士可以通過一個自由動作進行戰技攻擊檢定，以將目標擊倒。使用此炫技花費1點勇毅值。	
CATEGORY=Special Ability|Gunslinger ~ Utility Shot.MOD	OUTPUTNAME:萬用射擊（Utility Shot）	DESC:.CLEAR	DESC:3級時，只要銃士擁有至少1點勇毅值，就可以做出下列的射擊效果。每種射擊效果可應用於單次的火器攻擊，但銃士必須在攻擊前聲明使用何種效果。破鎖：銃士可以用攻擊檢定對抗一把鎖，該鎖須在她的火器的第一個射程增量內。小型鎖通常擁有7點AC，更大的鎖則擁有更高的AC。鎖依其品質在對抗此攻擊的AC上獲得加值。簡易鎖擁有+10加值，中級鎖擁有+15加值，優質鎖為+20，卓越鎖則為+30。秘法鎖在對抗此攻擊的AC上獲得+10加值。若命中，則鎖被破壞，而目標可以如同未上鎖一般被打開。若未命中，則鎖被破壞，但目標被卡住，而仍舊視為被鎖住。該死鎖可以繼續使用本動作、解除裝置技能、或擊破DC來解鎖，但對應的DC或AC增加10。鑰匙、密碼或類似的機械方法對死鎖不再有效，但敲擊術仍舊能夠繞過鎖具起效，而秘法鎖的創造者也仍舊可以通過該法術的防護開鎖。射飛無主物品：銃士可以用攻擊檢定對抗一個超小型或更小的無主物品，該物品須在她的火器的第一個射程增量中。一個超小型物品擁有5點AC，微型為7點，超微型為11點。若命中，銃士的該次攻擊並不傷害到該物品，但可以由射擊的起點將其向遠處移動15尺。若未命中，則銃士正常傷害該物品。止血：銃士可以進行一次火器攻擊，並將火熱的槍管壓在一個鄰近生物身上以便為一個流血傷口。作為造成傷害的替代，該次射擊會結束受影響生物身上的一個流血效果。銃士在使用此動作時無需進行攻擊檢定；她可以向空中射擊，但該次射擊仍需正常花費彈藥。	
CATEGORY=Special Ability|Gunslinger ~ Dead Shot.MOD	OUTPUTNAME:致命射擊（Dead Shot）	DESC:.CLEAR	DESC:7級時，銃士可以通過一個整輪動作，對單體目標進行一次傾注全力的精確打擊。她用火器攻擊進行一次攻擊，但進行由基本攻擊加值決定的多次投骰，如同正常整輪攻擊般從高到低排列。若其中任一次攻擊投骰成功，則視為射擊命中；每一次額外的成功攻擊追加基於火器傷害骰的傷害。舉例而言，7級銃士持滑膛槍進行兩次攻擊且命中，在計算其他傷害前將以2d12取代1d12作為基本傷害骰。基於精準攻擊的傷害和基於武器特性的額外傷害（如熾焰）可以加至傷害，但不會因多次成功投骰而疊加。若其中一次攻擊進入重擊威脅，銃士採用最高基本攻擊加值-5來確認重擊，額外的每次造成重擊威脅的攻擊將使重擊確認中的減值下降1（最小為0）。只有當全部攻擊投骰都落入啞火範圍，銃士才會在致命射擊中遭受啞火。她不能在使用雷筒或其他霰彈火器攻擊錐形區域時使用此炫技。銃士使用此炫技須消耗1點勇毅值。	
CATEGORY=Special Ability|Gunslinger ~ Startling Shot.MOD	OUTPUTNAME:驚異射擊（Startling Shot）	DESC:.CLEAR	DESC:7級時，至少擁有1點勇毅值的銃士可以通過一個標準動作，刻意使一次本應命中的火器攻擊失手，令攻擊目標在下一輪行動開始前陷入措手不及狀態。	
CATEGORY=Special Ability|Gunslinger ~ Targeting.MOD	OUTPUTNAME:精確瞄準（Targeting）	DESC:.CLEAR	DESC:7級時，銃士可以通過一個整輪動作，對目標身體的特定位置進行一次火器攻擊，並獲得下列基於該目標肢體部分的對應效果。若某生物並不擁有某項列出的肢體部分，則無法瞄準此肢體。本炫技無論瞄準何部位均花費1點勇毅值。免疫偷襲的生物同樣免疫這些效果。手臂：攻擊命中時，目標不受任何傷害，但掉落一樣你所選擇的手持物品，即使該物品被雙手持有。帶鎖鐵手套持有的物品不會因此掉落。頭部：攻擊命中時，目標正常受到傷害，並困惑1輪。這是影響心靈效果。腿部：攻擊命中時，目標正常受到傷害並被擊倒。有四條以上腿或免疫絆摔的生物對此效果免疫。軀幹：瞄準軀幹會令攻擊的重擊範圍翻倍。翅膀：攻擊命中時，目標正常受到傷害且須通過DC為20的飛行技能檢定，失敗則墜落20尺。	
CATEGORY=Special Ability|Gunslinger ~ Bleeding Wound.MOD	OUTPUTNAME:傷口出血（Bleeding Wound）	DESC:.CLEAR	DESC:11級時，當銃士用火器攻擊命中一個活物時，她可以用一個自由動作花費1點勇毅值來令該次攻擊造成額外出血傷害。出血傷害值等於銃士的敏捷修正。或者替代性的，銃士可以花費2點勇毅值來造成1點力量、敏捷或體質值的出血傷害（隨銃士選擇）。免疫偷襲傷害的生物同樣免疫任意類型的出血傷害。	
CATEGORY=Special Ability|Gunslinger ~ Expert Loading.MOD	OUTPUTNAME:裝填專家（Expert Loading）	DESC:.CLEAR	DESC:11級時，每當銃士在破損的槍械啞火時，她可以花費1點勇毅值來使槍械免於爆炸，但它仍舊保持破損狀態。	
CATEGORY=Special Ability|Gunslinger ~ Lightning Reload.MOD	OUTPUTNAME:閃電裝填（Lightning Reload）	DESC:.CLEAR	DESC:11級時，至少擁有1點勇毅值的銃士可以通過迅捷動作為單手或雙手火器的單筒進行裝填，每輪1次。若她已有「快速裝填」專長或使用煉金定裝彈（或兩者兼備），她可通過自由動作進行上述裝填。此外，使用此炫技不會招致藉機攻擊。	
CATEGORY=Special Ability|Gunslinger ~ Evasive.MOD	OUTPUTNAME:閃避精通（Evasive）	DESC:.CLEAR	DESC:15級時，至少擁有1點勇毅值的銃士獲得「反射閃避」、「直覺閃避」和「精通直覺閃避」等盜賊職業能力。在計算「精通直覺閃避」能力時，用銃士等級取代盜賊等級。	
CATEGORY=Special Ability|Gunslinger ~ Menacing Shot.MOD	OUTPUTNAME:威嚇射擊（Menacing Shot）	DESC:.CLEAR	DESC:15級時，銃士可以消耗1點勇毅值朝天鳴槍，使30尺半徑爆發範圍內所有生物如同受到「恐懼術」效果。此效果意志豁免DC為「10+1/2銃士等級+感知修正」。	
CATEGORY=Special Ability|Gunslinger ~ Slinger's Luck.MOD	OUTPUTNAME:槍手之幸（Slinger's Luck）	DESC:.CLEAR	DESC:15級時，銃士可以消耗勇毅值重投豁免或技能檢定。重投豁免和技能檢定分別消耗1點和2點勇毅值。銃士必須接受重投結果，即便更糟。此炫技消耗的勇毅值點數，無法通過「純正勇毅」能力、「標誌動作」專長或其他類似效果所降低。	
CATEGORY=Special Ability|Gunslinger ~ Cheat Death.MOD	OUTPUTNAME:詐死偽裝（Cheat Death）	DESC:.CLEAR	DESC:19級時，若銃士的生命值將要被降至0點以下，她可以消耗所有當前勇毅值（至少1點）使生命值降至1。	
CATEGORY=Special Ability|Gunslinger ~ Death's Shot.MOD	OUTPUTNAME:死亡射擊（Death's Shot）	DESC:.CLEAR	DESC:19級時，每當銃士造成重擊，她可以花費1點勇毅值來選擇造成正常傷害，且目標需進行強韌豁免檢定，DC等於「10+1/2銃士等級+敏捷修正」。豁免檢定失敗則目標死亡。這是即死效果，使用本炫技不會使銃士通過造成重擊來恢復勇毅值。	
CATEGORY=Special Ability|Gunslinger ~ Stunning Shot.MOD	OUTPUTNAME:暈眩射擊（Stunning Shot）	DESC:.CLEAR	DESC:19級時，每當銃士攻擊命中，她可以花費2點勇毅值，迫使對方進行DC為「10+1/2銃士等級+感知修正」的強韌豁免，失敗則震懾1輪。免疫重擊的生物同樣免疫本效果。	
CATEGORY=Special Ability|Buccaneer ~ Deeds.MOD	OUTPUTNAME:銃技（Deeds）	DESC:.CLEAR	DESC:一名海賊以以下這些銃技來替換正常銃士的四個銃技。【譯註：『老水手的詛咒』以及『黑色印記』法術在人類法術中，見下文。】	
CATEGORY=Special Ability|Buccaneer ~ Seadog's Gait.MOD	OUTPUTNAME:海豹步法（Seadog's Gait）	DESC:.CLEAR	DESC:在1級時，一名海賊獲得「海腿子」作為獎勵專長。若花費1點勇毅點數，她可忽視困難地形直到其行動輪結束。這一銃技取代快速清膛。	
CATEGORY=Special Ability|Buccaneer ~ Pirate's Jargon.MOD	OUTPUTNAME:海賊黑話（Pirate's Jargon）	DESC:.CLEAR	DESC:在3級時，海賊用航海術語和海賊黑話中的虛詞空話為自己的唬騙和威嚇檢定提供了+2加值。此外，以一個迅捷動作，她可以花費1點勇毅點數使一名30尺內的活物進行一次DC為「10+1/2海賊等級+魅力修正」的意志豁免，若未通過則困惑1輪。這是一個基於語言的〔影響心智〕的能力。這一銃技取代槍柄打擊。	
CATEGORY=Special Ability|Buccaneer ~ Rope Swing.MOD	OUTPUTNAME:搖擺繩技（Rope Swing）	DESC:.CLEAR	DESC:在7級時，只要一名海賊擁有至少1點勇毅點數，她便能在攀爬繩索或借助繩索擺動的特技檢定、以及攀爬檢定獲得相當於其海賊等級的加值。若她花費1點勇毅點數，便可以在上述動作的移動中不引發藉機攻擊。這一銃技取代致命射擊。	
CATEGORY=Special Ability|Buccaneer ~ Grit.MOD	OUTPUTNAME:勇毅（Grit）	DESC:.CLEAR	DESC:如同大海一樣，海賊的力量來自他本身。她使用魅力修正而不是感知修正來決定其每日初始勇毅點數。除此之外，這一能力如同銃士的勇毅能力般運作。【譯註：上限還是用感知決定，而且是paizo故意的】	
CATEGORY=Special Ability|Buccaneer ~ Liquid Courage.MOD	OUTPUTNAME:對酒當歌（Liquid Courage）	DESC:.CLEAR	DESC:在2級時，海賊可以通過烈酒來強化自己的勇毅能力。海賊可以通過一個引發藉機攻擊的標準動作飲酒，每次如是飲酒都會提供1點醉意點數（grog point）。醉意點數代替勇毅點數來發動銃技或勇毅專長的能力（包括那些需求擁有至少1點勇毅點數的能力）。海賊每日最多可以獲得相當於其體質修正（至少為1）的醉意點數，醉意點數會持續存在1小時或被使用後消失，以先發生者為準。海賊還會獲得相當於當前醉意點數總值的加值在對抗恐懼效果的豁免和對抗藉機攻擊的AC上。這一能力取代機敏。	
CATEGORY=Special Ability|Buccaneer ~ Exotic Pet.MOD	OUTPUTNAME:奇特寵物（Exotic Pet）	DESC:.CLEAR	DESC:在5級時，海賊獲得一隻魔寵，以海賊等級的一半作為其法師等級來計算（但該奇異寵物不會獲得「傳遞接觸法術」或「法術共享」能力）。這一魔寵一般來說是隻猴子或鸚鵡（後者採用渡鴉魔寵的數據）。這類動物是優秀的斥候，即便是在戰鬥中。只要該寵物處於海賊30尺內，海賊便能獲得「反射閃避」能力的好處。這一能力取代槍械訓練1。	
CATEGORY=Special Ability|Buccaneer ~ Sword and Pistol.MOD	OUTPUTNAME:槍劍擊鳴（Sword and Pistol）	DESC:.CLEAR	DESC:在9級時，海賊獲得「槍劍擊鳴」作為獎勵專長，即使她並未滿足先決條件。這一能力取代槍械訓練2。	
CATEGORY=Special Ability|Buccaneer ~ Gun Training.MOD	OUTPUTNAME:槍械訓練（Gun Training）	DESC:.CLEAR	DESC:海賊僅在13級時獲得對單一種類火器的該能力。	
CATEGORY=Special Ability|Buccaneer ~ Raider's Riposte.MOD	OUTPUTNAME:海賊反擊（Raider's Riposte）	DESC:.CLEAR	DESC:在17級時，一旦一名敵人在對海賊的藉機攻擊中失手，他便會引發海賊的藉機攻擊。這一能力取代槍械訓練4。	
CATEGORY=Special Ability|Bushwhacker ~ Trembling Grit.MOD	OUTPUTNAME:顫慄勇毅（Trembling Grit）	DESC:.CLEAR	DESC:1級起，在每天開始時，游擊隊員獲得的勇毅值等同於他「感知修正-1」點（最少1點）。除了通常銃士恢復勇毅值的方式以外，游擊隊員將沒有注意到他或者無助的敵人的生命值降低至0或更低也可以獲得1點勇毅值。由於這增加了游擊隊員得到勇毅值的方法，因此游擊隊員以削弱一名沒有注意他或無助的敵人的方式只能獲得1點勇毅值，而不是2點。【編註：這個說法很奇怪，因為通過常規重擊或擊殺恢復勇毅值也只有1點。】該能力改變正常的勇毅並且在其他方面如同普通的銃士勇毅一般運作。	
CATEGORY=Special Ability|Bushwhacker ~ Shifty Shot.MOD	OUTPUTNAME:詭詐射擊（Shifty Shot）	DESC:.CLEAR	DESC:3級起，只要游擊隊員擁有至少1點勇毅值就可以在使用火器攻擊失去AC敏捷加值（無論目標本身敏捷是否為加值）的敵人時造成1d6點額外傷害。除了必須使用火器並且擁有至少1點勇毅值以外，該銃技在其他方面如同盜賊的【偷襲】職業能力一般運作（包括目標必須在他30尺範圍內才能造成額外傷害），該傷害與【偷襲射擊】以及偷襲疊加。該銃技取代萬用射擊。	
CATEGORY=Special Ability|Bushwhacker ~ Long Range Shifty Shot.MOD	OUTPUTNAME:遠距離詭詐射擊（Long Range Shifty Shot）	DESC:.CLEAR	DESC:7級起，游擊隊員只要使用火器並且花費1點勇毅值，就可以使偷襲或【詭詐射擊】造成額外傷害的距離提高一倍（從30尺增加至60尺）。若游擊隊員使用此銃技，當他花費勇毅值後，必須仍舊擁有至少1點勇毅值才能使用【詭詐射擊】造成額外傷害。該銃技取代精確瞄準。	
CATEGORY=Special Ability|Bushwhacker ~ Sneak Shot.MOD	OUTPUTNAME:偷襲射擊（Sneak Shot）	DESC:.CLEAR	DESC:4級起，以及之後的每4個等級，當游擊隊員使用火器攻擊無法很好保護自己的敵人時額外多造成1d6點傷害。與【詭詐射擊】不同，無論他是否擁有勇毅值均可以在攻擊時造成額外傷害。除了他必須使用火器攻擊，該能力在其他方面如同盜賊的【偷襲】職業能力一般運作。該額外傷害與【偷襲射擊】以及偷襲疊加。該能力取代銃士4級、8級、12級、16級以及20級的獎勵專長。	
CATEGORY=Special Ability|Experimental Gunsmith ~ Experimental Firearm.MOD	OUTPUTNAME:實驗用火器（Experimental Firearm）	DESC:.CLEAR	DESC:1級時，一名實驗派槍匠在開始遊戲時擁有一件實驗用火器。這如同銃士的【炮匠】能力般運作，但是實驗用火器在開始時具有一項【技術創新（見下文）】。此外，實驗派槍匠僅在考慮其初始火器（或為在初始火器遺失的情況下進行的替換製造）時被視為擁有「槍匠」專長。這一能力在其他方面如同標準銃士的炮匠能力般運作，並取代這些能力。	
CATEGORY=Special Ability|Experimental Gunsmith ~ Innovations.MOD	OUTPUTNAME:技術創新（Innovations）	DESC:.CLEAR	DESC:實驗派槍匠在遊戲開始時擁有一項可以添加在其實驗用火器上的【技術創新】，由下表中選擇。這一技術創新是對一件普通火器設計的顛覆性改變，同時具有額外的優勢和值得注意的缺陷。實驗派槍匠只能擁有一把具有一項或多項技術創新的實驗性火器，且其要求持續的調校，槍匠許多的時間都花費用於維護該武器。若實驗派槍匠獲得了「槍匠」專長，她可以製造具有一項她已知【技術創新】的其他火器（或在一把已經存在的火器上添加技術創新），雖然這樣的武器在之後會越變越不可靠。這類火器的啞火值在製造後的每週都會增加1點，儘管實驗派槍匠可以通過花費1天時間和50gp的原材料來維護武器以將其啞火值復原。在考慮製造該類武器時，每件技術創新都被視為是精製品武器性質（價值300gp）。在5級和之後的每4級（9級，13級和17級），實驗派槍匠都會從下表中習得一項新的【技術創新】。它們代表了對一件她所擁有的火器的持續增長的工藝技巧，且當實驗派槍匠獲得一項【技術創新】時，她可以立刻將其添加在她的實驗用火器上。一旦選擇一項【技術創新】，即無法改變。這一能力取代槍械訓練。	
CATEGORY=Special Ability|Experimental Gunsmith Innovations ~ Expanded Capacity.MOD	OUTPUTNAME:擴充彈倉（Expanded Capacity）	DESC:.CLEAR	DESC:實驗派槍匠將她的火器彈倉容量擴大1（一般來說是增加一個額外的槍管，取決於武器設計）。她同時還會增加火器的重量50%%。因為擴大彈倉容量的複雜性，她的火器更容易啞火，啞火值上升1（對於由「槍匠」專長製造的武器，這一啞火值是其他啞火值上升之外的）。	
CATEGORY=Special Ability|Experimental Gunsmith Innovations ~ Expanded Chamber.MOD	OUTPUTNAME:擴充槍膛（Expanded Chamber）	DESC:.CLEAR	DESC:實驗派槍匠的火器擁有一個比正常情況下大得多的盛放黑火藥的槍膛，允許她在每次設計時使用2份黑火藥。武器在傷害擲骰上獲得+1環境加值。然而，當火器啞火時，會產生一瞬間的燃燒。這如同武器爆炸（對實驗派槍匠所在方格周圍一圈造成傷害），不過該武器不會自動破損。如果一件破損的武器啞火，它會正常毀壞。	
CATEGORY=Special Ability|Experimental Gunsmith Innovations ~ Grapple Launcher.MOD	OUTPUTNAME:爪鉤發射器（Grapple Launcher）	DESC:.CLEAR	DESC:實驗派槍匠的火器包括了一件特殊的拉軌裝置，讓她能以一個整輪動作將一件爪鉤拉入槍膛並將其發射。爪鉤會抓住任何槍匠通過成功的攻擊擲骰命中的東西，移除爪鉤的力量檢定DC等同於她將其固定時的攻擊檢定。一個成功的解除裝置檢定可以移除它（在檢定上具有+5加值），一名被爪鉤擊中的生物可以通過戰技檢定或脫逃檢定移除它（在檢定上具有+5加值）。火器足夠發射帶有100尺長繩子的爪鉤，但是會讓實驗派槍匠的火器失去平衡，射程增量降低50%%。	
CATEGORY=Special Ability|Experimental Gunsmith Innovations ~ Recoilless.MOD	OUTPUTNAME:無後座力（Recoilless）	DESC:.CLEAR	DESC:實驗派槍匠的火器包含了一系列設計用來減少後座力從而增加精度的齒輪、彈簧和活塞。武器的射程增量增加10尺。然而，該系統脆弱且易被毀壞。一旦武器啞火，該系統就會損壞，直到實驗派槍匠花費1小時修好它前都不會產生作用。	
CATEGORY=Special Ability|Experimental Gunsmith Innovations ~ Vial Launcher.MOD	OUTPUTNAME:藥管發射器（Vial Launcher）	DESC:.CLEAR	DESC:實驗派槍匠在她的火器中添加一件獨特的藥管，可以儲存一份化學材料，比如熾火膠、絆足包或爆雷石。一個特殊的裝置讓她能夠將黑火藥產生的推力進入藥管，並以一次遠程攻擊發射該藥管，射程增量為火器射程增量的一半，且可以使用她持用火器的攻擊加值。若該化學物質有豁免DC，它在被實驗派槍匠從火器中發射時變為「10+1/2實驗派槍匠等級+感知修正」。這一增加僅對第一次豁免有效。如果需要進行額外的豁免，它們如常計算。裝填藥管是一個耗費時間的過程，需要兩個整輪動作。如果武器在裝填有化學物質時啞火，它將實驗派槍匠（和其火器）作為目標。	
CATEGORY=Special Ability|Gulch Gunner ~ Grit.MOD	OUTPUTNAME:勇毅（Grit）	DESC:.CLEAR	DESC:1級起，深谷槍手如同普通銃士一樣獲得勇毅。然而，專注於近接作戰導致深谷槍手恢復勇毅值的環境設置略有不同。	
CATEGORY=Special Ability|Gulch Gunner ~ Daring Adjacent Shot.MOD	OUTPUTNAME:零距離射擊（Daring Adjacent Shot）	DESC:.CLEAR	DESC:若深谷槍手在每輪第一時間使用遠程火器攻擊鄰近的敵人並引發藉機攻擊，則恢復1點勇毅值。對無助、沒有意識的或者HD低於你一半的鄰近生物進行射擊無法獲得勇毅值，使用能力用遠程攻擊對深谷槍手進行藉機攻擊也不會使其恢復勇毅值。該能力取代以火器重擊恢復勇毅值。	
CATEGORY=Special Ability|Gulch Gunner ~ Deeds.MOD	OUTPUTNAME:銃技（Deeds）	DESC:.CLEAR	DESC:深谷槍手擁有一些獨特的銃技，這些動作取代了部分普通銃士的銃技。下列銃技遵循所有普通銃士銃技的規則以及限制。	
CATEGORY=Special Ability|Gulch Gunner ~ Flash and Shock.MOD	OUTPUTNAME:閃光衝擊（Flash and Shock）	DESC:.CLEAR	DESC:1級起，深谷槍手可以利用火器的閃光和聲響擺脫近距敵人的攻擊。當她使用火器攻擊第一個射程增量內的敵人時，她可以花費1點勇毅值在AC上獲得+4點環境加值針對該敵人的攻擊直到她下回合開始。她只能在裝備中甲、輕甲或者不穿甲，並且負重不超過輕載時使用該銃技。該銃技取代狙擊之眼。	
CATEGORY=Special Ability|Gulch Gunner ~ Powder Burns.MOD	OUTPUTNAME:火藥噴燃（Powder Burns）	DESC:.CLEAR	DESC:3級起，深谷槍手學會了使用火器在極近距離造成最大傷害的技巧。當深谷槍手成功以遠程火器命中鄰近的敵人時，她可以花費1點勇毅值利用她槍口的閃光額外造成1d6火焰傷害。目標必須成功進行一次DC為「10+1/2深谷槍手等級+感知修正」的反射豁免，否則將被引燃。該銃技取代槍柄打擊。	
CATEGORY=Special Ability|Gulch Gunner ~ Staggering Shot.MOD	OUTPUTNAME:恍惚射擊（Staggering Shot）	DESC:.CLEAR	DESC:15級起，當深谷槍手用遠程火器攻擊命中鄰近目標時，目標必須成功進行一次DC為「10+1/2深谷槍手等級+感知修正」的強韌豁免，則將會恍惚1d4輪。該銃技取代威嚇射擊。【譯註：該能力沒有提及需要剩餘的勇毅值、消耗的勇毅值或任何和勇毅值相關的描述。】【編註：節操起見，1點為宜。】	
CATEGORY=Special Ability|Gulch Gunner ~ Belly Shot.MOD	OUTPUTNAME:開膛射擊（Belly Shot）	DESC:.CLEAR	DESC:9級起，深谷槍手可以握住她的火器對鄰近目標的弱點進行直擊以造成額外傷害。當深谷槍手用遠程火器攻擊命中鄰近目標時，她額外造成1d6點傷害。該傷害在13級時提高到2d6，在17級時提高到3d6。免疫精確傷害、重擊以及偷襲的生物不會受到該額外傷害。該能力取代9級、13級和17級的槍械訓練。	
CATEGORY=Special Ability|Gun Tank ~ Gun Tank's Resolve.MOD	OUTPUTNAME:裝甲堅韌（Gun Tank's Resolve）	DESC:.CLEAR	DESC:在1級時，裝甲射手學會了如何卸開最沉重的猛擊。當他穿著中甲或重甲，並且受到重擊或偷襲的時候，他可以透過一個直覺動作消耗1點勇毅點數，讓重擊是偷襲無效化。1級時他有25%%的機會使重擊或偷襲失效，10級時上升到50%%，15級時為75%%。此能力不能和護命盔甲疊加計算，但是可以和護命或類似的效果聯合發動——也就是說，裝甲射手可以在護命盔甲阻擋重擊或偷襲失敗之後，發動這個能力來嘗試使對方攻擊變成普通攻擊。此銃技取代銃士閃避。	
CATEGORY=Special Ability|Gun Tank ~ Gun Tank's Resilience.MOD	OUTPUTNAME:裝甲強悍（Gun Tank's Resilience）	DESC:.CLEAR	DESC:15級時，裝甲射手只要還有至少1點的勇毅點數，他就可以讓通過強韌檢定會傷害減半的攻擊完全不造成傷害。此外，他還在對抗恐懼和影響心靈效果時得到+2的加值。此銃技取代閃避精通。	
CATEGORY=Special Ability|Gun Tank ~ Bullet Deflection.MOD	OUTPUTNAME:防彈裝甲（Bullet Deflection）	DESC:.CLEAR	DESC:2級起，裝甲射手找到了改造盔甲以防禦子彈的秘訣。只要他穿著重甲或中甲，他在對抗非攻城性火器和濺射攻擊（如煉金術師炸彈）時AC獲得「1/2護甲加值+護甲增強加值」的偏斜加值。此能力對法術、類法術能力與需要做接觸攻擊的超自然能力時沒有效果。此能力取代機敏。	
CATEGORY=Special Ability|Gun Tank ~ Armor Training.MOD	OUTPUTNAME:盔甲訓練（Armor Training）	DESC:.CLEAR	DESC:4級時，裝甲射手能夠更有效率的穿著和使用護甲。當他穿著盔甲時，盔甲檢定減值減少1點（最小為0），而盔甲提供的最大敏捷加值上升1點。之後的每4級，盔甲檢定減值再降低1點，最大敏捷加值也上升1點，直到盔甲檢定減值降低4點而且最大敏捷加值上升4點為止。此能力和戰士的同名能力疊加，如果他同時擁有這兩個職業能力，他將得到這兩職業中最有利的加值【譯者註：就是說疊加之後會取得戰士的不減速】。此能力取代第4級和之後每4級的獎勵專長。	
CATEGORY=Special Ability|Musket Master ~ Steady Aim.MOD	OUTPUTNAME:穩定瞄準（Steady Aim）	DESC:.CLEAR	DESC:1級時，只要步槍士還有1點勇毅點數，他就可以用一個移動動作來強化雙手火器的精確性。當他這麼做的時候，他所持用火槍的射程增量距離增加10尺，此加值和其他增加射程增量的加值疊加。此銃技取代銃士閃避。	
CATEGORY=Special Ability|Musket Master ~ Fast Musket.MOD	OUTPUTNAME:步槍裝填（Fast Musket）	DESC:.CLEAR	DESC:3級時，只要步槍士還有1點勇毅點數，他就可以把雙手火槍當作單手火器來填裝。此銃技取代萬用射擊。	
CATEGORY=Special Ability|Musket Master ~ Rapid Reloader.MOD	OUTPUTNAME:快速裝填（Rapid Reloader）	DESC:.CLEAR	DESC:1級時，步槍士得到「快速裝填」做為獎勵專長。	
CATEGORY=Special Ability|Musket Master ~ Musket Training.MOD	OUTPUTNAME:步槍訓練（Musket Training）	DESC:.CLEAR	DESC:5級起，步槍士對於他的雙手火槍變的更加精熟，他在雙手火槍的傷害上得到相當於敏捷修正的加值。而且，當他使用步槍啞火時，啞火值增加2，而不是原本的4點。之後每4級，他會獲得1點額外的傷害加值。此能力取代火器訓練1，2，3，4。	
CATEGORY=Special Ability|Mysterious Stranger ~ Grit.MOD	OUTPUTNAME:勇毅（Grit）	DESC:.CLEAR	DESC:異鄉人們擁有難以被估量的力量，他們用魅力來決定勇毅值上限和每天起始的勇毅點數，而不是感知。除此之外，此能力和一般銃士的勇毅相同。	
CATEGORY=Special Ability|Mysterious Stranger ~ Focused Aim.MOD	OUTPUTNAME:專注瞄準（Focused Aim）	DESC:.CLEAR	DESC:1級時，異鄉人可以用一個迅捷動作消耗1點勇毅點數，讓他在該輪內所有的火器攻擊得到相當於他魅力修正的傷害加值。7級時，當他使用「死亡射擊」時，他能將此加值加到「死亡射擊」每次攻擊的傷害骰上。此銃技取代快速清膛。	
CATEGORY=Special Ability|Mysterious Stranger ~ Clipping Shot.MOD	OUTPUTNAME:切裂射擊（Clipping Shot）	DESC:.CLEAR	DESC:11級時，當異鄉人的火器攻擊失手，他可以消耗1點勇毅點數來對目標造成相當於他正常命中的一半傷害。他可以在攻擊失手後才啟動這個銃技。此銃技無法作用在「死亡射擊」上，且無法通過「純正勇毅」能力、「標誌動作」專長或其他類似效果所降低勇毅值消耗。此銃技取代傷口出血。	
CATEGORY=Special Ability|Mysterious Stranger ~ Lucky.MOD	OUTPUTNAME:幸運（Lucky）	DESC:.CLEAR	DESC:2級起，異鄉人的意志豁免得到+1幸運加值，此加值再之後的每4級上升1，最高+5。此能力取代機敏。	
CATEGORY=Special Ability|Mysterious Stranger ~ Stranger's Fortune.MOD	OUTPUTNAME:異鄉人的好運（Stranger's Fortune）	DESC:.CLEAR	DESC:5級起，異鄉人可以忽略火槍啞火，每日可用的次數等同於他的魅力修正。使用此能力是一個自由動作。此能力取代槍械訓練I。	
CATEGORY=Special Ability|Pistolero ~ Up Close and Deadly.MOD	OUTPUTNAME:零距離致命接觸（Up Close and Deadly）	DESC:.CLEAR	DESC:1級時，當短槍手用非霰彈類子彈射擊一個目標時，他可以花費1點勇毅點數，額外造成1d6點傷害。如果該次攻擊失手，他的子彈將擦過目標，造成額外傷害一半的傷害。他必須在擲骰前宣佈使用此能力，額外傷害不會在重擊時翻倍。此傷害在5級達到2d6，10級3d6，15級4d6，20級時變成5d6。此傷害和偷襲、其他類似的精準傷害加值疊加。此銃技取代狙擊之眼。	
CATEGORY=Special Ability|Pistolero ~ Deadeye.MOD	OUTPUTNAME:狙擊之眼（Deadeye）	DESC:.CLEAR	DESC:7級時，短槍手得到「狙擊之眼」銃技。此能力如同1級被取代掉的動作。此銃技取代驚異射擊。	
CATEGORY=Special Ability|Pistolero ~ Twin Shot Knockdown.MOD	OUTPUTNAME:雙發擊倒（Twin Shot Knockdown）	DESC:.CLEAR	DESC:11級時，當短槍手在自己的回合中以短火器兩次命中同一目標時，他可以花費1點勇毅點數將目標擊倒。他能在攻擊命中之後再花費勇毅點數。此銃技取代傷口出血。	
CATEGORY=Special Ability|Pistolero ~ Pistol Training.MOD	OUTPUTNAME:手槍訓練（Pistol Training）	DESC:.CLEAR	DESC:5級起，短槍手對於他的單手火器變的更加精熟，他在單手火器的傷害上得到相當於敏捷修正的加值。而且，當他使用單手火器啞火時，啞火值增加2，而不是原本的4點。之後每4級，他會獲得1點額外的傷害加值。此能力取代火器訓練1，2，3，4。	
CATEGORY=Special Ability|Bolt Ace ~ Grit.MOD	OUTPUTNAME:勇毅（Grit）	DESC:.CLEAR	DESC:一名王牌弩手會在他使用任何種類的弩確認重擊或一弩致命（deals a killing blow，見銃士一槍致命）時回復勇毅值，這取代標準的勇毅職業能力。	
CATEGORY=Special Ability|Bolt Ace ~ Sharp Shoot.MOD	OUTPUTNAME:精準射擊（Sharp Shoot）	DESC:.CLEAR	DESC:在1級時，一名王牌弩手可以在射擊一個位於武器第一個射程增量內的目標時對抗敵人的接觸AC而非普通AC。啟動該勇毅動作消耗1點勇毅值。該勇毅動作取代狙擊之眼。該能力的消耗無法被任何減少消耗的能力（比如招牌動作專長）或效果減少。	
CATEGORY=Special Ability|Bolt Ace ~ Vigilant Loading.MOD	OUTPUTNAME:警覺裝填（Vigilant Loading）	DESC:.CLEAR	DESC:在1級時，一名王牌弩手只要還有至少1點勇毅值，他在裝填弩時就不會造成敵人的機會攻擊。該勇毅動作取代快速清膛。	
CATEGORY=Special Ability|Bolt Ace ~ Shooter's Resolve.MOD	OUTPUTNAME:射手決意（Shooter's Resolve）	DESC:.CLEAR	DESC:在3級時，一名王牌弩手可以花費1點勇毅值用一個標準動作使用弩進行一次攻擊，並在這次攻擊中忽略所有的隱蔽（除了全隱蔽）和掩蔽（除了全掩蔽）效果。該勇毅動作取代萬用射擊。	
CATEGORY=Special Ability|Bolt Ace ~ Distracting Shot.MOD	OUTPUTNAME:擾亂射擊（Distracting Shot）	DESC:.CLEAR	DESC:在7級時，一名王牌弩手可以花費1點勇毅值並選擇故意射失一次本來正常會用弩命中敵人的遠程攻擊。當他這麼做後，目標會在1輪內失去AC上的敏捷加值。該勇毅動作取代驚異射擊。	
CATEGORY=Special Ability|Bolt Ace ~ Vigilant Shooter.MOD	OUTPUTNAME:警覺射手（Vigilant Shooter）	DESC:.CLEAR	DESC:在11級時，一名王牌弩手只要至少還有1點勇毅值，他在使用弩射擊時就不會造成機會攻擊。該勇毅取代裝填專家。	
CATEGORY=Special Ability|Bolt Ace ~ Inexplicable Reload.MOD	OUTPUTNAME:奇妙裝填（Inexplicable Reload）	DESC:.CLEAR	DESC:在11級時，對一名王牌弩手來說，裝填弩矢會成為一種不假思索的本能。只要一名王牌弩手還有至少1點勇毅值，他在戰鬥的每一輪開始時（包括突襲輪），弩始終會處於已裝填狀態。另外，對於一名王牌弩手來說，裝填弩箭的動作會降低一個等級：標準動作降低為移動動作，移動動作降低為迅捷動作，迅捷動作降低為自由動作，而如果他之前可以以自由動作裝填，那麼他裝填弩矢不需要動作。該勇毅動作取代閃電裝填。	
CATEGORY=Special Ability|Bolt Ace ~ Pinning Shot.MOD	OUTPUTNAME:釘刺射擊（Pinning Shot）	DESC:.CLEAR	DESC:在15級時，一名王牌弩手可以在用弩射擊時花費1點勇毅值嘗試定住他所射擊的目標。如果這次攻擊成功命中，它能夠將目標釘在一個臨近物體上，一堵牆上，或是直接釘在地上，使目標受到糾纏和恍惚效果。在被擊倒後，一名目標不能移動出所在的格子，除非它花費一個標準動作將自己從這只釘刺弩矢上解放出來，或是使用傳送的方法離開所在位置。該勇毅動作取代威嚇射擊。	
CATEGORY=Special Ability|Bolt Ace ~ Crossbow Training.MOD	OUTPUTNAME:十字弓訓練（Crossbow Training）	DESC:.CLEAR	DESC:從5級起，一名王牌弩手可以選擇一種特定種類的弩，如手弩或是重弩。他在使用他說選擇的這種類型的弩時的傷害上獲得等於她敏捷修正的加值。另外，在使用這種類型的弩時，他可以使武器的重擊倍率上升1（一個*2武器上升至*3）。在5級之後每4級，他可以選擇一種其他種類的弩，在使用那種弩時獲得傷害加值和重擊倍率加值。該能力取代槍械訓練。	
CATEGORY=Special Ability|Dare ~ Desperate Evasion.MOD	OUTPUTNAME:絕望反射（Desperate Evasion）	DESC:.CLEAR	DESC:當該勇氣挑戰生效時，你獲得反射閃避職業能力。如果你已經有了反射閃避職業能力，在該勇氣挑戰生效時，你可以在做一個反射豁免時雙骰取高。在該勇氣挑戰生效時你每在反射豁免中成功2次，你就能回復1點勇毅或是時髦值。	
CATEGORY=Special Ability|Dare ~ Frantically Nimble.MOD	OUTPUTNAME:瘋狂機敏（Frantically Nimble）	DESC:.CLEAR	DESC:當該勇氣挑戰生效時，你在AC上獲得+2閃避加值。如果任何敵人連續3次對你做近戰或遠程攻擊失手，你就能回復1點勇毅或時髦值。這些攻擊並不需要來自於同一個敵人。	
CATEGORY=Special Ability|Dare ~ Out for Blood.MOD	OUTPUTNAME:必不罷休（Out for Blood）	DESC:.CLEAR	DESC:當該勇氣挑戰生效時，你的火器（對於銃士）或是輕型或單手穿刺近戰武器（對於遊蕩劍客）的重擊範圍增加1（20/*4變為19-20/*4，19-20/*2變為18-20/*2，以此類推）。該效果不與會改變武器重擊範圍的相似效果疊加。	
CATEGORY=Special Ability|Dare ~ Run Like Hell.MOD	OUTPUTNAME:及時轉進（Run Like Hell）	DESC:.CLEAR	DESC:當該勇氣挑戰生效時，你的移動速度增加10尺，並且你在奔跑時不會失去AC上的敏捷加值。你會在你第一次和最近的敵人相距100尺以上時回復1點勇毅或時髦值。	
