# Masterwork
BROKEW.MOD	OUTPUTNAME:破損
BROKEA.MOD	OUTPUTNAME:破損
BROKES.MOD	OUTPUTNAME:破損
BROKET.MOD	OUTPUTNAME:破損
BROKEM.MOD	OUTPUTNAME:破損
MWORKW.MOD	OUTPUTNAME:精製品
MWORKM.MOD	OUTPUTNAME:精製品
MWORKA.MOD	OUTPUTNAME:精製品
MWORKT.MOD	OUTPUTNAME:精製品
MWORKB.MOD	OUTPUTNAME:精製品

# Armor Accesories
SPIKE_A.MOD	OUTPUTNAME:甲刺
SPIKE_S.MOD	OUTPUTNAME:盾刺
SPIKE_SB.MOD	OUTPUTNAME:盾刺
LOCK_G.MOD	OUTPUTNAME:帶鎖鋼手套

# Weapons
BOWSTR.MOD	OUTPUTNAME:力量加值
PLUS1W.MOD	OUTPUTNAME:+1 (武器傷害檢定加值)
PLUS2W.MOD	OUTPUTNAME:+2 (武器傷害檢定加值)
PLUS3W.MOD	OUTPUTNAME:+3 (武器傷害檢定加值)
PLUS4W.MOD	OUTPUTNAME:+4 (武器傷害檢定加值)
PLUS5W.MOD	OUTPUTNAME:+5 (武器傷害檢定加值)
PLUS1M.MOD	OUTPUTNAME:+1 (弹药傷害檢定加值)
PLUS2M.MOD	OUTPUTNAME:+2 (弹药傷害檢定加值)
PLUS3M.MOD	OUTPUTNAME:+3 (弹药傷害檢定加值)
PLUS4M.MOD	OUTPUTNAME:+4 (弹药傷害檢定加值)
PLUS5M.MOD	OUTPUTNAME:+5 (弹药傷害檢定加值)

# Materials
CLOTH.MOD	OUTPUTNAME:布料
LEATHER.MOD	OUTPUTNAME:皮革
ROPE.MOD	OUTPUTNAME:繩織
STEEL.MOD	OUTPUTNAME:鋼鐵
WOOD.MOD	OUTPUTNAME:木材
Adamantine (Ammo).MOD	OUTPUTNAME:精金
Adamantine (Light Armor).MOD	OUTPUTNAME:精金
Adamantine (Medium Armor).MOD	OUTPUTNAME:精金
Adamantine (Heavy Armor).MOD	OUTPUTNAME:精金
Adamantine (Weapon).MOD	OUTPUTNAME:精金
Mithral (Light Armor).MOD	OUTPUTNAME:秘銀
Mithral (Medium Armor).MOD	OUTPUTNAME:秘銀
Mithral (Heavy Armor).MOD	OUTPUTNAME:秘銀
Mithral (Shield).MOD	OUTPUTNAME:秘銀
Mithral (Item).MOD	OUTPUTNAME:秘銀
Darkwood.MOD	OUTPUTNAME:黑木
Dragonhide.MOD	OUTPUTNAME:龍革
Cold Iron.MOD	OUTPUTNAME:寒鐵
Alchemical Silver.MOD	OUTPUTNAME:煉銀
BONE.MOD	OUTPUTNAME:骨頭
BRONZE.MOD	OUTPUTNAME:青銅
GOLD.MOD	OUTPUTNAME:黃金
OBSIDIAN.MOD	OUTPUTNAME:黑曜石
STONE.MOD	OUTPUTNAME:石頭
ANGEL_LT.MOD	OUTPUTNAME:天使緞
ANGEL_MED.MOD	OUTPUTNAME:天使緞
BLOOD_C_AMMO.MOD	OUTPUTNAME:血結晶
BLOOD_C_WEAP.MOD	OUTPUTNAME:血結晶
DLEAF_CLOTH.MOD	OUTPUTNAME:暗葉布
DLEAF_ARMR_LGT.MOD	OUTPUTNAME:暗葉布
DLEAF_ARMR_MED.MOD	OUTPUTNAME:暗葉布
DLEAF_ITEM.MOD	OUTPUTNAME:暗葉布
EEL_H_ARMR_LT.MOD	OUTPUTNAME:電鰻革
EEL_H_ARMR_MED.MOD	OUTPUTNAME:電鰻革
ELYSIAN_B_AMMO.MOD	OUTPUTNAME:淨土青銅
ELYSIAN_B_ARMOR_LT.MOD	OUTPUTNAME:淨土青銅
ELYSIAN_B_ARMOR_MED.MOD	OUTPUTNAME:淨土青銅
ELYSIAN_B_ARMOR_HVY.MOD	OUTPUTNAME:淨土青銅
ELYSIAN_B_WEAP.MOD	OUTPUTNAME:淨土青銅
FIRE_ST_AMMO.MOD	OUTPUTNAME:火紋鋼
FIRE_ST_ARMOR_LT.MOD	OUTPUTNAME:火紋鋼
FIRE_ST_ARMOR_MED.MOD	OUTPUTNAME:火紋鋼
FIRE_ST_ARMOR_HVY.MOD	OUTPUTNAME:火紋鋼
FIRE_ST_WEAP.MOD	OUTPUTNAME:火紋鋼
FROST_ST_AMMO.MOD	OUTPUTNAME:冰紋鋼
FROST_ST_ARMOR_LT.MOD	OUTPUTNAME:冰紋鋼
FROST_ST_ARMOR_MED.MOD	OUTPUTNAME:冰紋鋼
FROST_ST_ARMOR_HVY.MOD	OUTPUTNAME:冰紋鋼
FROST_ST_WEAP.MOD	OUTPUTNAME:冰紋鋼
GRNWD.MOD	OUTPUTNAME:綠木
GRIFFON_M_ARMOR_LT.MOD	OUTPUTNAME:獅鷲鬃
GRIFFON_M_CLOTH.MOD	OUTPUTNAME:獅鷲鬃
LIVING_ST_AMMO.MOD	OUTPUTNAME:活鋼
LIVING_ST_ARMOR_LT.MOD	OUTPUTNAME:活鋼
LIVING_ST_ARMOR_MED.MOD	OUTPUTNAME:活鋼
LIVING_ST_ARMOR_HVY.MOD	OUTPUTNAME:活鋼
LIVING_ST_SHLD.MOD	OUTPUTNAME:活鋼
LIVING_ST_WEAP.MOD	OUTPUTNAME:活鋼
LIVING_ST_ITEM.MOD	OUTPUTNAME:活鋼
VIRI_AMMO.MOD	OUTPUTNAME:毒琉璃
VIRI_WEAP.MOD	OUTPUTNAME:毒琉璃
VIRI_STR_AMMO.MOD	OUTPUTNAME:毒琉璃
VIRI_STR_WEAP.MOD	OUTPUTNAME:毒琉璃
WHIPW.MOD	OUTPUTNAME:扭木
WYROOT.MOD	OUTPUTNAME:汲魂之莖
WYROOT_2LP.MOD	OUTPUTNAME:汲魂之莖
WYROOT_3LP.MOD	OUTPUTNAME:汲魂之莖

# Melee Weapon
ALLYING.MOD	OUTPUTNAME:同盟 （Allying）
Bane.MOD	OUTPUTNAME:破敵 （Bane）
BENEVOLENT.MOD	OUTPUTNAME:助力 （Benevolent）
CALLED.MOD	OUTPUTNAME:呼回 （Called）
CONDUCTVE.MOD	OUTPUTNAME:傳導 （Conductive）
CRRSVE.MOD	OUTPUTNAME:酸蝕 （Corrosive）
COUNTERING.MOD	OUTPUTNAME:反制 （Countering）
COURAGEOUS.MOD	OUTPUTNAME:英勇 （Courageous）
CRUEL.MOD	OUTPUTNAME:殘忍 （Cruel）
CNNING.MOD	OUTPUTNAME:狡詐 （Cunning）
DEADLY.MOD	OUTPUTNAME:致命 （Deadly）
Defending.MOD	OUTPUTNAME:護體 （Defending）
DISPELLING.MOD	OUTPUTNAME:破法 （Dispelling）
Flaming.MOD	OUTPUTNAME:熾焰 （Flaming）
Frost.MOD	OUTPUTNAME:凍寒 （Frost）
FURIOUS.MOD	OUTPUTNAME:暴怒 （Furious）
Ghost Touch.MOD	OUTPUTNAME:幽冥 （Ghost Touch）
GRAYFLM.MOD	OUTPUTNAME:灰焰 （Grayflame）
GROUNDING.MOD	OUTPUTNAME:接地 （Grounding）
GUARDIAN.MOD	OUTPUTNAME:守護 （Guardian）
HEARTSEEKER.MOD	OUTPUTNAME:覓心 （Heartseeker）
Answering.MOD	OUTPUTNAME:回應（Answering）
BloodHunting.MOD	OUTPUTNAME:血狩（Blood-Hunting） 
Bloodsong.MOD	OUTPUTNAME:血歌（Bloodsong） 
Brawling.MOD	OUTPUTNAME:鬥毆（Brawling） 
Confounding.MOD	OUTPUTNAME:花招（Confounding） 
Distracting.MOD	OUTPUTNAME:分神（Distracting）
ADVANCING.MOD	OUTPUTNAME:推進 （Advancing）
Anarchic.MOD	OUTPUTNAME:混沌 （Anarchic）
ANCHORING.MOD	OUTPUTNAME:定身 （Anchoring）
Axiomatic.MOD	OUTPUTNAME:公理 （Axiomatic）
CRRSVE_BRST_M.MOD	OUTPUTNAME:酸爆 （Corrosive Burst）
DEFIANT.MOD	OUTPUTNAME:勇猛 （Defiant）
DISPELLING_BRST.MOD	OUTPUTNAME:滅法 （Dispelling Burst）
Disruption.MOD	OUTPUTNAME:瓦解 （Disruption）
Flaming Burst.MOD	OUTPUTNAME:焰爆 （Flaming Burst）
FURYBORN.MOD	OUTPUTNAME:漸狂 （Furyborn）
GLORIOUS.MOD	OUTPUTNAME:榮耀 （Glorious）
Holy.MOD	OUTPUTNAME:神聖 （Holy）
Distracting_Greater.MOD	OUTPUTNAME:高等分神（Distracting, Greater）
NULLIFYING.MOD	OUTPUTNAME:抵消 （Nullifying）
REPOS.MOD	OUTPUTNAME:移位 （Repositioning）
Exhausting.MOD	OUTPUTNAME:力竭（Exhausting）
Brilliant Energy.MOD	OUTPUTNAME:光能 （Brilliant Energy）
Vorpal.MOD	OUTPUTNAME:斬首 （Vorpal）
Prehensile.MOD	OUTPUTNAME:卷縛（Prehensile）
IMPERVIOUS.MOD	OUTPUTNAME:堅固 （Impervious）
Exclusionary.MOD	OUTPUTNAME:排斥（Exclusionary）
GLMRD_W.MOD	OUTPUTNAME:幻化 （Glamered）
HUNTSMAN.MOD	OUTPUTNAME:追獵 （Huntsman）
JURIST.MOD	OUTPUTNAME:法理 （Jurist）
Keen.MOD	OUTPUTNAME:銳鋒 （Keen）
Ki Focus.MOD	OUTPUTNAME:真氣 （Ki Focus）
LIMNING.MOD	OUTPUTNAME:妖火 （Limning）
MENACING.MOD	OUTPUTNAME:威脅 （Menacing）
Merciful.MOD	OUTPUTNAME:慈憫 （Merciful）
Mighty Cleaving.MOD	OUTPUTNAME:狂斬 （Mighty Cleaving）
MIMETIC.MOD	OUTPUTNAME:模仿 （Mimetic）
NEUTRALZG.MOD	OUTPUTNAME:中和 （Neutralizing）
OMINOUS.MOD	OUTPUTNAME:不祥 （Ominous）
PLANAR.MOD	OUTPUTNAME:位面 （Planar）
QUENCHING.MOD	OUTPUTNAME:冷卻 （Quenching）
SEABORNE.MOD	OUTPUTNAME:海靈 （Seaborne）
Shock.MOD	OUTPUTNAME:電擊 （Shock）
Spell Storing.MOD	OUTPUTNAME:儲法 （Spell Storing）
THAWING.MOD	OUTPUTNAME:融化 （Thawing）
Throwing.MOD	OUTPUTNAME:投擲 （Throwing）
Thundering.MOD	OUTPUTNAME:雷鳴 （Thundering）
VALIANT.MOD	OUTPUTNAME:勇氣 （Valiant）
Vicious.MOD	OUTPUTNAME:反噬 （Vicious）
FateStealing.MOD	OUTPUTNAME:盜運（Fate-Stealing）
Flamboyant.MOD	OUTPUTNAME:華麗（Flamboyant）
Fortuitous.MOD	OUTPUTNAME:破則（Fortuitous）
Inspired.MOD	OUTPUTNAME:啟發（Inspired）
Sacred.MOD	OUTPUTNAME:祀神（Sacred）
SpiritHunting.MOD	OUTPUTNAME:獵魄（Spirit-Hunting）
Icy Burst.MOD	OUTPUTNAME:冰爆 （Icy Burst）
IGNITING.MOD	OUTPUTNAME:引燃 （Igniting）
IMPACT.MOD	OUTPUTNAME:衝擊 （Impact）
INVIGORATING.MOD	OUTPUTNAME:興奮 （Invigorating）
KI_INTENS.MOD	OUTPUTNAME:強氣 （Ki Intensifying）
LIFESURGE.MOD	OUTPUTNAME:命潮 （Lifesurge）
NEGATING.MOD	OUTPUTNAME:否決 （Negating）
PHASE_LOCK.MOD	OUTPUTNAME:閉鎖 （Phase Locking）
Shocking Burst.MOD	OUTPUTNAME:電爆 （Shocking Burst）
STALKING.MOD	OUTPUTNAME:圍獵 （Stalking）
Unholy.MOD	OUTPUTNAME:邪惡 （Unholy）
Wounding.MOD	OUTPUTNAME:血光 （Wounding）
Speed.MOD	OUTPUTNAME:追擊 （Speed）
SPELLSTEAL.MOD	OUTPUTNAME:竊法 （Spellstealing）
Flamboyant_Greater.MOD	OUTPUTNAME:高等華麗（Flamboyant, reater） 
Dancing.MOD	OUTPUTNAME:舞空 （Dancing）
Flying.MOD	OUTPUTNAME:飛空（Flying）
Sneaky.MOD	OUTPUTNAME:鬼祟（Sneaky）
DUELING.MOD	OUTPUTNAME:決鬥 （Dueling）
TRANSFORM.MOD	OUTPUTNAME:變形 （Transformative）

# Ranged Weapon
ALLYING.MOD	OUTPUTNAME:同盟 (Allying)
Bane.MOD	OUTPUTNAME:破敵 (Bane)
CALLED.MOD	OUTPUTNAME:呼回 (Called)
CONDUCTVE.MOD	OUTPUTNAME:傳導 (Conductive)
CONVERSING.MOD	OUTPUTNAME:存留 (Conserving)
CRRSVE.MOD	OUTPUTNAME:酸蝕 (Corrosive)
CRUEL.MOD	OUTPUTNAME:殘忍 (Cruel)
CNNING.MOD	OUTPUTNAME:狡詐 (Cunning)
Distance.MOD	OUTPUTNAME:及遠 (Distance)
Flaming.MOD	OUTPUTNAME:熾焰 (Flaming)
Frost.MOD	OUTPUTNAME:凍寒 (Frost)
Answering.MOD	OUTPUTNAME:回應（Answering）
BloodHunting.MOD	OUTPUTNAME:血狩（Blood-Hunting） 
Confounding.MOD	OUTPUTNAME:花招（Confounding） 
Distracting.MOD	OUTPUTNAME:分神（Distracting）
Anarchic.MOD	OUTPUTNAME:混沌 (Anarchic)
ANCHORING.MOD	OUTPUTNAME:定身 (Anchoring)
Axiomatic.MOD	OUTPUTNAME:公理 (Axiomatic)
CRRSVE_BRST_R.MOD	OUTPUTNAME:酸爆 (Corrosive Burst)
DESIG_LSR.MOD	OUTPUTNAME:次等標記 (Designating, Lesser)
ENDLESS_AMMO.MOD	OUTPUTNAME:無盡 (Endless Ammunition)
Flaming Burst.MOD	OUTPUTNAME:焰爆 (Flaming Burst)
FIREARM_LUCKY_GRT.MOD	OUTPUTNAME:高等幸運 (Lucky, Greater)
FIREARM_RELIABLE_GRT.MOD	OUTPUTNAME:高等可靠 (Reliable, Greater)
Brilliant Energy.MOD	OUTPUTNAME:光能 (Brilliant Energy)
DESIG_GTR.MOD	OUTPUTNAME:高等標記 (Designating, Greater)
ADAPTIVE.MOD	OUTPUTNAME:適應 (Adaptive)
IMPERVIOUS.MOD	OUTPUTNAME:堅固 (Impervious)
HUNTSMAN.MOD	OUTPUTNAME:追獵 (Huntsman)
JURIST.MOD	OUTPUTNAME:法理 (Jurist)
LIMNING.MOD	OUTPUTNAME:妖火 (Limning)
FIREARM_LUCKY.MOD	OUTPUTNAME:幸運 (Lucky)
Merciful.MOD	OUTPUTNAME:慈憫 (Merciful)
PLANAR.MOD	OUTPUTNAME:位面 (Planar)
FIREARM_RELIABLE.MOD	OUTPUTNAME:可靠 (Reliable)
Returning.MOD	OUTPUTNAME:回力 (Returning)
Seeking.MOD	OUTPUTNAME:尋蹤 (Seeking)
Shock.MOD	OUTPUTNAME:電擊 (Shock)
Thundering.MOD	OUTPUTNAME:雷鳴 (Thundering)
Inspired.MOD	OUTPUTNAME:啟發（Inspired）
Sacred.MOD	OUTPUTNAME:祀神（Sacred）
SpiritHunting.MOD	OUTPUTNAME:獵魄（Spirit-Hunting）
Holy.MOD	OUTPUTNAME:神聖 (Holy)
Icy Burst.MOD	OUTPUTNAME:冰爆 (Icy Burst)
IGNITING.MOD	OUTPUTNAME:引燃 (Igniting)
PHASE_LOCK.MOD	OUTPUTNAME:閉鎖 (Phase Locking)
Shocking Burst.MOD	OUTPUTNAME:電爆 (Shocking Burst)
STALKING.MOD	OUTPUTNAME:圍獵 (Stalking)
Unholy.MOD	OUTPUTNAME:邪惡 (Unholy)
Speed.MOD	OUTPUTNAME:追擊 (Speed)
NIMBLE_SHOT.MOD	OUTPUTNAME:巧射 (Nimble Shot)
FIREARM_SCATTER.MOD	OUTPUTNAME:二重 (Second Chance)
Exclusionary.MOD	OUTPUTNAME:排斥（Exclusionary）
GLMRD_W.MOD	OUTPUTNAME:幻化 (Glamered)

# Ammo
Bane.MOD	OUTPUTNAME:破敵 (Bane)
CONDUCTVE.MOD	OUTPUTNAME:傳導 (Conductive)
CRRSVE.MOD	OUTPUTNAME:酸蝕 (Corrosive)
CRUEL.MOD	OUTPUTNAME:殘忍 (Cruel)
CNNING.MOD	OUTPUTNAME:狡詐 (Cunning)
Flaming.MOD	OUTPUTNAME:熾焰 (Flaming)
Frost.MOD	OUTPUTNAME:凍寒 (Frost)
Anarchic.MOD	OUTPUTNAME:混沌 (Anarchic)
Axiomatic.MOD	OUTPUTNAME:公理 (Axiomatic)
CRRSVE_BRST_R.MOD	OUTPUTNAME:酸爆 (Corrosive Burst)
DESIG_LSR.MOD	OUTPUTNAME:次等標記 (Designating, Lesser)
Flaming Burst.MOD	OUTPUTNAME:焰爆 (Flaming Burst)
Holy.MOD	OUTPUTNAME:神聖 (Holy)
Brilliant Energy.MOD	OUTPUTNAME:光能 (Brilliant Energy)
DRY_LOAD.MOD	OUTPUTNAME:干填 (Dry Load)
Ghost Touch.MOD	OUTPUTNAME:幽冥 (Ghost Touch)
LIMNING.MOD	OUTPUTNAME:妖火 (Limning)
Merciful.MOD	OUTPUTNAME:慈憫 (Merciful)
PLANAR.MOD	OUTPUTNAME:位面 (Planar)
Shock.MOD	OUTPUTNAME:電擊 (Shock)
Thundering.MOD	OUTPUTNAME:雷鳴 (Thundering)
Icy Burst.MOD	OUTPUTNAME:冰爆 (Icy Burst)
IGNITING.MOD	OUTPUTNAME:引燃 (Igniting)
PHASE_LOCK.MOD	OUTPUTNAME:閉鎖 (Phase Locking)
Shocking Burst.MOD	OUTPUTNAME:電爆 (Shocking Burst)
Unholy.MOD	OUTPUTNAME:邪惡 (Unholy)
DESIG_GTR.MOD	OUTPUTNAME:高等標記 (Designating, Greater)
Phantom_Ammunition.MOD	OUTPUTNAME:虛彈（Phantom Ammunition）
Seeking.MOD	OUTPUTNAME:尋蹤 (Seeking)

# Armor
BAL.MOD	OUTPUTNAME:平衡 （Balanced）
BTTR.MOD	OUTPUTNAME:苦澀 （Bitter）
BLSTR.MOD	OUTPUTNAME:激勵 （Bolstering）
CHAMP.MOD	OUTPUTNAME:勇士 （Champion）
DSTRD.MOD	OUTPUTNAME:卑劣 （Dastard）
DTHLS.MOD	OUTPUTNAME:拒亡 （Deathless）
DFNT.MOD	OUTPUTNAME:挑戰 （Defiant）
Calming.MOD	OUTPUTNAME:平和（Calming）  
SPELL_RES_13.MOD	OUTPUTNAME:抗法13 （Spell Resistance, 13）
Spell_Dodging.MOD	OUTPUTNAME:閃咒（Spell Dodging）
FRT_MOD.MOD	OUTPUTNAME:中等護命 （Fortification, moderate）
GHOST_A.MOD	OUTPUTNAME:幽冥 （Ghost Touch）
INVULN.MOD	OUTPUTNAME:堅韌 （Invulnerability）
Sensing.MOD	OUTPUTNAME:傳感（Sensing）
SPELL_RES_17.MOD	OUTPUTNAME:抗法17 （Spell Resistance, 17）
FRT_HVY.MOD	OUTPUTNAME:高等護命 （Fortification, heavy）
PSN_RST.MOD	OUTPUTNAME:抗毒 （Poison-Resistant）
GLAM.MOD	OUTPUTNAME:無相 （Glamered）
JSTNG.MOD	OUTPUTNAME:騎術 （Jousting）
SHDW.MOD	OUTPUTNAME:暗影 （Shadow）
SLK.MOD	OUTPUTNAME:滑溜 （Slick）
EXPED.MOD	OUTPUTNAME:超速 （Expeditious）
Burdenless.MOD	OUTPUTNAME:輕鬆（Burdenless） 
Amorphous.MOD	OUTPUTNAME:液化（Amorphous）
Restful.MOD	OUTPUTNAME:寧憩（Restful） 
CLOUDB.MOD	OUTPUTNAME:豪雨 （Cloudburst）
CREEP.MOD	OUTPUTNAME:潛行 （Creeping）
RLYG.MOD	OUTPUTNAME:增援 （Rallying）
ADHV.MOD	OUTPUTNAME:黏著 （Adhesive）
Spiteful.MOD	OUTPUTNAME:怨恨（Spiteful） 
Trackless.MOD	OUTPUTNAME:無蹤（Trackless） 
HSTL_A.MOD	OUTPUTNAME:存貯 （Hosteling）
RDNT.MOD	OUTPUTNAME:光亮 （Radiant）
FRT_LGHT.MOD	OUTPUTNAME:次等護命 （Fortification, light）
GRNDG.MOD	OUTPUTNAME:尖刺 （Grinding）
IMPRVS.MOD	OUTPUTNAME:堅固 （Impervious）
MIRROR.MOD	OUTPUTNAME:鏡映 （Mirrored）
SPL_STO.MOD	OUTPUTNAME:儲法 （Spell Storing）
STNCHG.MOD	OUTPUTNAME:止血 （Stanching）
WRDG.MOD	OUTPUTNAME:戒備 （Warding）
Vouchsafing.MOD	OUTPUTNAME:自救（Vouchsafing）
BENE.MOD	OUTPUTNAME:仁慈 （Benevolent）
Jarring.MOD	OUTPUTNAME:反震（Jarring）
SPELL_RES_15.MOD	OUTPUTNAME:抗法15 （Spell Resistance, 15）
TTNC.MOD	OUTPUTNAME:巨大 （Titanic）
WILD_A.MOD	OUTPUTNAME:野性 （Wild）
BRWLG.MOD	OUTPUTNAME:喧嘩 （Brawling）
SPELL_RES_19.MOD	OUTPUTNAME:抗法19 （Spell Resistance, 19）
DLVG.MOD	OUTPUTNAME:挖掘 （Delving）
PTRD.MOD	OUTPUTNAME:惡臭 （Putrid）
HRMZG.MOD	OUTPUTNAME:協調 （Harmonizing）
SHDW_IMP.MOD	OUTPUTNAME:強化暗影 （Shadow, improved）
SLK_IMP.MOD	OUTPUTNAME:強化滑溜 （Slick, improved）
RST_ACD.MOD	OUTPUTNAME:抗能（強酸）（Energy Resistance（Acid））
RST_CLD.MOD	OUTPUTNAME:抗能（寒冷）（Energy Resistance（Cold））
RST_ELC.MOD	OUTPUTNAME:抗能（閃電）（Energy Resistance（Electricity））
RST_FIR.MOD	OUTPUTNAME:抗能（火焰）（Energy Resistance（Fire））
RST_SNC.MOD	OUTPUTNAME:抗能（音波）（Energy Resistance（Sonic））
MRTYG.MOD	OUTPUTNAME:殉難 （Martyring）
RGHTS.MOD	OUTPUTNAME:正義 （Righteous）
UNBND.MOD	OUTPUTNAME:無拘 （Unbound）
UNRGHTS.MOD	OUTPUTNAME:邪道 （Unrighteous）
VGLNT.MOD	OUTPUTNAME:機警 （Vigilant）
DTRMN.MOD	OUTPUTNAME:決心 （Determination）
SHDW_GRT.MOD	OUTPUTNAME:高等暗影 （Shadow, greater）
SLK_GRT.MOD	OUTPUTNAME:高等滑溜 （Slick, greater）
RST_ACD_IMP.MOD	OUTPUTNAME:強化抗能（強酸）（Energy Resistance, improved（Acid））
RST_CLD_IMP.MOD	OUTPUTNAME:強化抗能（寒冷）（Energy Resistance, improved（Cold））
RST_ELC_IMP.MOD	OUTPUTNAME:強化抗能（閃電）（Energy Resistance, improved（Electricity））
RST_FIR_IMP.MOD	OUTPUTNAME:強化抗能（火焰）（Energy Resistance, improved（Fire））
RST_SNC_IMP.MOD	OUTPUTNAME:強化抗能（音波）（Energy Resistance, improved（Sonic））
ETHERE.MOD	OUTPUTNAME:靈化 （Etherealness）
UNDEAD.MOD	OUTPUTNAME:操靈 （Undead Controlling）
RES_ACD_GRT.MOD	OUTPUTNAME:高等抗能（強酸）（Energy Resistance, greater（Acid））
RES_CLD_GRT.MOD	OUTPUTNAME:高等抗能（寒冷）（Energy Resistance, greater（Cold））
RES_ELC_GRT.MOD	OUTPUTNAME:高等抗能（閃電）（Energy Resistance, greater（Electricity））
RES_FIR_GRT.MOD	OUTPUTNAME:高等抗能（火焰）（Energy Resistance, greater（Fire））
RES_SNC_GRT.MOD	OUTPUTNAME:高等抗能（音波）（Energy Resistance, greater（Sonic））

# Shield
ARW_CAT.MOD	OUTPUTNAME:吸矢 （Arrow Catching）
BASH_H.MOD	OUTPUTNAME:猛擊 （Bashing）
BASH_L.MOD	OUTPUTNAME:猛擊 （Bashing）
BLIND.MOD	OUTPUTNAME:目盲 （Blinding）
BLSTR.MOD	OUTPUTNAME:激勵 （Bolstering）
CLANG.MOD	OUTPUTNAME:嘹亮 （Clangorous）
DFNT.MOD	OUTPUTNAME:挑戰 （Defiant）
ANMATD.MOD	OUTPUTNAME:活化 （Animated）
ARW_DEF.MOD	OUTPUTNAME:辟矢 （Arrow Deflection）
GGUARD.MOD	OUTPUTNAME:高等護衛 （Guarding, greater）
FRT_MOD.MOD	OUTPUTNAME:中等護命 （Fortification, moderate）
GHOST_A.MOD	OUTPUTNAME:幽冥 （Ghost Touch）
SPELL_RES_17.MOD	OUTPUTNAME:抗法17 （Spell Resistance, 17）
FRT_HVY.MOD	OUTPUTNAME:高等護命 （Fortification, heavy）
REFLC.MOD	OUTPUTNAME:鏡反 （Reflecting）
PSN_RST.MOD	OUTPUTNAME:抗毒 （Poison-Resistant）
RLYG.MOD	OUTPUTNAME:增援 （Rallying）
WRMSB_A.MOD	OUTPUTNAME:龍息（強酸）（Wyrmsbreath（Acid））
WRMSB_C.MOD	OUTPUTNAME:龍息（寒冷）（Wyrmsbreath（Cold））
WRMSB_E.MOD	OUTPUTNAME:龍息（閃電）（Wyrmsbreath（Electricity））
WRMSB_F.MOD	OUTPUTNAME:龍息（火焰）（Wyrmsbreath（Fire））
HSTL_A.MOD	OUTPUTNAME:存貯 （Hosteling）
RDNT.MOD	OUTPUTNAME:光亮 （Radiant）
FRT_LGHT.MOD	OUTPUTNAME:次等護命 （Fortification, light）
GUARD.MOD	OUTPUTNAME:護衛 （Guarding）
GRNDG.MOD	OUTPUTNAME:尖刺 （Grinding）
IMPRVS.MOD	OUTPUTNAME:堅固 （Impervious）
MIRROR.MOD	OUTPUTNAME:鏡映 （Mirrored）
RAMG.MOD	OUTPUTNAME:猛衝 （Ramming）
MTGG.MOD	OUTPUTNAME:融合 （Merging）
SPELL_RES_13.MOD	OUTPUTNAME:抗法13 （Spell Resistance, 13）
Jarring.MOD	OUTPUTNAME:反震（Jarring）
SPELL_RES_15.MOD	OUTPUTNAME:抗法15 （Spell Resistance, 15）
WILD_S.MOD	OUTPUTNAME:野性 （Wild）
SPELL_RES_19.MOD	OUTPUTNAME:抗法19 （Spell Resistance, 19）
RST_ACD.MOD	OUTPUTNAME:抗能（強酸）（Energy Resistance（Acid））
RST_CLD.MOD	OUTPUTNAME:抗能（寒冷）（Energy Resistance（Cold））
RST_ELC.MOD	OUTPUTNAME:抗能（閃電）（Energy Resistance（Electricity））
RST_FIR.MOD	OUTPUTNAME:抗能（火焰）（Energy Resistance（Fire））
RST_SNC.MOD	OUTPUTNAME:抗能（音波）（Energy Resistance（Sonic））
DTRMN.MOD	OUTPUTNAME:決心 （Determination）
RST_ACD_IMP.MOD	OUTPUTNAME:強化抗能（強酸）（Energy Resistance, improved（Acid））
RST_CLD_IMP.MOD	OUTPUTNAME:強化抗能（寒冷）（Energy Resistance, improved（Cold））
RST_ELC_IMP.MOD	OUTPUTNAME:強化抗能（閃電）（Energy Resistance, improved（Electricity））
RST_FIR_IMP.MOD	OUTPUTNAME:強化抗能（火焰）（Energy Resistance, improved（Fire））
RST_SNC_IMP.MOD	OUTPUTNAME:強化抗能（音波）（Energy Resistance, improved（Sonic））
UNDEAD.MOD	OUTPUTNAME:操靈 （Undead Controlling）
RES_ACD_GRT.MOD	OUTPUTNAME:高等抗能（強酸）（Energy Resistance, greater（Acid））
RES_CLD_GRT.MOD	OUTPUTNAME:高等抗能（寒冷）（Energy Resistance, greater（Cold））
RES_ELC_GRT.MOD	OUTPUTNAME:高等抗能（閃電）（Energy Resistance, greater（Electricity））
RES_FIR_GRT.MOD	OUTPUTNAME:高等抗能（火焰）（Energy Resistance, greater（Fire））
RES_SNC_GRT.MOD	OUTPUTNAME:高等抗能（音波）（Energy Resistance, greater（Sonic））

