Ballista (Light).MOD	OUTPUTNAME:弩炮(輕型)（Ballista (Light)）	DESC:.CLEAR	DESC:這種通用型的大型弩炮又稱勁弩或巨蠍，可以移動，也常被安裝於高塔或載具上。輕型弩炮硬度為5，生命值為50。輕型弩炮的弩矢每支重10磅，價格為10gp。	
Ballista (Heavy).MOD	OUTPUTNAME:弩炮(重型)（Ballista (Heavy)）	DESC:.CLEAR	DESC:這種超大型弩炮常被用於城防，或被架設在戰艦上。重型弩炮硬度為5，生命值為100。重型弩炮的弩矢每支重20磅，價格為30gp。	
Ballista (Gate Breaker).MOD	OUTPUTNAME:弩炮(破城型)（Ballista (Gate Breaker)）	DESC:.CLEAR	DESC:這種巨大的弩炮發射特殊的鈍頭方形箭。它們被當作遠程戰錘，轟向城堡的圍牆或城門。當擊中木製建築物時，重擊範圍為19-20/×3。破城型弩炮硬度為5，生命值為200。破城弩炮的弩矢每支重30磅，價格為50gp。	
Bombard (Light).MOD	OUTPUTNAME:臼炮(輕型)（Bombard (Light)）	DESC:.CLEAR	DESC:輕型臼炮形似旋轉儀與大釜的結合體。由於後坐力強大，它們常被安裝在地面或是城牆的石壁上。輕型臼炮的彈道檢定DC為15，啞火範圍為1-2（炸膛半徑10尺）；硬度為10，生命值為70。輕型臼炮的每顆彈丸重25磅，價格為30gp。	
Bombard (Standard).MOD	OUTPUTNAME:臼炮(中型)（Bombard (Standard)）	DESC:.CLEAR	DESC:中型臼炮的形態多種多樣。有些與輕型臼炮的大釜結構相似；還有些則更接近傳統的火炮，通過傾斜的長炮管構造來獲得更穩定的彈道。中型臼炮的彈道檢定DC為20，啞火範圍為1-2（炸膛半徑20尺）；硬度為10，生命值為140。中型臼炮的每顆彈丸重30磅，價格為35gp。	
Bombard (Heavy).MOD	OUTPUTNAME:臼炮(重型)（Bombard (Heavy)）	DESC:.CLEAR	DESC:這種巨大的攻城兵器一般被固定於山頂或要塞頂部，用死亡之雨洗禮一片山谷或海峽。巨型臼炮常由螺絲裝置連結的兩部分組成。裝填彈藥時旋開該裝置，然後再將炮身的主要部分旋回並與炮管相連，進行擊發。巨型臼炮過於巨大和強力，以至於無法安裝在載具上。重型臼炮的彈道檢定DC為25，啞火範圍為1-2（炸膛半徑30尺）；硬度為10，生命值為280。重型臼炮的每顆彈丸重50磅，價格為45gp。	
Cannon.MOD	OUTPUTNAME:加農火炮（Cannon）	DESC:.CLEAR	DESC:加農火炮由金屬鑄成——某些由整塊金屬直接塑形，某些則由部件拼裝——並被安裝在地面或木製底座上。加農火炮用黑火藥來使其彈藥獲得巨大的推進力。加農火炮的啞火範圍為1（炸膛半徑20尺）；硬度為10，生命值為70。加農火炮的每顆彈丸重25磅，價格為30gp。	
Catapult (Light).MOD	OUTPUTNAME:投石車(輕型)（Catapult (Light)）	DESC:.CLEAR	DESC:此類大型投石車通常裝有輪子。輕型投石車的彈道檢定DC為15；硬度為5，生命值為50。輕型投石車的每顆投石重50磅，價格為10gp。	
Catapult (Standard).MOD	OUTPUTNAME:投石車(中型)（Catapult (Standard)）	DESC:.CLEAR	DESC:此類超大型攻城兵器過於巨大，以至於無法完整地運送到戰場，只能就地安裝。中型投石車的彈道檢定DC為20；硬度為5，生命值為100。中型投石車的每顆投石重75磅，價格為15gp。	
Catapult (Heavy).MOD	OUTPUTNAME:投石車(重型)（Catapult (Heavy)）	DESC:.CLEAR	DESC:此類巨型攻城兵器過於巨大，以至於無法完整地運送到戰場，只能就地安裝。重型投石車的彈道檢定DC為25；硬度為5，生命值為200。重型投石車的每顆投石重90磅，價格為25gp。	
Cannon (Fiend's Mouth).MOD	OUTPUTNAME:鬼頭火炮（Cannon (Fiend's Mouth)）	DESC:.CLEAR	DESC:此類重型火炮通常由多塊金屬分別鑄成部件後組裝，有時會將炮口塑成惡魔、魔鬼或其他妖怪的大嘴形狀。與加農火炮類似，它們以巨大推進力直接噴射彈藥。鬼頭火炮的啞火範圍為1（炸膛半徑30尺）；硬度為10，生命值為140。鬼頭火炮的每顆彈丸重30磅，價格為45gp。	
Firedrake.MOD	OUTPUTNAME:炎蛟炮（Firedrake）	DESC:.CLEAR	DESC:此類大型攻城兵器通常裝有輪子、或裝載於載具上，以便於運送到戰場。該裝置能在60尺線形或30尺錐形區域內噴射大團烈焰（由機師長決定）。區域內生物受到6d6火焰傷害（通過DC為15的反射豁免後減半）；豁免失敗的生物還將著火。破損狀態下的炎蛟炮一旦再次掉鏈便會爆炸，對20尺爆發半徑內的所有生物造成同等傷害（通過DC為15的反射豁免後減半）。炎蛟炮的硬度為10，生命值為70。炎蛟炮每次發射所需的彈藥重20磅，價格為200gp。	
Firewyrm.MOD	OUTPUTNAME:炎龍炮（Firewyrm）	DESC:.CLEAR	DESC:此攻城兵器是炎蛟炮的放大版。炎龍炮過於巨大以至於無法完整地運送到戰場，只能在部件被運送到戰場後就地安裝。炎龍炮能在120尺線形或60尺錐形區域內噴射大團烈焰（由機師長決定）。區域內生物受到6d6火焰傷害（通過DC為20的反射豁免後減半）；豁免失敗的生物還將著火。破損狀態下的炎龍炮一旦再次掉鏈便會爆炸，對30尺爆發半徑內的所有生物造成同等傷害（通過DC為20的反射豁免後減半）。炎龍炮的硬度為10，生命值為140。炎龍炮每次發射所需的彈藥重40磅，價格為400gp。	
Springal (Arrow).MOD	OUTPUTNAME:投射器(巨矢型)（Springal (Arrow)）	DESC:.CLEAR	DESC:該投射器向目標方格及其15尺半徑爆發區域內投射一組巨矢。巨矢投射器每次擊發所耗的彈藥重10磅，價格為20gp。	
Springal (Rocket).MOD	OUTPUTNAME:投射器(火箭型)（Springal (Rocket)）	DESC:.CLEAR	DESC:該不穩定的投射器向目標方格及其15尺半徑爆發區域內投射一組內置黑火藥的火箭。如果火箭投射器啞火將會爆炸，對其20尺半徑爆發範圍內造成傷害。此次爆炸將摧毀該火箭投射器。火箭投射器每次擊發所耗的彈藥重30磅，價格為500gp。	
Trebuchet (Light).MOD	OUTPUTNAME:拋石機(輕型)（Trebuchet (Light)）	DESC:.CLEAR	DESC:該大型攻城兵器通常向目標拋射巨石（彈道檢定DC為15）。輕型拋石機的散射彈藥對目標方格造成完整傷害，並對該目標方格5尺範圍內所有生物和物體造成一半傷害（生物可以進行DC為15的反射豁免來將傷害減半）。輕型拋石機的硬度為5，生命值為50。輕型拋石機每次拋射所用的巨石重60磅，價格為15gp。	
Trebuchet (Standard).MOD	OUTPUTNAME:拋石機(中型)（Trebuchet (Standard)）	DESC:.CLEAR	DESC:該超大型攻城兵器通常向目標拋射巨石（彈道檢定DC為20）。中型拋石機的散射彈藥對目標方格造成完整傷害，並對該目標方格15尺範圍內所有生物和物體造成一半傷害（生物可以進行DC為20的反射豁免來將傷害減半）。中型拋石機的硬度為5，生命值為100。中型拋石機每次拋射所用的巨石重110磅，價格為30gp。	
Trebuchet (Heavy).MOD	OUTPUTNAME:拋石機(重型)（Trebuchet (Heavy)）	DESC:.CLEAR	DESC:該巨型攻城兵器通常向目標拋射巨石（彈道檢定DC為25）。重型拋石機的散射彈藥對目標方格造成完整傷害，並對該目標方格30尺範圍內所有生物和物體造成一半傷害（生物可以進行DC為25的反射豁免來將傷害減半）。輕型拋石機的硬度為5，生命值為200。重型拋石機每次拋射所用的巨石重120磅，價格為30gp。	
Siege Engine Ammunition (Alchemist's Fire).MOD	OUTPUTNAME:熾焰彈（Siege Engine Ammunition (Alchemist's Fire)）	DESC:.CLEAR	DESC:這個裝滿了熾火膠的堅硬瓷罐可用做投石車和拋石機的彈藥。它在命中後對目標方格5尺範圍內的每個生物和木造建築造成4d6點火焰傷害，每個生物必須進行DC為20的反射豁免，失敗則會著火（木造建築自動著火）；在目標方格5尺到30尺之間範圍的每個生物和木製物品也必須進行DC為20的反射豁免以減半傷害，但豁免失敗亦不會著火。若攻城兵器掉鏈，該彈藥會在投射前爆炸，如同目標為此攻城兵器所佔據的某個方格般（具體由機師長決定）造成區域性傷害。熾焰彈無視木造建築的硬度。	
Siege Engine Ammunition (Blast Shot).MOD	OUTPUTNAME:散爆彈（Siege Engine Ammunition (Blast Shot)）	DESC:.CLEAR	DESC:該彈藥由大量彈丸和金屬碎屑裝填而成、而非單顆鐵球，其中的黑火藥還會推動彈片飛濺以攻擊一定範圍內所有的生物和物體。加農火炮和鬼頭火炮可以發射這種彈藥。當上述攻城兵器發射該彈藥時將攻擊30尺錐形範圍內的所有生物和物體，對每個生物和無主物品分別進行攻擊檢定。當全部攻擊檢定投骰都落入啞火範圍時，此次射擊才被視為啞火，並產生正常的啞火效果。散爆彈在命中後造成正常傷害，但無法無視物體硬度。	
Siege Engine Ammunition (Bomb).MOD	OUTPUTNAME:炸裂彈（Siege Engine Ammunition (Bomb)）	DESC:.CLEAR	DESC:炸裂彈是裝滿了鋼珠和黑火藥的罐子，可以作為投石車或拋石機的彈藥，或由2個中型生物/1個大型生物搬運至引爆點。炸裂彈受到衝擊（當被投石車或拋石機發射至目標時）或被引燃3輪後便立刻爆炸。炸裂彈爆炸時對方格30尺內所有生物和物體造成6d6點穿刺和鈍擊傷害。若攻城兵器掉鏈，該彈藥會在投射前爆炸，如同目標為此攻城兵器所佔據的某個方格般（具體由機師長決定）造成區域性傷害。炸裂彈無視木頭和石頭的硬度。	
Siege Engine Ammunition (Chain Shot).MOD	OUTPUTNAME:鏈射彈（Siege Engine Ammunition (Chain Shot)）	DESC:.CLEAR	DESC:該攻城兵器專用彈藥可由加農火炮或鬼頭火炮發射。它非常適於撕裂船帆（詳見載具規則），並對依靠帆驅動的載具造成雙倍傷害。當以生物為目標並命中時，該生物必須通過DC為20的強韌豁免以避免被擊倒。	
Siege Engine Ammunition (Liquid Ice).MOD	OUTPUTNAME:寒冰彈（Siege Engine Ammunition (Liquid Ice)）	DESC:.CLEAR	DESC:這只瓷罐中裝滿了煉金玄冰，可以作為投石車或拋石機的彈藥。它在命中後對目標方格5尺範圍內的每個生物造成4d6點寒冷傷害，每個生物必須進行DC為20的強韌豁免，失敗則會被糾纏1輪；在目標方格5尺到30尺之間範圍的每個生物和木製物品也必須進行DC為20的反射豁免以減半傷害，但豁免失敗亦不會被糾纏。若攻城兵器掉鏈，該彈藥會在投射前爆發，如同目標為此攻城兵器所佔據的某個方格般（具體由機師長決定）造成區域性傷害。	
Siege Engine Ammunition (Plague Bundle).MOD	OUTPUTNAME:腐疫彈（Siege Engine Ammunition (Plague Bundle)）	DESC:.CLEAR	DESC:這只堅硬的瓷罐內裝滿了高致病性的腐敗物，可以作為投石車或拋石機的彈藥。它僅能造成一半傷害，但每個被其擊中的生物將置身於造成腐熱症（filth fever）的穢物中。GM可以決定採用其他類型的疾病取代之。	
Siege Engine Ammunition (Smoke Shot).MOD	OUTPUTNAME:煙霧彈（Siege Engine Ammunition (Smoke Shot)）	DESC:.CLEAR	DESC:這只堅硬的瓷球包含了用薄膜隔離的兩種煉金物質，作用機理如同一隻放大版的道具煙霧彈（參見APG）。它在命中後對目標方格內的每個生物造成2d6點傷害，同時兩種物質混合併在30尺半徑區域內產生黃色的無害濃煙。此效果視同「雲霧術」法術。若攻城兵器掉鏈，該彈藥會在投射前爆發，如同目標為此攻城兵器所佔據的某個方格般（具體由機師長決定）產生效果。	
Bridge (Assault/Colossal).MOD	OUTPUTNAME:衝鋒橋(超巨型)（Bridge (Assault/Colossal)）	DESC:.CLEAR	DESC:衝鋒橋用以跨越壕溝、護城河、或是其他坑道。每架設5尺長的衝鋒橋都需要一個整輪動作；至多4個生物可以協助架設。每當衝鋒橋本身的體型大於架設者一級，架設所需時間加倍。大型、超大型、巨型和超巨型衝鋒橋的生命值分別為40點、60點、160點和240點。	
Bridge (Assault/Gargantuan).MOD	OUTPUTNAME:衝鋒橋(巨型)（Bridge (Assault/Gargantuan)）	DESC:.CLEAR	DESC:衝鋒橋用以跨越壕溝、護城河、或是其他坑道。每架設5尺長的衝鋒橋都需要一個整輪動作；至多4個生物可以協助架設。每當衝鋒橋本身的體型大於架設者一級，架設所需時間加倍。大型、超大型、巨型和超巨型衝鋒橋的生命值分別為40點、60點、160點和240點。	
Bridge (Assault/Huge).MOD	OUTPUTNAME:衝鋒橋(超大型)（Bridge (Assault/Huge)）	DESC:.CLEAR	DESC:衝鋒橋用以跨越壕溝、護城河、或是其他坑道。每架設5尺長的衝鋒橋都需要一個整輪動作；至多4個生物可以協助架設。每當衝鋒橋本身的體型大於架設者一級，架設所需時間加倍。大型、超大型、巨型和超巨型衝鋒橋的生命值分別為40點、60點、160點和240點。	
Bridge (Assault/Large).MOD	OUTPUTNAME:衝鋒橋(大型)（Bridge (Assault/Large)）	DESC:.CLEAR	DESC:衝鋒橋用以跨越壕溝、護城河、或是其他坑道。每架設5尺長的衝鋒橋都需要一個整輪動作；至多4個生物可以協助架設。每當衝鋒橋本身的體型大於架設者一級，架設所需時間加倍。大型、超大型、巨型和超巨型衝鋒橋的生命值分別為40點、60點、160點和240點。	
Corvus.MOD	OUTPUTNAME:鐵鴉喙（Corvus）	DESC:.CLEAR	DESC:鐵鴉喙是一種帶有鉤狀先端、用於抓握目標載具或建築物的裝置，通過鉸鏈配重系統垂直地安裝在衝鋒橋、攻城塔或是載具上。一隻鐵鴉喙通常長15尺、寬10尺，硬度為5，生命值為每方格10點。使用鐵鴉喙需要通過整輪動作進行一次DC為10的專業（攻城技師）技能檢定；檢定失敗則鐵鴉喙無法順利抓住目標，且必須重新安裝（一個整輪動作）安裝在載具上的鐵鴉喙可以將另一部運動中的載具作為目標（詳見載具部分），如此施為需要進行駕駛檢定對抗，以將其準確定位於鉤爪長度限制內的另一鄰接載具。一旦被鐵鴉喙成功鉤住，將其甩掉需要通過整輪動作進行一次力量檢定；若鉤住的是載具，駕駛員也可以通過標準動作進行一次駕駛檢定來甩掉鉤爪（檢定結果超過DC達5以上將破壞鐵鴉喙）。此類檢定的基本DC為15，每個站在該鐵鴉喙上的小型或中型生物將使DC提高5。如果鐵鴉喙在有人站在上面時被甩脫，上面的生物必須通過DC為15的反射豁免以避免墜落；豁免成功則允許他們移動到最近的安全地面上，但是這樣的移動將會引發藉機攻擊。鐵鴉喙無法加裝護甲。	
Gallery (Colossal).MOD	OUTPUTNAME:廊車(超巨型)（Gallery (Colossal)）	DESC:.CLEAR	DESC:廊車是形如革制或木造建築般的可移動防禦工事。多數廊車結構脆弱，但亦偶有較為堅固的實例（採用攻城兵器的裝甲規則，並調整其AC、硬度和生命值等數據）。廊車基本上由可移動的「牆壁」部分，加上作為「屋頂」的另一塊部件構成（內置破城槌的廊車是個例外，通常由兩塊接合的外壁部分和頂蓋部分構成）。由於廊車是局部開放結構，因此無法像正常的建築般提供掩護：若廊車內的生物體型與廊車相同則獲得掩蔽，小於廊車一級則獲得強化掩蔽，小於廊車兩級以上則視為全掩蔽。廊車的體型空間類似生物——一輛大型廊車能夠容納和保護的生物數量如同大型生物，等等。裝有輪子的木造廊車可以在由完整機師組操作時以10尺的速度移動，或在機師組減半的情況下移動5尺。廊車的基本速度為15尺（在安裝中甲或重甲時為10尺）。廊車的硬度為5，生命值基於其體型。大型、超大型、巨型和超巨型廊車的生命值分別為30點、120點、320點和625點。	
Gallery (Gargantuan).MOD	OUTPUTNAME:廊車(巨型)（Gallery (Gargantuan)）	DESC:.CLEAR	DESC:廊車是形如革制或木造建築般的可移動防禦工事。多數廊車結構脆弱，但亦偶有較為堅固的實例（採用攻城兵器的裝甲規則，並調整其AC、硬度和生命值等數據）。廊車基本上由可移動的「牆壁」部分，加上作為「屋頂」的另一塊部件構成（內置破城槌的廊車是個例外，通常由兩塊接合的外壁部分和頂蓋部分構成）。由於廊車是局部開放結構，因此無法像正常的建築般提供掩護：若廊車內的生物體型與廊車相同則獲得掩蔽，小於廊車一級則獲得強化掩蔽，小於廊車兩級以上則視為全掩蔽。廊車的體型空間類似生物——一輛大型廊車能夠容納和保護的生物數量如同大型生物，等等。裝有輪子的木造廊車可以在由完整機師組操作時以10尺的速度移動，或在機師組減半的情況下移動5尺。廊車的基本速度為15尺（在安裝中甲或重甲時為10尺）。廊車的硬度為5，生命值基於其體型。大型、超大型、巨型和超巨型廊車的生命值分別為30點、120點、320點和625點。	
Gallery (Huge).MOD	OUTPUTNAME:廊車(超大型)（Gallery (Huge)）	DESC:.CLEAR	DESC:廊車是形如革制或木造建築般的可移動防禦工事。多數廊車結構脆弱，但亦偶有較為堅固的實例（採用攻城兵器的裝甲規則，並調整其AC、硬度和生命值等數據）。廊車基本上由可移動的「牆壁」部分，加上作為「屋頂」的另一塊部件構成（內置破城槌的廊車是個例外，通常由兩塊接合的外壁部分和頂蓋部分構成）。由於廊車是局部開放結構，因此無法像正常的建築般提供掩護：若廊車內的生物體型與廊車相同則獲得掩蔽，小於廊車一級則獲得強化掩蔽，小於廊車兩級以上則視為全掩蔽。廊車的體型空間類似生物——一輛大型廊車能夠容納和保護的生物數量如同大型生物，等等。裝有輪子的木造廊車可以在由完整機師組操作時以10尺的速度移動，或在機師組減半的情況下移動5尺。廊車的基本速度為15尺（在安裝中甲或重甲時為10尺）。廊車的硬度為5，生命值基於其體型。大型、超大型、巨型和超巨型廊車的生命值分別為30點、120點、320點和625點。	
Gallery (Large).MOD	OUTPUTNAME:廊車(大型)（Gallery (Large)）	DESC:.CLEAR	DESC:廊車是形如革制或木造建築般的可移動防禦工事。多數廊車結構脆弱，但亦偶有較為堅固的實例（採用攻城兵器的裝甲規則，並調整其AC、硬度和生命值等數據）。廊車基本上由可移動的「牆壁」部分，加上作為「屋頂」的另一塊部件構成（內置破城槌的廊車是個例外，通常由兩塊接合的外壁部分和頂蓋部分構成）。由於廊車是局部開放結構，因此無法像正常的建築般提供掩護：若廊車內的生物體型與廊車相同則獲得掩蔽，小於廊車一級則獲得強化掩蔽，小於廊車兩級以上則視為全掩蔽。廊車的體型空間類似生物——一輛大型廊車能夠容納和保護的生物數量如同大型生物，等等。裝有輪子的木造廊車可以在由完整機師組操作時以10尺的速度移動，或在機師組減半的情況下移動5尺。廊車的基本速度為15尺（在安裝中甲或重甲時為10尺）。廊車的硬度為5，生命值基於其體型。大型、超大型、巨型和超巨型廊車的生命值分別為30點、120點、320點和625點。	
Ladder (Escalade/Colossal).MOD	OUTPUTNAME:雲梯(超巨型)（Ladder (Escalade/Colossal)）	DESC:.CLEAR	DESC:雲梯擁有用以提高穩定性的尖銳底端，而其頂端5尺部分裝有金屬箍頭，其硬度為10，生命值為20點。雲梯的剩餘部分為木造結構，其硬度為5，生命值基於體型。大型、超大型、巨型和超巨型雲梯的生命值分別為20點、30點、80點和125點。雲梯無法裝甲。	
Ladder (Escalade/Gargantuan).MOD	OUTPUTNAME:雲梯(巨型)（Ladder (Escalade/Gargantuan)）	DESC:.CLEAR	DESC:雲梯擁有用以提高穩定性的尖銳底端，而其頂端5尺部分裝有金屬箍頭，其硬度為10，生命值為20點。雲梯的剩餘部分為木造結構，其硬度為5，生命值基於體型。大型、超大型、巨型和超巨型雲梯的生命值分別為20點、30點、80點和125點。雲梯無法裝甲。	
Ladder (Escalade/Huge).MOD	OUTPUTNAME:雲梯(超大型)（Ladder (Escalade/Huge)）	DESC:.CLEAR	DESC:雲梯擁有用以提高穩定性的尖銳底端，而其頂端5尺部分裝有金屬箍頭，其硬度為10，生命值為20點。雲梯的剩餘部分為木造結構，其硬度為5，生命值基於體型。大型、超大型、巨型和超巨型雲梯的生命值分別為20點、30點、80點和125點。雲梯無法裝甲。	
Ladder (Escalade/Large).MOD	OUTPUTNAME:雲梯(大型)（Ladder (Escalade/Large)）	DESC:.CLEAR	DESC:雲梯擁有用以提高穩定性的尖銳底端，而其頂端5尺部分裝有金屬箍頭，其硬度為10，生命值為20點。雲梯的剩餘部分為木造結構，其硬度為5，生命值基於體型。大型、超大型、巨型和超巨型雲梯的生命值分別為20點、30點、80點和125點。雲梯無法裝甲。	
Ram (Colossal).MOD	OUTPUTNAME:破城槌(超巨型)（Ram (Colossal)）	DESC:.CLEAR	DESC:這種包有金屬頭箍的圓木當屬最基本的突擊型兵器，由一個或多個生物合力使用。破城槌可用於對目標造成傷害，或針對目標的破壞DC進行力量檢定。	
Ram (Gargantuan).MOD	OUTPUTNAME:破城槌(巨型)（Ram (Gargantuan)）	DESC:.CLEAR	DESC:這種包有金屬頭箍的圓木當屬最基本的突擊型兵器，由一個或多個生物合力使用。破城槌可用於對目標造成傷害，或針對目標的破壞DC進行力量檢定。	
Ram (Huge).MOD	OUTPUTNAME:破城槌(超大型)（Ram (Huge)）	DESC:.CLEAR	DESC:這種包有金屬頭箍的圓木當屬最基本的突擊型兵器，由一個或多個生物合力使用。破城槌可用於對目標造成傷害，或針對目標的破壞DC進行力量檢定。	
Ram (Large).MOD	OUTPUTNAME:破城槌(大型)（Ram (Large)）	DESC:.CLEAR	DESC:這種包有金屬頭箍的圓木當屬最基本的突擊型兵器，由一個或多個生物合力使用。破城槌可用於對目標造成傷害，或針對目標的破壞DC進行力量檢定。	
Siege Tower (Colossal).MOD	OUTPUTNAME:攻城塔(超巨型)（Siege Tower (Colossal)）	DESC:.CLEAR	DESC:這是一台具有堅固結構的木造廊車——攻城塔擁有高大的護頂部件。木塔的下部內含了推動該攻城塔的機師組成員，並為他們提供全掩蔽效果。破損狀態的攻城塔只能以半速移動。若攻城塔被破壞，整座木塔將崩毀。此種情況將視為坍塌來處理。攻城塔的上部為一定數量（見下文）的士兵提供強化掩蔽效果，並擁有可供遠程武器攻擊的射擊孔。塔頂部分可以加裝垛牆、並安置一台體型不大於該攻城塔的攻城兵器，外加一副鐵鴉喙。攻城塔的基本速度為15尺（在安裝中甲或重甲時為10尺）。攻城塔硬度為5，生命值基於體型。大型、超大型、巨型和超巨型攻城塔的生命值分別為60點、240點、640點和1250點。	
Siege Tower (Gargantuan).MOD	OUTPUTNAME:攻城塔(巨型)（Siege Tower (Gargantuan)）	DESC:.CLEAR	DESC:這是一台具有堅固結構的木造廊車——攻城塔擁有高大的護頂部件。木塔的下部內含了推動該攻城塔的機師組成員，並為他們提供全掩蔽效果。破損狀態的攻城塔只能以半速移動。若攻城塔被破壞，整座木塔將崩毀。此種情況將視為坍塌來處理。攻城塔的上部為一定數量（見下文）的士兵提供強化掩蔽效果，並擁有可供遠程武器攻擊的射擊孔。塔頂部分可以加裝垛牆、並安置一台體型不大於該攻城塔的攻城兵器，外加一副鐵鴉喙。攻城塔的基本速度為15尺（在安裝中甲或重甲時為10尺）。攻城塔硬度為5，生命值基於體型。大型、超大型、巨型和超巨型攻城塔的生命值分別為60點、240點、640點和1250點。	
Siege Tower (Huge).MOD	OUTPUTNAME:攻城塔(超大型)（Siege Tower (Huge)）	DESC:.CLEAR	DESC:這是一台具有堅固結構的木造廊車——攻城塔擁有高大的護頂部件。木塔的下部內含了推動該攻城塔的機師組成員，並為他們提供全掩蔽效果。破損狀態的攻城塔只能以半速移動。若攻城塔被破壞，整座木塔將崩毀。此種情況將視為坍塌來處理。攻城塔的上部為一定數量（見下文）的士兵提供強化掩蔽效果，並擁有可供遠程武器攻擊的射擊孔。塔頂部分可以加裝垛牆、並安置一台體型不大於該攻城塔的攻城兵器，外加一副鐵鴉喙。攻城塔的基本速度為15尺（在安裝中甲或重甲時為10尺）。攻城塔硬度為5，生命值基於體型。大型、超大型、巨型和超巨型攻城塔的生命值分別為60點、240點、640點和1250點。	
Siege Tower (Large).MOD	OUTPUTNAME:攻城塔(大型)（Siege Tower (Large)）	DESC:.CLEAR	DESC:這是一台具有堅固結構的木造廊車——攻城塔擁有高大的護頂部件。木塔的下部內含了推動該攻城塔的機師組成員，並為他們提供全掩蔽效果。破損狀態的攻城塔只能以半速移動。若攻城塔被破壞，整座木塔將崩毀。此種情況將視為坍塌來處理。攻城塔的上部為一定數量（見下文）的士兵提供強化掩蔽效果，並擁有可供遠程武器攻擊的射擊孔。塔頂部分可以加裝垛牆、並安置一台體型不大於該攻城塔的攻城兵器，外加一副鐵鴉喙。攻城塔的基本速度為15尺（在安裝中甲或重甲時為10尺）。攻城塔硬度為5，生命值基於體型。大型、超大型、巨型和超巨型攻城塔的生命值分別為60點、240點、640點和1250點。	
