Staff of Blessed Relief.MOD	OUTPUTNAME:祝福之杖 （Staff of Blessed Relief）
Staff of Minor Arcana.MOD	OUTPUTNAME:弱效奧術法杖 （Staff of Minor Arcana）
Staff of Tricks.MOD	OUTPUTNAME:詭計法杖 （Staff of Tricks）
Staff of the Scout.MOD	OUTPUTNAME:偵查法杖 （Staff of Scout）
Monstrification Staff.MOD	OUTPUTNAME:異化法杖（Monstrification Staff）               
Gravedigger's Spade.MOD	OUTPUTNAME:掘墓人鐵鍬（Gravedigger's Spade）
Spark Staff.MOD	OUTPUTNAME:電花法杖（Spark Staff）
Ember Staff.MOD	OUTPUTNAME:灰燼手杖（Ember Staff）
Staff of Eidolons.MOD	OUTPUTNAME:幻靈法杖 （Staff of Eidolons）
Staff of Accompaniment.MOD	OUTPUTNAME:伴奏法杖 （Staff of Accompaniment）
Staff of Understanding.MOD	OUTPUTNAME:理解法杖 （Staff of Understanding）
Staff of Charming.MOD	OUTPUTNAME:魅惑法杖 （Staff of Charming）
Staff of Fire.MOD	OUTPUTNAME:火炎法杖 （Staff of Fire）
Staff of Belittling.MOD	OUTPUTNAME:微縮法杖 （Staff of Belittling）
Staff of Courage.MOD	OUTPUTNAME:勇氣法杖 （Staff of Courage）
Staff of Feast and Famine.MOD	OUTPUTNAME:饗宴與饑荒法杖 （Staff of Feast and Famine）
Staff of Rigor.MOD	OUTPUTNAME:嚴酷法杖 （Staff of Rigor）
Staff of Swarming Insects.MOD	OUTPUTNAME:群蟲法杖 （Staff of Swarming Insects）
Staff of Authority.MOD	OUTPUTNAME:權柄法杖 （Staff of Authority）
Staff of Radiance.MOD	OUTPUTNAME:輻光法杖 （Staff of Radiance）
Staff of Size Alteration.MOD	OUTPUTNAME:改變體型法杖 （Staff of Size Alteration）
Staff of Journeys.MOD	OUTPUTNAME:旅途法杖 （Staff of Journeys）
Staff of acid.MOD	OUTPUTNAME:酸液法杖 （Staff of acid）
Chaotic Staff.MOD	OUTPUTNAME:混沌法杖 （Chaotic Staff）
Holy Staff.MOD	OUTPUTNAME:神聖法杖 （Holy Staff）
Lawful Staff.MOD	OUTPUTNAME:秩序法杖 （Lawful Staff）
Staff of Healing.MOD	OUTPUTNAME:治癒法杖 （Staff of Healing）
Unholy Staff.MOD	OUTPUTNAME:不潔法杖 （Unholy Staff）
Staff of the Master.MOD	OUTPUTNAME:大師法杖 （Staff of the Master）
Staff of Spiders.MOD	OUTPUTNAME:蜘蛛法杖 （Staff of Spiders）
Staff of Electricity.MOD	OUTPUTNAME:電擊法杖 （Staff of Electricity）
Heretic's Bane.MOD	OUTPUTNAME:異教徒之殤 （Heretic's Bane）
Musical Staff.MOD	OUTPUTNAME:音聲法杖 （Musical Staff）
Staff of Souls.MOD	OUTPUTNAME:靈魂法杖 （Staff of Souls）
Staff of Toxins.MOD	OUTPUTNAME:毒素法杖 （Staff of Toxins）
Staff of Shrieking.MOD	OUTPUTNAME:尖叫法杖 （Staff of Shrieking）
Staff of the Avenger.MOD	OUTPUTNAME:復仇法杖 （Staff of the Avenger）
Staff of Aspects.MOD	OUTPUTNAME:四象法杖 （Staff of Aspects）
Staff of Stealth.MOD	OUTPUTNAME:潛入法杖 （Staff of Stealth）
Staff of Frost.MOD	OUTPUTNAME:寒霜法杖 （Staff of Frost）
Staff of Bolstering.MOD	OUTPUTNAME:支援法杖 （Staff of Bolstering）
Staff of Curses.MOD	OUTPUTNAME:詛咒法杖 （Staff of Curses）
Staff of Dark Flame.MOD	OUTPUTNAME:暗炎法杖 （Staff of Darkflame）
Staff of Performance.MOD	OUTPUTNAME:表演法杖 （Staff of Performance）
Animate Staff.MOD	OUTPUTNAME:活化法杖 （Animate Staff）
Staff of Revelations.MOD	OUTPUTNAME:啟示法杖 （Staff of Revelations）
Staff of Illumination.MOD	OUTPUTNAME:光耀法杖 （Staff of Illumination）
Staff of Obstacles.MOD	OUTPUTNAME:障礙法杖 （Staff of Obstacles）
Staff of Heaven and Earth.MOD	OUTPUTNAME:天地法杖 （Staff of Heaven and Earth）
Staff of Travel.MOD	OUTPUTNAME:旅行法杖 （Staff of Travel）
Staff of Hoarding.MOD	OUTPUTNAME:積蓄法杖 （Staff of Hoarding）
Staff of Cackling Wrath.MOD	OUTPUTNAME:怒號法杖 （Staff of Cackling Wrath）
Staff of Traps.MOD	OUTPUTNAME:陷阱法杖 （Staff of Traps）
Staff of Speaking.MOD	OUTPUTNAME:言靈法杖 （Staff of Speaking）
Staff of Many Rays.MOD	OUTPUTNAME:射線法杖 （Staff of Many Rays）
Staff of Mithral Might.MOD	OUTPUTNAME:秘銀之力法杖 （Staff of Mithral Might）
Staff of Defense.MOD	OUTPUTNAME:防禦法杖 （Staff of Defense）
Staff of the Planes.MOD	OUTPUTNAME:位面法杖 （Staff of Planes）
Staff of Hungry Shadows.MOD	OUTPUTNAME:飢渴暗影法杖 （Staff of Hungry Shadows）
Dragon Staff.MOD	OUTPUTNAME:巨龍法杖 （Dragon Staff）
Staff of Slumber.MOD	OUTPUTNAME:沉睡法杖 （Staff of Slumber）
Staff of Abjuration.MOD	OUTPUTNAME:防護法杖 （Staff of Abjuration）
Staff of Conjuration.MOD	OUTPUTNAME:咒法法杖 （Staff of Conjuration）
Staff of Divination.MOD	OUTPUTNAME:預言法杖 （Staff of Divination）
Staff of Enchantment.MOD	OUTPUTNAME:惑控法杖 （Staff of Enchantment）
Staff of Evocation.MOD	OUTPUTNAME:塑能法杖 （Staff of Evocation）
Staff of Illusion.MOD	OUTPUTNAME:幻術法杖 （Staff of Illusion）
Staff of Necromancy.MOD	OUTPUTNAME:死靈法杖 （Staff of Necromancy）
Staff of Transmutation.MOD	OUTPUTNAME:變化法杖 （Staff of Transmutation）
Staff of Weather.MOD	OUTPUTNAME:氣象法杖 （Staff of Weather）
Staff of Earth and Stone.MOD	OUTPUTNAME:土石法杖 （Staff of Earth and Stone）
Staff of Vision.MOD	OUTPUTNAME:靈視法杖 （Staff of Vision）
Staff of The Woodlands.MOD	OUTPUTNAME:森林法杖 （Staff of The Woodlands）
Staff of Life.MOD	OUTPUTNAME:生命法杖 （Staff of Life）
Staff of One Hundred Hands.MOD	OUTPUTNAME:百手法杖 （Staff of One Hundred Hands）
Staff of Passage.MOD	OUTPUTNAME:通路法杖 （Staff of Passage）
Staff of The Hierophant.MOD	OUTPUTNAME:大祭司法杖 （Staff of The Hierophant）
Staff of Power.MOD	OUTPUTNAME:力量法杖 （Staff of Power）
