ABILITYCATEGORY:Alchemist Archetype	DISPLAYNAME:煉金術師職業變體	DISPLAYLOCATION:職業變體
ABILITYCATEGORY:Antipaladin Archetype	DISPLAYNAME:反聖騎士職業變體	DISPLAYLOCATION:職業變體
ABILITYCATEGORY:Cavalier Archetype	DISPLAYNAME:騎將職業變體	DISPLAYLOCATION:職業變體
ABILITYCATEGORY:Inquisitor Archetype	DISPLAYNAME:審判者職業變體	DISPLAYLOCATION:職業變體
ABILITYCATEGORY:Oracle Archetype	DISPLAYNAME:先知職業變體	DISPLAYLOCATION:職業變體
ABILITYCATEGORY:Summoner Archetype	DISPLAYNAME:召喚者職業變體	DISPLAYLOCATION:職業變體
ABILITYCATEGORY:Witch Archetype	DISPLAYNAME:女巫職業變體	DISPLAYLOCATION:職業變體
ABILITYCATEGORY:Alchemist Class Feature	DISPLAYNAME:煉金術師職業特性	DISPLAYLOCATION:職業特性
ABILITYCATEGORY:Cavalier Class Feature	DISPLAYNAME:騎將職業特性	DISPLAYLOCATION:職業特性
ABILITYCATEGORY:Inquisitor Class Feature	DISPLAYNAME:審判者職業特性	DISPLAYLOCATION:職業特性
ABILITYCATEGORY:Oracle Class Feature	DISPLAYNAME:先知職業特性	DISPLAYLOCATION:職業特性
ABILITYCATEGORY:Summoner Class Feature	DISPLAYNAME:召喚者職業特性	DISPLAYLOCATION:職業特性
ABILITYCATEGORY:Witch Class Feature	DISPLAYNAME:女巫職業特性	DISPLAYLOCATION:職業特性
ABILITYCATEGORY:Antipaladin Class Feature	DISPLAYNAME:反聖騎士職業特性	DISPLAYLOCATION:職業特性
ABILITYCATEGORY:Focused Arcane School	DISPLAYNAME:專攻奧術學派	DISPLAYLOCATION:職業特性
ABILITYCATEGORY:Alchemist Discovery	DISPLAYNAME:煉金術師科研發現	DISPLAYLOCATION:職業特性
ABILITYCATEGORY:Alchemist Grand Discovery	DISPLAYNAME:煉金術師賢者之證	DISPLAYLOCATION:職業特性
ABILITYCATEGORY:Tactician Feat	DISPLAYNAME:戰術專長	DISPLAYLOCATION:專長
ABILITYCATEGORY:Tactician Teamwork Feat	DISPLAYNAME:戰術團隊專長	DISPLAYLOCATION:職業特性
ABILITYCATEGORY:Cavalier Order	DISPLAYNAME:騎士道	DISPLAYLOCATION:職業特性
ABILITYCATEGORY:Cavalier Feat	DISPLAYNAME:騎將專長	DISPLAYLOCATION:專長
ABILITYCATEGORY:Inquisitor Domain Choice	DISPLAYNAME:審判者領域選擇	DISPLAYLOCATION:職業特性
ABILITYCATEGORY:Inquisitor Judgment Effect	DISPLAYNAME:審判者審判效果	DISPLAYLOCATION:職業特性
ABILITYCATEGORY:Inquisitor Teamwork Feat	DISPLAYNAME:審判者團隊專長	DISPLAYLOCATION:專長
ABILITYCATEGORY:Teamwork Feat	DISPLAYNAME:團隊專長	DISPLAYLOCATION:專長
ABILITYCATEGORY:Oracle Curse	DISPLAYNAME:先知詛咒	DISPLAYLOCATION:職業特性
ABILITYCATEGORY:Oracle Mystery	DISPLAYNAME:先知秘示域	DISPLAYLOCATION:職業特性
ABILITYCATEGORY:Battle Mystery Revelation	DISPLAYNAME:戰鬥秘示域啟示	DISPLAYLOCATION:職業特性
ABILITYCATEGORY:Bone Mystery Revelation	DISPLAYNAME:骸骨秘示域啟示	DISPLAYLOCATION:職業特性
ABILITYCATEGORY:Flame Mystery Revelation	DISPLAYNAME:烈焰秘示域啟示	DISPLAYLOCATION:職業特性
ABILITYCATEGORY:Heavens Mystery Revelation	DISPLAYNAME:蒼天秘示域啟示	DISPLAYLOCATION:職業特性
ABILITYCATEGORY:Life Mystery Revelation	DISPLAYNAME:生命秘示域啟示	DISPLAYLOCATION:職業特性
ABILITYCATEGORY:Lore Mystery Revelation	DISPLAYNAME:知識秘示域啟示	DISPLAYLOCATION:職業特性
ABILITYCATEGORY:Nature Mystery Revelation	DISPLAYNAME:自然秘示域啟示	DISPLAYLOCATION:職業特性
ABILITYCATEGORY:Stone Mystery Revelation	DISPLAYNAME:岩石秘示域啟示	DISPLAYLOCATION:職業特性
ABILITYCATEGORY:Waves Mystery Revelation	DISPLAYNAME:波濤秘示域啟示	DISPLAYLOCATION:職業特性
ABILITYCATEGORY:Wind Mystery Revelation	DISPLAYNAME:流風秘示域啟示	DISPLAYLOCATION:職業特性
ABILITYCATEGORY:Soothsayer Revelation	DISPLAYNAME:占卜啟示	DISPLAYLOCATION:職業特性
ABILITYCATEGORY:Oracle Maneuver Mastery	DISPLAYNAME:先知戰技熟稔	DISPLAYLOCATION:職業特性
ABILITYCATEGORY:Oracle Spell Choice	DISPLAYNAME:先知法術選擇	DISPLAYLOCATION:職業特性
ABILITYCATEGORY:Oracle Tongues Choice	DISPLAYNAME:先知方言選擇	DISPLAYLOCATION:職業特性
ABILITYCATEGORY:Summoner Aspect	DISPLAYNAME:召喚師異界型態	DISPLAYLOCATION:職業特性
ABILITYCATEGORY:Summoner Greater Aspect	DISPLAYNAME:召喚師高等異界型態	DISPLAYLOCATION:職業特性
ABILITYCATEGORY:Witch Hex	DISPLAYNAME:女巫巫術	DISPLAYLOCATION:職業特性
ABILITYCATEGORY:Witch Patron	DISPLAYNAME:女巫庇護主	DISPLAYLOCATION:職業特性
ABILITYCATEGORY:Eidolon Biped Evolution	DISPLAYNAME:幻靈二足型進化	DISPLAYLOCATION:種族能力
ABILITYCATEGORY:Eidolon Quadruped Evolution	DISPLAYNAME:幻靈四足型進化	DISPLAYLOCATION:種族能力
ABILITYCATEGORY:Eidolon Serpentine Evolution	DISPLAYNAME:幻靈蛇身型進化	DISPLAYLOCATION:種族能力
ABILITYCATEGORY:Eidolon Evolution	DISPLAYNAME:幻靈進化	DISPLAYLOCATION:種族能力
ABILITYCATEGORY:Eidolon Skill	DISPLAYNAME:幻靈技能	DISPLAYLOCATION:種族能力
ABILITYCATEGORY:Eidolon Bonus Skill	DISPLAYNAME:幻靈獎勵技能	DISPLAYLOCATION:種族能力
ABILITYCATEGORY:Eidolon Selection	DISPLAYNAME:幻靈選擇	DISPLAYLOCATION:種族能力
ABILITYCATEGORY:Eidolon Type Selection	DISPLAYNAME:幻靈形態選擇	DISPLAYLOCATION:種族能力
ABILITYCATEGORY:Swashbuckler Weapon Proficiency	DISPLAYNAME:遊蕩劍客武器嫺熟	DISPLAYLOCATION:專長
ABILITYCATEGORY:Fiendish Boon	DISPLAYNAME:魔契	DISPLAYLOCATION:職業特性
ABILITYCATEGORY:Cruelty	DISPLAYNAME:暴行	DISPLAYLOCATION:職業特性
ABILITYCATEGORY:Aspect Master Selection	DISPLAYNAME:千面活佛選擇	DISPLAYLOCATION:職業特性
ABILITYCATEGORY:Aquatic Bloodline Feat	DISPLAYNAME:深洋血統專長	DISPLAYLOCATION:專長
ABILITYCATEGORY:Boreal Bloodline Feat	DISPLAYNAME:極寒血統專長	DISPLAYLOCATION:專長
ABILITYCATEGORY:Deepearth Bloodline Feat	DISPLAYNAME:後土血統專長	DISPLAYLOCATION:專長
ABILITYCATEGORY:Dreamspun Bloodline Feat	DISPLAYNAME:夢見血統專長	DISPLAYLOCATION:專長
ABILITYCATEGORY:Protean Bloodline Feat	DISPLAYNAME:無常血統專長	DISPLAYLOCATION:專長
ABILITYCATEGORY:Serpentine Bloodline Feat	DISPLAYNAME:古蛇血統專長	DISPLAYLOCATION:專長
ABILITYCATEGORY:Shadow Bloodline Feat	DISPLAYNAME:暗影血統專長	DISPLAYLOCATION:專長
ABILITYCATEGORY:Starsoul Bloodline Feat	DISPLAYNAME:星魄血統專長	DISPLAYLOCATION:專長
ABILITYCATEGORY:Stormborn Bloodline Feat	DISPLAYNAME:暴風血統專長	DISPLAYLOCATION:專長
ABILITYCATEGORY:Verdant Bloodline Feat	DISPLAYNAME:蒼翠血統專長	DISPLAYLOCATION:專長
ABILITYCATEGORY:Druid Bear Shaman Feat	DISPLAYNAME:德魯伊熊圖騰薩滿專長	DISPLAYLOCATION:專長
ABILITYCATEGORY:Druid Eagle Shaman Feat	DISPLAYNAME:德魯伊鷹圖騰薩滿專長	DISPLAYLOCATION:專長
ABILITYCATEGORY:Druid Lion Shaman Feat	DISPLAYNAME:德魯伊獅圖騰薩滿專長	DISPLAYLOCATION:專長
ABILITYCATEGORY:Druid Serpent Shaman Feat	DISPLAYNAME:德魯伊蛇圖騰薩滿專長	DISPLAYLOCATION:專長
ABILITYCATEGORY:Druid Wolf Shaman Feat	DISPLAYNAME:德魯伊狼圖騰薩滿專長	DISPLAYLOCATION:專長
ABILITYCATEGORY:Aspect of the Beast Selection	DISPLAYNAME:化獸態選擇	DISPLAYLOCATION:專長
ABILITYCATEGORY:Expanded Arcana Selection	DISPLAYNAME:奧術拓展選擇	DISPLAYLOCATION:專長
ABILITYCATEGORY:Gnome Racial Knowledge	DISPLAYNAME:侏儒種族知識	DISPLAYLOCATION:種族能力
ABILITYCATEGORY:Half-Elf Bonus Weapon	DISPLAYNAME:半精靈額外武器	DISPLAYLOCATION:專長
ABILITYCATEGORY:Alignment Selection	DISPLAYNAME:陣營選擇	DISPLAYLOCATION:職業特性
ABILITYCATEGORY:Saving Throw Selection	DISPLAYNAME:豁免選擇	DISPLAYLOCATION:職業特性
ABILITYCATEGORY:Bonus CMD Choice	DISPLAYNAME:CMD加值選擇	DISPLAYLOCATION:種族能力
ABILITYCATEGORY:Extreme Endurance Selection	DISPLAYNAME:極限耐力	DISPLAYLOCATION:職業特性
ABILITYCATEGORY:Mounted Mastery Selection	DISPLAYNAME:騎乘精通選擇	DISPLAYLOCATION:專長
ABILITYCATEGORY:Adaptation Creature Selection	DISPLAYNAME:模仿生物選擇	DISPLAYLOCATION:職業特性
ABILITYCATEGORY:Shifter's Blessing Selection	DISPLAYNAME:變形者之庇護選擇	DISPLAYLOCATION:職業特性
ABILITYCATEGORY:Inspiring Command Selection	DISPLAYNAME:提振指令選擇	DISPLAYLOCATION:職業特性
ABILITYCATEGORY:Terrain Mastery Selection	DISPLAYNAME:地形熟稔選擇	DISPLAYLOCATION:職業特性
ABILITYCATEGORY:Terrain Dominance Selection	DISPLAYNAME:地形支配選擇	DISPLAYLOCATION:職業特性
ABILITYCATEGORY:Adaptation Ability Selection	DISPLAYNAME:模仿能力選擇	DISPLAYLOCATION:職業特性
ABILITYCATEGORY:Weapon Adept Monk Weapon Focus Choice	DISPLAYNAME:執械僧武器專攻選擇	DISPLAYLOCATION:職業特性
ABILITYCATEGORY:Weapon Adept Monk Weapon Specialization Choice	DISPLAYNAME:執械僧武器專精選擇	DISPLAYLOCATION:職業特性
ABILITYCATEGORY:Zen Archer Feat	DISPLAYNAME:禪宗射手專長	DISPLAYLOCATION:專長
ABILITYCATEGORY:Zen Archer Weapon Focus Choice	DISPLAYNAME:禪宗射手武器專攻選擇	DISPLAYLOCATION:職業特性
ABILITYCATEGORY:Zen Archer Weapon Specialization Choice	DISPLAYNAME:禪宗射手武器專精選擇	DISPLAYLOCATION:職業特性
ABILITYCATEGORY:Zen Archer Point Blank Master	DISPLAYNAME:禪宗射手貼身射擊	DISPLAYLOCATION:專長
ABILITYCATEGORY:Hunter's Trick Selection	DISPLAYNAME:獵人奇術選擇	DISPLAYLOCATION:職業特性
ABILITYCATEGORY:Favored Community	DISPLAYNAME:偏好社區選擇	DISPLAYLOCATION:職業特性
ABILITYCATEGORY:Favored Community Bonus	DISPLAYNAME:偏好社區加值	DISPLAYLOCATION:職業特性
ABILITYCATEGORY:Weapon Master Chosen Weapon	DISPLAYNAME:武器大師武器選擇	DISPLAYLOCATION:職業特性
ABILITYCATEGORY:Archer Trick Shot Selection	DISPLAYNAME:弓手特技射擊選擇	DISPLAYLOCATION:職業特性
ABILITYCATEGORY:Expanded Repertoire Selection	DISPLAYNAME:博覽群書選擇	DISPLAYLOCATION:職業特性
ABILITYCATEGORY:Beastmaster Companion Choice	DISPLAYNAME:野獸大師夥伴選擇	DISPLAYLOCATION:職業特性
ABILITYCATEGORY:Bard Favored Bonus Spell	DISPLAYNAME:吟遊詩人天賦職業獎勵法術	DISPLAYLOCATION:職業特性
ABILITYCATEGORY:Inquisitor Favored Bonus Spell	DISPLAYNAME:審判者天賦職業獎勵法術	DISPLAYLOCATION:職業特性
ABILITYCATEGORY:Sorcerer Favored Bonus Spell	DISPLAYNAME:術士天賦職業獎勵法術	DISPLAYLOCATION:職業特性
ABILITYCATEGORY:Oracle Favored Bonus Spell	DISPLAYNAME:先知天賦職業獎勵法術	DISPLAYLOCATION:職業特性
ABILITYCATEGORY:Campaign Trait Choice	DISPLAYNAME:戰役背景選擇	DISPLAYLOCATION:背景特性
ABILITYCATEGORY:Adoptive Race	DISPLAYNAME:異族兒種族	DISPLAYLOCATION:背景特性
ABILITYCATEGORY:Dwarf Race Trait	DISPLAYNAME:矮人種族背景	DISPLAYLOCATION:背景特性
ABILITYCATEGORY:Elf Race Trait	DISPLAYNAME:精靈種族背景	DISPLAYLOCATION:背景特性
ABILITYCATEGORY:Gnome Race Trait	DISPLAYNAME:侏儒種族背景	DISPLAYLOCATION:背景特性
ABILITYCATEGORY:Half-Elf Race Trait	DISPLAYNAME:半精靈種族背景	DISPLAYLOCATION:背景特性
ABILITYCATEGORY:Half-Orc Race Trait	DISPLAYNAME:半獸人種族背景	DISPLAYLOCATION:背景特性
ABILITYCATEGORY:Halfling Race Trait	DISPLAYNAME:半身人種族背景	DISPLAYLOCATION:背景特性
ABILITYCATEGORY:Human Race Trait	DISPLAYNAME:人類種族背景	DISPLAYLOCATION:背景特性
ABILITYCATEGORY:Air Opposition School Choice	DISPLAYNAME:氣對立學派選擇	DISPLAYLOCATION:職業特性
ABILITYCATEGORY:Earth Opposition School Choice	DISPLAYNAME:土對立學派選擇	DISPLAYLOCATION:職業特性
ABILITYCATEGORY:Fire Opposition School Choice	DISPLAYNAME:火對立學派選擇	DISPLAYLOCATION:職業特性
ABILITYCATEGORY:Water Opposition School Choice	DISPLAYNAME:水對立學派選擇	DISPLAYLOCATION:職業特性
ABILITYCATEGORY:Guileful Polyglot Additional Language	DISPLAYNAME:語言專家額外語言	DISPLAYLOCATION:職業特性
ABILITYCATEGORY:Companion Bonus Skill	DISPLAYNAME:夥伴額外技能	
ABILITYCATEGORY:Defensive Stance Power	DISPLAYNAME:防禦姿態力量	DISPLAYLOCATION:職業特性
ABILITYCATEGORY:Cavalier Mount Choice	DISPLAYNAME:騎將坐騎選擇	DISPLAYLOCATION:職業特性
ABILITYCATEGORY:Elemental Fist Choice	DISPLAYNAME:元素之拳選擇	DISPLAYLOCATION:專長
ABILITYCATEGORY:Additional Language	DISPLAYNAME:額外語言	DISPLAYLOCATION:種族能力
ABILITYCATEGORY:Two-Handed Fighter Weapon Training I	DISPLAYNAME:雙手戰士武器訓練I	DISPLAYLOCATION:職業特性
ABILITYCATEGORY:Two-Handed Fighter Weapon Training II	DISPLAYNAME:雙手戰士武器訓練II	DISPLAYLOCATION:職業特性
ABILITYCATEGORY:Two-Handed Fighter Weapon Training III	DISPLAYNAME:雙手戰士武器訓練III	DISPLAYLOCATION:職業特性
ABILITYCATEGORY:Two-Handed Fighter Weapon Training IV	DISPLAYNAME:雙手戰士武器訓練IV	DISPLAYLOCATION:職業特性
ABILITYCATEGORY:Racial Heritage Choice	DISPLAYNAME:遠古血脈選擇	DISPLAYLOCATION:專長
ABILITYCATEGORY:Spindle of Perfect Knowledge	DISPLAYNAME:完美知識紡錘	DISPLAYLOCATION:裝備
ABILITYCATEGORY:Antihero Feat	DISPLAYNAME:我非英雄專長	DISPLAYLOCATION:專長
ABILITYCATEGORY:First Level Domain Power Times	DISPLAYNAME:一級領域力量增強	DISPLAYLOCATION:職業特性
ABILITYCATEGORY:Point Blank Master	DISPLAYNAME:貼身射擊	DISPLAYLOCATION:職業特性
ABILITYCATEGORY:Master Chymist Advanced Mutagen	DISPLAYNAME:煉金大師進化突變	DISPLAYLOCATION:職業特性
ABILITYCATEGORY:Select Beast Master Companion	DISPLAYNAME:選擇野獸大師夥伴	DISPLAYLOCATION:專長
ABILITYCATEGORY:Paladin Energy Resistance	DISPLAYNAME:聖騎士元素抗力	DISPLAYLOCATION:職業特性
ABILITYCATEGORY:Arcane Talent Selection	DISPLAYNAME:奧法天賦選擇	DISPLAYLOCATION:專長
ABILITYCATEGORY:Temp Eidolon Evolution	DISPLAYNAME:臨時幻靈進化	DISPLAYLOCATION:種族能力
ABILITYCATEGORY:Summoner Class Selection	DISPLAYNAME:召喚師職業選擇	DISPLAYLOCATION:職業特性
ABILITYCATEGORY:Multiple Companion Combination	DISPLAYNAME:多夥伴組合	DISPLAYLOCATION:職業特性
