Arrow (Hushing).MOD	OUTPUTNAME:消音箭 （Hushing Arrow）	
Arrow (Hushing/Greater).MOD	OUTPUTNAME:高等消音箭 （Hushing Arrow, greater）	
Bastard's Sting.MOD	OUTPUTNAME:惡棍之釘 （Bastard's Sting）	
Blade of the Rising Sun.MOD	OUTPUTNAME:升陽切 （Blade of the Rising Sun）	
Blade of the Sword-Saint.MOD	OUTPUTNAME:劍豪刃 （Blade of the Sword-Saint）	
Bolt (Dust).MOD	OUTPUTNAME:干塵矢 （Dust Bolt）	
Bullet (Alchemist's).MOD	OUTPUTNAME:煉金劑彈丸 （Alchemist's Bullet）	
Cutthroat's Apprentice.MOD	OUTPUTNAME:兇徒助手 （Cutthroat's Apprentice）	
Dagger (Bloodthirst).MOD	OUTPUTNAME:血飲匕首 （Bloodthrist Dagger）	
Dagger of Doubling.MOD	OUTPUTNAME:雙分匕首 （Dagger of Doubling）	
Demonsorrow curve blade.MOD	OUTPUTNAME:魔傷曲刃 （Demonsorrow curve blade）	
Disarming Blade.MOD	OUTPUTNAME:繳械劍 （Disarming Blade）	
Dragon's Doom.MOD	OUTPUTNAME:龍之災 （Dragon's Doom）	
Earthenflail.MOD	OUTPUTNAME:土地連枷 （Earthenflail）	
Everflowing Aspergillum.MOD	OUTPUTNAME:不竭花灑 （Everflowing Aspergillum）	
Fighter's Fork.MOD	OUTPUTNAME:鬥士三叉矛 （Fighter's Fork）	
Ghoul's Lament.MOD	OUTPUTNAME:屍鬼哀歌 （Ghoul's Lament）	
Guisarme (Dragoncatch).MOD	OUTPUTNAME:獵龍長鉤刀 （Dragoncatch Guisarme）	
Hammer (Dwarfbond).MOD	OUTPUTNAME:矮人投錘 （Dwarfbond Hammer）	
Hammer (Polarity).MOD	OUTPUTNAME:磁極飛錘 （Polarity Hammer）	
Hellscourge.MOD	OUTPUTNAME:煉獄責罰 （Hellscourge）	
Kukri (Bloodletting).MOD	OUTPUTNAME:放血反曲刀 （Bloodletting Kukri）	
Lash of the Howler.MOD	OUTPUTNAME:嚎獸長鞭 （Lash of the Howler）	
Pistol (Firedrake).MOD	OUTPUTNAME:炎龍手槍 （Firedrake Pistol）	
Pistol of the Infinite Sky.MOD	OUTPUTNAME:蒼穹拳銃 （Pistol of the Infinite Sky）	
Quarterstaff (Hurricane).MOD	OUTPUTNAME:疾風齊眉棍 （Hurricane Quarterstaff）	
Quarterstaff of Vaulting.MOD	OUTPUTNAME:騰空杖 （Quarterstaff of Vaulting）	
Scimitar of the Spellthief.MOD	OUTPUTNAME:盜法彎刀 （Scimitar of the Spellthief）	
Scythe (Void).MOD	OUTPUTNAME:虛空巨鐮 （Void Scythe）	
Sling (Frostbite).MOD	OUTPUTNAME:霜疫投索 （Frostbite Sling）	
Spear (Heartswood).MOD	OUTPUTNAME:心木長矛 （Heartswood Spear）	
Spider's Fang.MOD	OUTPUTNAME:毒蛛牙 （Spider's Fang）	
Spirit Caller.MOD	OUTPUTNAME:喚魂者 （Spirit Caller）	
Summoner's Sorrow.MOD	OUTPUTNAME:召喚者之傷 （Summoner's Sorrow）	
Sword (Ten-Ring).MOD	OUTPUTNAME:十環刀 （Ten-ring Sword）	
Trident (Triton's).MOD	OUTPUTNAME:海衛三叉戟 （Triton's Trident）	
Valor's Minion.MOD	OUTPUTNAME:勇者侍從 （Valor's Minion）	
Warbringer.MOD	OUTPUTNAME:戰爭使者 （Warbringer）	
