CATEGORY=FEAT|Accursed.MOD	OUTPUTNAME:詛咒纏身（Accursed）〔故事〕	DESC:.CLEAR	DESC:如同頸掛巨石，你的靈魂承受著詛咒的重負。	BENEFIT:.CLEAR	BENEFIT:魔法的詛咒作用在你身上，使獲得等同於「5+角色等級」的法術抗力。與多數法術抗力不同，它無法被主動降低；儘管你自己的法術和魔法物品依然能自動對自己生效。你失去上述法術抗力。你獲得等同於「11+角色等級」的法術抗力，但僅能用於對抗有害的惑控、死靈和變化學派法術或類法術能力——你的靈光抵抗著這些詛咒。若你自願，無害法術可自動通過該法術抗力。該法術抗力可以被主動降低。	
CATEGORY=FEAT|Arisen.MOD	OUTPUTNAME:重返人間（Arisen）〔故事〕	DESC:.CLEAR	DESC:逃脫死亡強化了你的生命聯結，但也令你必須追尋一個答案。	BENEFIT:.CLEAR	BENEFIT:你在生命負值達到「4+體質屬性」以上時才會死亡。每日1次，你能夠通過標準動作聚集意志力來驅動自己，獲得等同HD點數的臨時HP。這些臨時生命持續10分鐘。你在對抗死亡和恐懼效果的豁免時獲得+2加值。此外，任何作用於你的咒法系（醫療子學派）法術視為CL提高1級，只對你本人有效。	
CATEGORY=FEAT|Battlefield Healer.MOD	OUTPUTNAME:戰地醫師（Battlefield Healer）〔故事〕	DESC:.CLEAR	DESC:即便在最激烈的戰鬥中，你依然不惜冒險拯救同伴。	BENEFIT:.CLEAR	BENEFIT:當你由於受到傷害而被迫進行專注檢定時，在決定專注DC時該傷害被視為降低50%%%%。你在施展咒法系醫療子學派法術時，由於受傷而被迫進行的專注檢定自動成功。	
CATEGORY=FEAT|Champion.MOD	OUTPUTNAME:鬥技冠軍（Champion）〔故事〕	DESC:.CLEAR	DESC:你必須通過單打獨鬥來證明自己。	BENEFIT:.CLEAR	BENEFIT:你能夠通過迅捷動作指定50尺內的一個敵人為挑戰對手。如此施為後只要在沒有他人威脅該對手、戰鬥未結束的情況下，你對其的攻擊檢定和閃避AC+1。若另有人攻擊你或你的對手，該挑戰結束且你在1輪內的攻擊檢定和AC遭受-2。儘管你可以隨意發動挑戰，但無法在24小時內挑戰同一目標多次。你的挑戰加值增至+2。此外，你對挑戰對手的重擊確認後追加1d6額外傷害。	
CATEGORY=FEAT|Damned.MOD	OUTPUTNAME:詛咒之人（Damned）〔故事〕	DESC:.CLEAR	DESC:從最初的開始，你就命中注定要為力量而犧牲一切。	BENEFIT:.CLEAR	BENEFIT:你對邪惡異界生物的基於魅力的技能檢定+2，用以對抗它們的法術與類法術能力豁免DC+1。你對善良異界生物的基於魅力的技能檢定-2。你的一項屬性獲得+2增強加值。該增強加值由於神力介入而無法被解除或驅散，並被視為超自然能力。此外，你在對抗善良異界生物時的施法者等級檢定+2（包括解除魔法時和擊破法術抗力時）。如果你在與邪惡異界生物的契約成立時身亡，若無對方允許，你無法復活。若你撕毀以靈魂為代價的契約則將立即並永久失去此完成收益，但即時收益仍將保留。	
CATEGORY=FEAT|Deny the Reaper.MOD	OUTPUTNAME:救死決毅（Deny the Reaper）〔故事〕	DESC:.CLEAR	DESC:你無力拯救的那些生命，到你的最後一刻都陪伴著你。	BENEFIT:.CLEAR	BENEFIT:你的醫療檢定+2。如果你在醫療技能受訓10級以上，該加值升至+4。你能夠通過移動動作施展急救，並不會因缺少醫療工具包而在急救時承受減值。你和位於你10尺以內的同伴對抗即死效果的豁免+2。此外，每日1次，你可以將任何5級以上法術自發轉化為『生命之息』法術。	
CATEGORY=FEAT|Eldritch Researcher.MOD	OUTPUTNAME:魔能學者（Eldritch Researcher）〔故事〕	DESC:.CLEAR	DESC:你尋求魔法能量的嶄新應用。	BENEFIT:.CLEAR	BENEFIT:當你施展自己創造出的法術時CL+1。此外，你的法術辨識檢定+2。如果你在法術辨識技能受訓10級以上，該加值升至+4。當你施展自己創造出的法術時豁免DC+1。此外，你超魔施展自創法術時的法術環位提升減少1級。你無法通過此方式將超魔後的法術降低到其原本環位之下。	
CATEGORY=FEAT|Fearless Zeal.MOD	OUTPUTNAME:狂熱聖徒（Fearless Zeal）〔故事〕	DESC:.CLEAR	DESC:你願意殞身以恤信仰。	BENEFIT:.CLEAR	BENEFIT:每日1次，你可以使單次攻擊、施法者等級、豁免或技能檢定+2。你必須在檢定結果已確定，但效果尚未決定（譬如傷害值）之前應用此加值。若你的等級或生命骰為10以上，該加值增至+4。若你死而復生，你成為信仰的鮮活具現。每日1次，你能夠通過標準動作激勵與你同為信仰而戰之人，使他們1分鐘內攻擊和豁免檢定+2。這是一個基於影響心智和語言的效果。若你建立一位受犧牲角色感召的新角色，新角色單項屬性+2。該屬性不能是已被種族修正強化過的屬性。新角色在達到先決條件後也可以選擇本專長。	
CATEGORY=FEAT|Feral Heart.MOD	OUTPUTNAME:狂野之心（Feral Heart）〔故事〕	DESC:.CLEAR	DESC:野獸的心臟在你的胸膛裡跳動著。	BENEFIT:.CLEAR	BENEFIT:每當你受到力量屬性或攻擊檢定的士氣加值（如通過『英雄氣概』法術或野蠻人的狂暴能力），你基於力量和敏捷的屬性檢定、技能檢定+2，同時反射豁免+1，直到士氣效果結束。陷入疲乏、力竭、戰慄或噁心效果時將其延後1輪生效。若你已經處於該狀態、並再次發生類似狀況，本專長無效。儘管暫時無視對應效果，但它們確實存在。舉例而言，當你戰慄並因本專長受益時，若再度受到戰慄效果將會陷入驚懼。	
CATEGORY=FEAT|Foeslayer.MOD	OUTPUTNAME:復仇化身（Foeslayer）〔故事〕	DESC:.CLEAR	DESC:你和仇敵之間的苦澀鬥爭只能以鮮血來終結。	BENEFIT:.CLEAR	BENEFIT:你施放用以對抗特定團體敵人的法術豁免DC+1，同時你對他們的閃避AC+1。你對特定種族的敵人攻擊時視為擁有「精通重擊」專長。你對此類敵人的閃避AC+2。	
CATEGORY=FEAT|Forgotten Past.MOD	OUTPUTNAME:忘卻回憶（Forgotten Past）〔故事〕	DESC:.CLEAR	DESC:某個重大事件從你的記憶中隱去了。	BENEFIT:.CLEAR	BENEFIT:影響心智法術（即便是有利效果）對你的持續時間減半，至少1輪。你的求知本能使你的察覺檢定+2。如果你在察覺技能受訓10級以上，該加值升至+4。你在對抗影響心智效果的豁免中可以雙骰取高。	
CATEGORY=FEAT|Glimpse Beyond.MOD	OUTPUTNAME:驚鴻一瞥（Glimpse Beyond）〔故事〕	DESC:.CLEAR	DESC:你從現實的狹間瞥到瘋狂。	BENEFIT:.CLEAR	BENEFIT:你用於辨析不死生物、邪惡異界生物或異怪的弱點與能力的對應知識（宗教，位面和地城）檢定+2，並且你能在未受訓的情況下進行檢定。如果你在對應知識技能受訓10級以上，該加值升至+4。此外，你對抗恐懼效果的豁免+2。任何試圖讀取你思想的、心智健全的生物將受到1d6點感知傷害（通過DC為「10+1/2角色等級+魅力修正」的意志豁免無效）。此外，你所受到的任何對智力、感知、魅力的屬性傷害或屬性吸取減半（至少為1）。你的意志豁免-2。每當你對抗影響心智的效果時可以雙骰取高。	
CATEGORY=FEAT|Innocent Blood.MOD	OUTPUTNAME:無辜鮮血（Innocent Blood）〔故事〕	DESC:.CLEAR	DESC:世間可悲者的靈魂，通過死亡為你開啟了通往偉大之途。	BENEFIT:.CLEAR	BENEFIT:你的威嚇檢定+2。如果你在威嚇技能受訓10級以上，該加值升至+4。每當你擊殺一個智慧生物，你的攻擊檢定和施法者等級檢定+1，持續1分鐘（該加值不與自身疊加）。任何處於戰慄狀態下的生物攻擊你、豁免你所施放的能力或以你為目標使用技能時受到的減值加倍。	
CATEGORY=FEAT|Liberator.MOD	OUTPUTNAME:自由鬥士（Liberator）〔故事〕	DESC:.CLEAR	DESC:被鐐銬束縛的日子永遠地鍛造了你的靈魂。	BENEFIT:.CLEAR	BENEFIT:你在直接領導的解放囚犯和奴隸行動中，攻擊、傷害和技能檢定+1。你通過自己不屈的信念激勵他人。與你共同解救囚犯或奴隸時，距你20尺內的同伴均能獲得你的專長加值。此外，你能夠通過標準動作來鼓舞120尺內的所有奴隸和前奴隸，給予他們等同於你角色等級一半的臨時HP、以及豁免+1。這些加值持續1小時，並且每個生物每日只能受到這種影響一次。這是影響心智的效果，而鼓舞帶來的加值則依賴於語言。	
CATEGORY=FEAT|Lost Legacy.MOD	OUTPUTNAME:失落榮光（Lost Legacy）〔故事〕	DESC:.CLEAR	DESC:曾屬於你家族的財產終將屬於你。	BENEFIT:.CLEAR	BENEFIT:你的魅力屬性檢定、基於魅力的技能檢定+1。你的感知屬性檢定、基於感知的技能檢定和意志豁免+1。	
CATEGORY=FEAT|Magnum Opus.MOD	OUTPUTNAME:傳世佳作（Magnum Opus）〔故事〕	DESC:.CLEAR	DESC:你尋求著如何創作出真正的世界名作。	BENEFIT:.CLEAR	BENEFIT:選擇一項工藝或表演技能。當你為技能檢定取10時，將投骰視為15計算。你所選擇的技能檢定+5，你的所有受訓1級以上的其他工藝和表演技能檢定+2。	
CATEGORY=FEAT|Shamed.MOD	OUTPUTNAME:忍辱負重（Shamed）〔故事〕	DESC:.CLEAR	DESC:曾經的恥辱至今仍令你痛苦。	BENEFIT:.CLEAR	BENEFIT:被人注視這件事本身就足以激勵你奮進。當你置身於有未參戰的目擊者存在的衝突中時，你的攻擊和技能檢定+1。你重新獲得的自信給予你等同於角色等級的臨時HP。這些HP在你充分休息後失去並重置，無論是否接受過醫療。	
CATEGORY=FEAT|Stronghold.MOD	OUTPUTNAME:堅實要塞（Stronghold）〔故事〕	DESC:.CLEAR	DESC:你試圖建造一座遲早要面對敵軍侵襲的堡壘，如同礁石等待著海浪的衝擊。	BENEFIT:.CLEAR	BENEFIT:你能夠通過移動動作向軍隊下達命令，給予60尺內你所選定的生物以攻擊檢定+1士氣加值、閃避AC+1、或單項豁免+1三者之一。所有生物必須獲益於同一效果。你不能通過此方式為你無權指揮的同伴帶來收益。這是一個依賴語言的影響心智效果。你的戰鬥指令加值增至+2，並且指令影響範圍擴至120尺半徑。此外，你可以向軍隊下達兩項不同的指令。舉例而言，你可以令弓箭手攻擊檢定+2，同時令前排步兵AC+2。	
CATEGORY=FEAT|Thief of Legend.MOD	OUTPUTNAME:傳奇大盜（Thief of Legend）〔故事〕	DESC:.CLEAR	DESC:絕不僅僅當個竊賊，你立志要干下些名震四海的勾當。	BENEFIT:.CLEAR	BENEFIT:每日1次，當你嘗試用解除裝置技能開鎖、或通過巧手技能扒竊時，你可以雙骰取高。你獲得反射性地拆除陷阱的能力。當你觸發一個陷阱時，你能夠通過一次受到-5減值的解除裝置檢定來遏止其生效，使其處於依然待命但未被激活的狀態。你每日可用此能力的次數為「3+智力修正」。儘管該陷阱處於待命，若你不即刻迴避或採取與前次觸發時不同的行動，其仍有可能被激活。	
CATEGORY=FEAT|Town Tamer.MOD	OUTPUTNAME:清道專員（Town Tamer）〔故事〕	DESC:.CLEAR	DESC:這小鎮需要清理，而你正是幹這行的。	BENEFIT:.CLEAR	BENEFIT:選擇一個特定的定居點。當處於選定的定居點時，對你進行威嚇的檢定DC提高10；同時你在對付不受歡迎的傢伙、如罪犯和盜匪時，攻擊檢定和閃避AC+1。此加值在戰技檢定中增至+2。如你願意，你獲得隨時選定一個新的定居點的能力。你在做出類似選定前必須先在該地居留1周以上。此外，當處於選定的定居點時，你的先攻檢定+2，豁免+1。	
CATEGORY=FEAT|True Love.MOD	OUTPUTNAME:真愛不死（True Love）〔故事〕	DESC:.CLEAR	DESC:你找到了愛戀，卻發現自己被關在緊閉的命運大門之前。	BENEFIT:.CLEAR	BENEFIT:你所施放的帶有〔情緒〕描述符的法術，其豁免DC和CL+1。此外，你的察言觀色檢定+2。如果你在察言觀色技能受訓10級以上，該加值升至+4。深知愛人正等待著你的歸來，你在HP處於最大值25%%%%以下時（不計算臨時HP）攻擊、豁免和技能檢定+2。若你們的戀情以任何形式結束——包括死亡，你失去此項完成收益。	
CATEGORY=FEAT|Unforgotten.MOD	OUTPUTNAME:莫失莫忘（Unforgotten）〔故事〕	DESC:.CLEAR	DESC:你在追尋著自己的重要之人——你衷心地期盼他/她尚在人間。	BENEFIT:.CLEAR	BENEFIT:你的堅定信念令你受到的非致命傷害降低1點，最低降至1點。同時你的意志豁免+1。取代意志豁免+1，你的全豁免+1。如果你發現所愛之人已逝，你將失去本專長的所有收益，直到你給予遺體和靈魂適當的安息。葬下遺體後你可獲得本完成收益，但依然失去降低非致命傷害的能力。	
CATEGORY=FEAT|Vengeance.MOD	OUTPUTNAME:君子報仇（Vengeance）〔故事〕	DESC:.CLEAR	DESC:為所愛之人復仇是你前進的巨大驅動力。	BENEFIT:.CLEAR	BENEFIT:你對特定的敵手與其爪牙的豁免、攻擊和傷害檢定+1。你的全豁免+1。若你的敵手仍然存活，該加值可在與其對抗時與即時收益疊加。	
