CATEGORY=Special Ability|Trait ~ Axe to Grind.MOD	OUTPUTNAME:單挑客（Axe to Grind）	DESC:.CLEAR	DESC:不滅的鬥魂在你心中熊熊燃燒。當敵人僅被你所威脅時，你對他的傷害檢定獲得+1背景加值。					
CATEGORY=Special Ability|Trait ~ Battlefield Disciple.MOD	OUTPUTNAME:兄弟連（Battlefield Disciple）	DESC:.CLEAR	DESC:你已熟習在白熱化的戰鬥中支援戰友之道。你在穩定瀕死生物傷勢的醫療技能檢定中獲得+2背景加值。此外，當你在戰鬥中成功利用幫助他人動作來支援同伴的下次攻擊，你提供的攻擊加值追加1點。					
CATEGORY=Special Ability|Trait ~ Black Powder Bravado.MOD	OUTPUTNAME:勇決銃（Black Powder Bravado）	DESC:.CLEAR	DESC:你的勇毅動作成功率奇高。每日1次，你可以在使用一項需要攻擊檢定的勇毅動作並失手時重骰。你必須接受第二次檢定結果，即便更糟。					
CATEGORY=Special Ability|Trait ~ Black Powder Fortune.MOD	OUTPUTNAME:天運銃（Black Powder Fortune）	DESC:.CLEAR	DESC:手中有槍，心中無懼。當你持用火器時，你在對抗詛咒、恐懼和情緒效果的全豁免中獲得+2背景加值。					
CATEGORY=Special Ability|Trait ~ Black Powder Interjection.MOD	OUTPUTNAME:擾法銃（Black Powder Interjection）	DESC:.CLEAR	DESC:你在挫敗對方施法時信心爆棚。每日1次，當你成功使用火器打斷法術施放時，你獲得1點勇毅點數。					
CATEGORY=Special Ability|Trait ~ Bloodthirsty.MOD	OUTPUTNAME:嗜血徒（Bloodthirsty）	DESC:.CLEAR	DESC:你有惡毒的嗜好，沒有什麼比手中劍刃上淌下的溫暖鮮血更能取悅你。每當你的攻擊將對方生命值將至0點以下、或你的重擊成功確認時，你的攻擊造成1點額外傷害。該額外傷害是一項背景加值，並可以根據你的武器重擊倍率而在重擊確認時翻倍。					
CATEGORY=Special Ability|Trait ~ Cold and Calculating.MOD	OUTPUTNAME:腹黑者（Cold and Calculating）	DESC:.CLEAR	DESC:你是用詭計對付同族的老手。你在對與自己同屬某亞種的生物使用唬騙技能時獲得+1背景加值。你同時還能在突襲輪對上述生物的攻擊檢定中獲得+1背景加值。					
CATEGORY=Special Ability|Trait ~ Dedicated Defender.MOD	OUTPUTNAME:衛戍者（Dedicated Defender）	DESC:.CLEAR	DESC:你在同伴倒下時愈戰愈勇。當你與瀕死的盟友、動物夥伴、幻靈、魔寵或坐騎鄰接時，你的攻擊檢定或穿透魔抗的施法者等級檢定獲得+1背景加值。					
CATEGORY=Special Ability|Trait ~ Dispelled Battler.MOD	OUTPUTNAME:法戰徒（Dispelled Battler）	DESC:.CLEAR	DESC:當魔法被壓制時你愈戰愈勇。當處於如『反魔場』法術造成的反魔法區域中時，你的武器攻擊和傷害檢定獲得+1背景加值。若你成為區域型或單體型『解除魔法』法術的對象，無論其是否成功解除了你的法術或魔法效果，你都能在1輪內獲得如上的類似優勢。					
CATEGORY=Special Ability|Trait ~ Easy Way or the Hard Way.MOD	OUTPUTNAME:隨心打（Easy Way or the Hard Way）	DESC:.CLEAR	DESC:你精於削弱對手。當你試圖使用造成致命傷害的武器對宿敵造成非致命傷害時，攻擊檢定僅受-2減值而非-4。					
CATEGORY=Special Ability|Trait ~ Evasive Sting.MOD	OUTPUTNAME:游身法（Evasive Sting）	DESC:.CLEAR	DESC:大塊頭很難打到你。若對方是你的宿敵、同時體型大於你兩級以上，你對其攻擊獲得+1閃避AC。					
CATEGORY=Special Ability|Trait ~ Faith's Hunter.MOD	OUTPUTNAME:信獵使（Faith's Hunter）	DESC:.CLEAR	DESC:神力在你每次重創宿敵時對你微笑。每當你對宿敵的重擊確認檢定成功，你可以將作用於自身的任何神術延長1輪。多次重擊帶來的收益將累加。瞬時生效的神術無法以此種方式延長。					
CATEGORY=Special Ability|Trait ~ Hidden Hand.MOD	OUTPUTNAME:隱刃手（Hidden Hand）	DESC:.CLEAR	DESC:你的暗藏武器出擊迅速而準確。你在隱藏輕型武器的巧手檢定、以及在突襲輪使用輕型武器的攻擊檢定獲得+1背景加值。					
CATEGORY=Special Ability|Trait ~ Hunter's Knack.MOD	OUTPUTNAME:穩獵師（Hunter's Knack）	DESC:.CLEAR	DESC:當你在攻擊前耐心等待時，你的攻擊更加精確。你在通過準備動作攻擊宿敵時，攻擊檢定獲得+1背景加值。					
CATEGORY=Special Ability|Trait ~ Indelible Ire.MOD	OUTPUTNAME:怒戰狂（Indelible Ire）	DESC:.CLEAR	DESC:當你身披重創時，戰意更加激盪。每當對你造成的重擊確定，你在1輪內的攻擊檢定獲得+1背景加值。					
CATEGORY=Special Ability|Trait ~ Just Like New.MOD	OUTPUTNAME:舊如新（Just Like New）	DESC:.CLEAR	DESC:破損的火槍不算問題——最多僅是個小挑戰罷了。對你初期自帶火器的破損修復、同時將其轉為精製品的維護過程僅消耗150gp而非300gp。此外，當你持用一把破損的、或視為處於破損狀態下的火器時，你的攻擊檢定僅受到-1減值而非通常的-2。					
CATEGORY=Special Ability|Trait ~ Kin Guardian.MOD	OUTPUTNAME:護家者（Kin Guardian）	DESC:.CLEAR	DESC:你獻身於守護家族成員。當你使用協助他人動作來為你的一位家族成員提供額外AC時，該加值上升2點。此為背景加值，因此不會在多名家族成員協助同一人時相互疊加。該背景特性在使用協助他人動作來協助家族成員攻擊時無效。					
CATEGORY=Special Ability|Trait ~ Larger Than Life.MOD	OUTPUTNAME:擁槍鬼（Larger Than Life）	DESC:.CLEAR	DESC:你在手持槍械時看上去凶神惡煞。當你持用火器並使用威嚇技能時，可以將自身體型視為大於實際水平一級。					
CATEGORY=Special Ability|Trait ~ Martial Performer.MOD	OUTPUTNAME:演武師（Martial Performer）	DESC:.CLEAR	DESC:你將自己訓練為一名武術表演家。當你獲得武僧額外專長時，你可以代之以選擇一項滿足前置要求的演武專長。					
CATEGORY=Special Ability|Trait ~ Nature's Mimic.MOD	OUTPUTNAME:五形拳（Nature's Mimic）	DESC:.CLEAR	DESC:你的自然知識影響了你的格鬥流派，而該流派也給予你洞察自然世界的新視角。你的知識（自然）檢定獲得+1背景加值，並且總能將知識（自然）視為你的本職技能。即便未受訓，你也可以對已擁有對應流派專長的動物使用知識（自然）技能加以辨識。					
CATEGORY=Special Ability|Trait ~ Never Stop Shooting.MOD	OUTPUTNAME:不屈魂（Never Stop Shooting）	DESC:.CLEAR	DESC:即便肉身將潰，你的槍火仍在閃耀。如果你的生命值被降至0點以下但並未死亡，你能像癱瘓一般受限行動而非瀕死（如同擁有「頑強」專長）。但是，你僅能做取用火器、裝填火器或用火器攻擊等動作。如果你擁有「頑強」專長，該背景特性允許你在決定死亡閾限的生命負值時用感知屬性取代體質屬性。					
CATEGORY=Special Ability|Trait ~ Reckless.MOD	OUTPUTNAME:急性子（Reckless）	DESC:.CLEAR	DESC:你喜歡在戰場上快速進擊，經常忽視自身安全。你的特技檢定獲得+1背景加值，並且總能將特技視為你的本職技能。					
CATEGORY=Special Ability|Trait ~ Reckless Contempt.MOD	OUTPUTNAME:驕狂者（Reckless Contempt）	DESC:.CLEAR	DESC:你毫不懼怕那些三流武器的威脅。當你持用火器射擊的動作招致藉機攻擊時，該次射擊的攻擊檢定獲得+1背景加值。					
CATEGORY=Special Ability|Trait ~ Resolve of the Rejected.MOD	OUTPUTNAME:決意銃（Resolve of the Rejected）	DESC:.CLEAR	DESC:有些傢伙從不支持你選擇火槍，他們的奚落卻恰好堅定了你在槍林彈雨中的決心。你在對抗魅惑和脅迫效果的全豁免中獲得+1背景加值。此外，每日1次，當你成功對上述效果通過豁免時，你獲得1點勇毅點數。					
CATEGORY=Special Ability|Trait ~ Scarred Descendant.MOD	OUTPUTNAME:創痕裔（Scarred Descendant）	DESC:.CLEAR	DESC:你的同族是你最大的死敵。你在對與自己同屬某亞種的生物造成重擊的確認檢定、以及對其展開追蹤的生存技能檢定獲得+1背景加值。					
CATEGORY=Special Ability|Trait ~ Startling Report.MOD	OUTPUTNAME:驚魂炮（Startling Report）	DESC:.CLEAR	DESC:也許是因為扣下扳機的時刻完美、或是射擊的氣勢懾人，你的槍聲觸動了敵人脆弱的神經。當你用火器射擊時，你在1輪內對聽到該次射擊的敵人使用威嚇技能時檢定獲得+2背景加值。					
CATEGORY=Special Ability|Trait ~ Surprise Weapon.MOD	OUTPUTNAME:詭器使（Surprise Weapon）	DESC:.CLEAR	DESC:你擅長使用通常難以被當作武器的物件戰鬥。你使用臨時武器的攻擊檢定獲得+2背景加值。					
CATEGORY=Special Ability|Trait ~ Tactician.MOD	OUTPUTNAME:戰術家（Tactician）	DESC:.CLEAR	DESC:你懂得如何在對付措手不及的敵人時獲取優勢。你的先攻檢定獲得+1背景加值。此外，每日1次，你可以在單次藉機攻擊中獲得攻擊檢定的+2背景加值。					
CATEGORY=Special Ability|Trait ~ Unblemished Barrel.MOD	OUTPUTNAME:護槍匠（Unblemished Barrel）	DESC:.CLEAR	DESC:你對火器的精熟加快了你修復槍械的速度。你的工藝（煉金）和工藝（武器）檢定獲得+1背景加值，你為一件火器移除破損狀態僅耗時30秒。					
CATEGORY=Special Ability|Trait ~ Vigilant Battler.MOD	OUTPUTNAME:警備兵（Vigilant Battler）	DESC:.CLEAR	DESC:你難以被愚弄，假動作更是難以騙過你的眼睛。你的察言觀色檢定獲得+1背景加值。該背景加值在對抗戰鬥中的虛招時增至+2。					
CATEGORY=Special Ability|Trait ~ Beacon of Faith.MOD	OUTPUTNAME:信烽火（Beacon of Faith）	DESC:.CLEAR	DESC:你的信仰之力清楚而堅定。每日1次，在使用領域或裁決域的神授力量、或施展一個領域法術時，你能夠以一個自由動作令自己的施法者等級視為高於實際2級。					
CATEGORY=Special Ability|Trait ~ Blessed.MOD	OUTPUTNAME:受眷者（Blessed）	DESC:.CLEAR	DESC:某些神力代行者守護著你的成長、回應你的呼喚。每日1次，你能夠以一個迅捷動作令全豁免獲得+1背景加值，持續1輪。					
CATEGORY=Special Ability|Trait ~ Disdainful Defender.MOD	OUTPUTNAME:盲信徒（Disdainful Defender）	DESC:.CLEAR	DESC:你牴觸其他信仰的魔法力量。你對抗神術的意志豁免獲得+2背景加值。該加值在面對與你信奉同一神祇的施法者時無效。					
CATEGORY=Special Ability|Trait ~ Fate's Favored.MOD	OUTPUTNAME:天祐者（Fate's Favored）	DESC:.CLEAR	DESC:天命注視著你。當你受益於幸運加值或類似狀況時，該加值提高1。					
CATEGORY=Special Ability|Trait ~ Fearless Defiance.MOD	OUTPUTNAME:勇抗者（Fearless Defiance）	DESC:.CLEAR	DESC:超越恐懼，你化身為敵人的災厄。你對抗恐懼效果的全豁免獲得+1背景加值。此外，每當你成功通過此類豁免，你在1輪內對宿敵的攻擊檢定獲得+1背景加值。					
CATEGORY=Special Ability|Trait ~ Focused Disciple.MOD	OUTPUTNAME:專信徒（Focused Disciple）	DESC:.CLEAR	DESC:他人遲疑動搖時，你依然意志清明。你對抗魅惑和脅迫效果的全豁免獲得+2背景加值。					
CATEGORY=Special Ability|Trait ~ Inspired.MOD	OUTPUTNAME:靈感力（Inspired）	DESC:.CLEAR	DESC:某種積極的驅動力、哲學觀或神力存在賜予你無限希望，同時也是你靈感的指引力。每日1次，你能夠通過自由動作在一項技能檢定或屬性檢定中雙骰取高。					
CATEGORY=Special Ability|Trait ~ Loyalty across Lifetimes.MOD	OUTPUTNAME:羈絆者（Loyalty across Lifetimes）	DESC:.CLEAR	DESC:你與你的幻靈之間所共有的聯結似乎已持續了數個生命輪迴。在決定你的幻靈受傷並被強行遣返其位面的生命負值時，將其體質屬性視為高於實際2點。此外，你的幻靈抵抗惑控系法術和效果的意志豁免獲得+1背景加值。					
CATEGORY=Special Ability|Trait ~ Martial Manuscript.MOD	OUTPUTNAME:秘冊使（Martial Manuscript）	DESC:.CLEAR	DESC:你攜帶或記刻著來自你的學院、神廟或修院的一份神聖書卷，其中的智慧指引你的攻擊更具破壞性。徒手攻擊或使用武僧武器時，你的重擊確認檢定獲得+2背景加值。					
CATEGORY=Special Ability|Trait ~ Oathbound.MOD	OUTPUTNAME:誓約者（Oathbound）	DESC:.CLEAR	DESC:你立下莊嚴誓約，並以強大的決意將其實現。每日1次，你可以重骰對抗魅惑和脅迫效果的豁免。你必須接受重骰結果，即便更糟。					
CATEGORY=Special Ability|Trait ~ Omen.MOD	OUTPUTNAME:預言師（Omen）	DESC:.CLEAR	DESC:你預見了若干未來的事象。無論預言之事的吉凶，你身上都流淌著不祥之力。你的威嚇檢定獲得+1背景加值，並且總能將威嚇視為你的本職技能。每日1次，你能夠通過迅捷動作來挫敗敵人士氣。					
CATEGORY=Special Ability|Trait ~ Perpetual Companion.MOD	OUTPUTNAME:心相依（Perpetual Companion）	DESC:.CLEAR	DESC:當與幻靈相依時你勇敢無畏。當與你的幻靈相距30尺以內時，你對抗恐懼效果的全豁免獲得+2背景加值。					
CATEGORY=Special Ability|Trait ~ Planar Savant.MOD	OUTPUTNAME:域學者（Planar Savant）	DESC:.CLEAR	DESC:當著手於各位面及其原住民的工作時，你察覺到自己有著天生的靈感。在進行知識（位面）技能檢定時，你可以用魅力修正取代智力修正。					
CATEGORY=Special Ability|Trait ~ Principled.MOD	OUTPUTNAME:嚴信徒（Principled）	DESC:.CLEAR	DESC:你以嚴格的信條和守則來規範自己的決策與行為。你的唬騙技能檢定受到-2減值，同時你對抗魅惑、脅迫和情緒效果的豁免檢定獲得+2背景加值。					
CATEGORY=Special Ability|Trait ~ Prophesied.MOD	OUTPUTNAME:預兆使（Prophesied）	DESC:.CLEAR	DESC:你的降臨早已被預言，熟悉你的傳說的人對你保持敬畏。面對任何熟悉你或你的聲望的人，你的交涉和威嚇技能檢定獲得+2背景加值。					
CATEGORY=Special Ability|Trait ~ Reincarnated.MOD	OUTPUTNAME:轉生者（Reincarnated）	DESC:.CLEAR	DESC:你的前世曾作為其他生命度過。生死對你而言是場輪迴，因此你無懼死亡。你對抗死亡和恐懼效果的豁免獲得+2背景加值。					
CATEGORY=Special Ability|Trait ~ Schooled Inquisitor.MOD	OUTPUTNAME:審判師（Schooled Inquisitor）	DESC:.CLEAR	DESC:你所受的額外訓練幫助你更準確地識破神祇之敵的詭計。你用於辨識生物能力和弱點的知識（位面）和知識（宗教）技能檢定獲得+2背景加值。					
CATEGORY=Special Ability|Trait ~ Spirit Sense.MOD	OUTPUTNAME:感靈使（Spirit Sense）	DESC:.CLEAR	DESC:你與靈感世界和諧一統，想要突襲你難上加難。當避免受到突襲、以及偵測隱形或虛體生物時，你的察覺檢定獲得+2背景加值。					
CATEGORY=Special Ability|Trait ~ Tireless Avenger.MOD	OUTPUTNAME:不倦者（Tireless Avenger）	DESC:.CLEAR	DESC:你勇往直前地追逐敵人。當你追逐一種宿敵生物時，避免因強行軍而受到非致命傷害的體質檢定DC為「10+1/每小時」，而非「10+2/每小時」。					
CATEGORY=Special Ability|Trait ~ Wanderer's Shroud.MOD	OUTPUTNAME:密探師（Wanderer's Shroud）	DESC:.CLEAR	DESC:你的探索往往難以被察覺。致力於收集關於你的信息的交涉檢定將受到-1減值，同時你對抗探知和讀心效果的全豁免獲得+1背景加值（如果允許豁免）。					
CATEGORY=Special Ability|Trait ~ Zealous Striker.MOD	OUTPUTNAME:狂信者（Zealous Striker）	DESC:.CLEAR	DESC:你的狂信對那些異教徒而言極度危險。每當你的審判能力被激活，你對能夠施展神術、且與你信仰不同神祇的敵人的傷害檢定獲得+1背景加值。					
CATEGORY=Special Ability|Trait ~ Air-Touched.MOD	OUTPUTNAME:大氣裔（Air-Touched）	DESC:.CLEAR	DESC:你與氣元素親和度非凡。你對氣亞種/子類的生物或攻擊獲得傷害減免「1/-」。					
CATEGORY=Special Ability|Trait ~ Alchemical Adept.MOD	OUTPUTNAME:煉化師（Alchemical Adept）	DESC:.CLEAR	DESC:你熟習於創造煉金物品之道。你用於創造煉金物品的工藝（煉金）檢定獲得+2背景加值。此外，當你的工藝（煉金）檢定失敗5點以上但並非自然骰出1，你並不會損毀原材料、或需要重新付出成本。					
CATEGORY=Special Ability|Trait ~ Alchemical Intuition.MOD	OUTPUTNAME:調和師（Alchemical Intuition）	DESC:.CLEAR	DESC:你經常被煉金過程或物質點燃靈感。每日1次，你可以通過自由動作使一次工藝（煉金）檢定獲得等同於魅力修正（至少為0）的背景加值。你可以在檢定投骰後應用該加值，這可能逆轉失敗的檢定。					
CATEGORY=Special Ability|Trait ~ Arcane Revitalization.MOD	OUTPUTNAME:力導法（Arcane Revitalization）	DESC:.CLEAR	DESC:你的超凡武技可用來補充奧能。每日1次，當你利用武器攻擊重擊確認成功時，你回復1點奧能力池點數。你不能使自己的點數超過奧能力池上限。					
CATEGORY=Special Ability|Trait ~ Arcane Temper.MOD	OUTPUTNAME:自制力（Arcane Temper）	DESC:.CLEAR	DESC:你的反應敏捷，思維專注。你的專注檢定和先攻檢定獲得+1背景加值。					
CATEGORY=Special Ability|Trait ~ Ascendant Recollection.MOD	OUTPUTNAME:貴血族（Ascendant Recollection）	DESC:.CLEAR	DESC:你的第一項血統力量格外強勁。決定你1級時獲得的血統力量效果時，你的術士等級視為高於實際1級。					
CATEGORY=Special Ability|Trait ~ Bladed Magic.MOD	OUTPUTNAME:刃法士（Bladed Magic）	DESC:.CLEAR	DESC:你在為武器附魔與用魔法武器戰鬥方面擁有超常天賦。你用於製造魔法或精製武器的工藝檢定獲得+1背景加值。此外，每當你利用奧能力池職業能力為武器附魔時，該附魔效果持續2分鐘而非1分鐘。					
CATEGORY=Special Ability|Trait ~ Cross-Disciplined.MOD	OUTPUTNAME:雙學位（Cross-Disciplined）	DESC:.CLEAR	DESC:你的廣泛涉獵使你對特定法術的施展受益良多。每日1次，你能夠在施展一個已準備好、且同時位於魔戰士和法師法術列表中的法術時，將施法者等級視為高於實際1級。					
CATEGORY=Special Ability|Trait ~ Cross-Knowledge.MOD	OUTPUTNAME:學識匯（Cross-Knowledge）	DESC:.CLEAR	DESC:每日1次，你能夠將飲下的一劑煉金藥劑視為高出你的實際施法者等級1級，只要對應法術同時位於法師法術列表和煉金術師公式列表中。					
CATEGORY=Special Ability|Trait ~ Desperate Resolve.MOD	OUTPUTNAME:背水陣（Desperate Resolve）	DESC:.CLEAR	DESC:你精通於在不安定的環境下施法。你的專注檢定獲得+1背景加值。當你處於擒抱、壓制、惡劣天候和纏繞狀態下，上述加值增至+4。					
CATEGORY=Special Ability|Trait ~ Desperate Speed.MOD	OUTPUTNAME:幻靈速（Desperate Speed）	DESC:.CLEAR	DESC:你的幻靈在你所不具備的某項移動方式上超凡脫俗。對於你所沒有的單種移動方式如攀爬、游泳等，你的幻靈獲得+5尺增強加值。若你的幻靈尚未獲得該種移動方式，你可以在通過適當進化為幻靈添加相應移動速度後再應用此加值。每當此加值決定應用於一種移動，就不可再改變。					
CATEGORY=Special Ability|Trait ~ Earth-Touched.MOD	OUTPUTNAME:后土裔（Earth-Touched）	DESC:.CLEAR	DESC:你與土元素親和度非凡。你對土亞種/子類的生物或攻擊獲得傷害減免「1/-」。					
CATEGORY=Special Ability|Trait ~ Eldritch Delver.MOD	OUTPUTNAME:掘法者（Eldritch Delver）	DESC:.CLEAR	DESC:你難以遏制自己對與世界相關的知識的渴求。你的全部知識（地城）和知識（歷史）檢定獲得+1背景加值，並且你可以在施展任何咒法系傳送子學派的法術時，將施法者等級視為高於實際1級。					
CATEGORY=Special Ability|Trait ~ Enduring Mutagen.MOD	OUTPUTNAME:持久身（Enduring Mutagen）	DESC:.CLEAR	DESC:出於特殊訓練、身體特質、或是煉金秘方，你的突變更加持久。你的突變引起的加值和減值持續時間延長每煉金術師等級1分鐘。					
CATEGORY=Special Ability|Trait ~ Flame-Touched.MOD	OUTPUTNAME:熾焰裔（Flame-Touched）	DESC:.CLEAR	DESC:你與火元素親和度非凡。你對火亞種/子類的生物或攻擊獲得傷害減免「1/-」。					
CATEGORY=Special Ability|Trait ~ Focused Burn.MOD	OUTPUTNAME:爆破狂（Focused Burn）	DESC:.CLEAR	DESC:你瞭解如何製造更要命的炸彈。你的任何造成火焰傷害的炸彈每擁有2d6直接傷害，就會追加造成額外的1點火焰傷害（至少1點）。此加值對濺射傷害無效。					
CATEGORY=Special Ability|Trait ~ Greater Link.MOD	OUTPUTNAME:意相連（Greater Link）	DESC:.CLEAR	DESC:你與幻靈之間的聯結比多數同行更牢固。你的幻靈的當前和最大生命值在離開你110尺後才會減至50%%，離開你1100尺後才會減至25%%。你的聯結職業能力並不會在其他方面受到影響。					
CATEGORY=Special Ability|Trait ~ Greater Purpose.MOD	OUTPUTNAME:追夢人（Greater Purpose）	DESC:.CLEAR	DESC:你確信自己是為實現某個偉大目標而生。你抵抗死亡效果的全豁免，以及用以穩定傷勢的體質檢定獲得+1背景加值。					
CATEGORY=Special Ability|Trait ~ Kin Bond.MOD	OUTPUTNAME:血羈絆（Kin Bond）	DESC:.CLEAR	DESC:你與一位血脈相連的同輩有著近乎奇跡般的聯結。選擇一位兄弟姐妹。每日1次，若你豁免失敗時他/她在你30尺範圍內，你可以用他/她的豁免加值重骰豁免。若你們是孿生子，你的重骰可獲+2背景加值。你的親人必須自願協助你進行重骰。若豁免仍然失敗，你們兩人將暈眩1輪。					
CATEGORY=Special Ability|Trait ~ Knowledgeable Caster.MOD	OUTPUTNAME:博術士（Knowledgeable Caster）	DESC:.CLEAR	DESC:每日1次，當你施展預言學派法術時可以將施法者等級視為高於實際1級。同時，你在與你的術士血統相關的知識檢定中獲得+1背景加值。					
CATEGORY=Special Ability|Trait ~ Linked Surge.MOD	OUTPUTNAME:聯動力（Linked Surge）	DESC:.CLEAR	DESC:每日1次，當你進行力量檢定、體質檢定或技能檢定時，可以採用幻靈的屬性修正取代自身。為使用該背景特性，你的幻靈必須已被召喚且位於你30尺範圍以內。					
CATEGORY=Special Ability|Trait ~ Magic Crafter.MOD	OUTPUTNAME:鑄魔師（Magic Crafter）	DESC:.CLEAR	DESC:你的早年魔法訓練包括對物質本質的探索、和對魔法物品的創造。你的估價檢定和造物時的工藝檢定獲得+1背景加值。					
CATEGORY=Special Ability|Trait ~ Malleable Magic.MOD	OUTPUTNAME:塑法士（Malleable Magic）	DESC:.CLEAR	DESC:每日1次，你能夠通過迅捷動作棄去單個1環、2環或3環法術，並回復1點奧能力池點數。你不能通過此背景特性來使自己的奧能力池點數超過上限。					
CATEGORY=Special Ability|Trait ~ Meticulous Concoction.MOD	OUTPUTNAME:精配師（Meticulous Concoction）	DESC:.CLEAR	DESC:你縝密精確的調製技術，讓你的煉金炸彈和配方威力更甚。每日1次，你可以將所投炸彈豁免DC提升2點，或者將化合煉成持續時間延長2輪。立即生效的煉成不會被此背景特性影響。					
CATEGORY=Special Ability|Trait ~ Outcast's Intuition.MOD	OUTPUTNAME:第六感（Outcast's Intuition）	DESC:.CLEAR	DESC:你能夠透過表情觀察出別人的思考，並能用這種直感來對抗驅魔力。你的察言觀色檢定獲得+1背景加值，並且總能將察言觀此視為你的本職技能。此外，在嘗試解除你所施放的法術時，你的施法者等級視為高於實際1級。					
CATEGORY=Special Ability|Trait ~ Partial Protege.MOD	OUTPUTNAME:笑面虎（Partial Protege）	DESC:.CLEAR	DESC:你精於掩飾自己的真才實學。你的唬騙檢定、用於模擬某職業特性的使用魔法裝置檢定獲得+1背景加值。					
CATEGORY=Special Ability|Trait ~ Perfectionist's Brew.MOD	OUTPUTNAME:配藥師（Perfectionist's Brew）	DESC:.CLEAR	DESC:你明白藥劑的調配應當按照絕對精確的配方和比例。你的工藝（煉金）檢定、用於調製藥劑的辨識法術檢定獲得+2背景加值。					
CATEGORY=Special Ability|Trait ~ Possessed.MOD	OUTPUTNAME:憑依者（Possessed）	DESC:.CLEAR	DESC:你現在或曾經被其他存在附體，這意外地令你得到了它們的知識。每日1次，你可以在未受訓的情況下使用所選種類的知識檢定。若你在該技能上曾受訓，那麼檢定獲得+2背景加值。					
CATEGORY=Special Ability|Trait ~ Pragmatic Activator.MOD	OUTPUTNAME:實用者（Pragmatic Activator）	DESC:.CLEAR	DESC:不少人知道如何勉強運用魔法裝置，但你要專業得多。你可以在進行使用魔法裝置檢定時用智力修正取代魅力修正。					
CATEGORY=Special Ability|Trait ~ Precise Treatment.MOD	OUTPUTNAME:智醫師（Precise Treatment）	DESC:.CLEAR	DESC:你對傷患的治療方案總是經過仔細的計算與分析。你的醫療檢定獲得+1背景加值，同時你可以在進行醫療檢定時用智力修正取代感知修正。					
CATEGORY=Special Ability|Trait ~ Reluctant Apprentice.MOD	OUTPUTNAME:混飯生（Reluctant Apprentice）	DESC:.CLEAR	DESC:早年的學習賦予你若干奧術知識。你的知識（神秘）檢定獲得+1背景加值，並能在該技能上未投點數時視為已受訓。					
CATEGORY=Special Ability|Trait ~ Resilient Caster.MOD	OUTPUTNAME:穩術師（Resilient Caster）	DESC:.CLEAR	DESC:你的強大意志力使得魔法難以被解除。當他人試圖解除你的法術時，你的施法者等級視為高於實際1級。					
CATEGORY=Special Ability|Trait ~ Self-Taught Scholar.MOD	OUTPUTNAME:自學者（Self-Taught Scholar）	DESC:.CLEAR	DESC:自學的境況迫使你不得不致力於收集手頭所有可獲得的文卷。你在解讀未知語言時的語言學檢定獲得+1背景加值，並且總能將語言學視為你的本職技能。此外，你在解讀卷軸時的法術辨識檢定獲得+1背景加值。					
CATEGORY=Special Ability|Trait ~ Shrouded Casting.MOD	OUTPUTNAME:空身咒（Shrouded Casting）	DESC:.CLEAR	DESC:你學到了如何不使用低級材料施法的秘方。選擇此背景特性時指定一個魔法學派。你在施展該學派法術時時為擁有「法術免材」專長。					
CATEGORY=Special Ability|Trait ~ Storm-Touched.MOD	OUTPUTNAME:風暴裔（Storm-Touched）	DESC:.CLEAR	DESC:你與電元素親和度非凡。你對電亞種/子類的生物或攻擊獲得傷害減免「1/-」。					
CATEGORY=Special Ability|Trait ~ Strength Foretold.MOD	OUTPUTNAME:預示力（Strength Foretold）	DESC:.CLEAR	DESC:你能將額外的力量導入一項血統力量中。每日1次，你能夠通過自由動作使一項血統力量的豁免DC獲得+1背景加值。					
CATEGORY=Special Ability|Trait ~ Tenacious Shifting.MOD	OUTPUTNAME:轉變者（Tenacious Shifting）	DESC:.CLEAR	DESC:你發現了穩定變化之道的精髓。你對自己施放的任何變化學派法術持續時間延長2輪。持續時間為瞬時的變化系法術不受影響。					
CATEGORY=Special Ability|Trait ~ Twinned Presence.MOD	OUTPUTNAME:雙重身（Twinned Presence）	DESC:.CLEAR	DESC:你的幻靈、以及你與幻靈之間的共鳴，令他人感到不自在。你的威嚇檢定獲得+1背景加值，並且總能將威嚇視為你的本職技能。此外，如果你的幻靈已被召喚且位於你30尺範圍以內、同時其體型大於你本人，你可以在任何威嚇檢定中使用它的體型加值。					
CATEGORY=Special Ability|Trait ~ Unscathed.MOD	OUTPUTNAME:無傷者（Unscathed）	DESC:.CLEAR	DESC:由於特殊的成長環境或魔法實驗，你對能量攻擊的抵抗效果拔群。你的任何能量抗力（如果有）提高2點。					
CATEGORY=Special Ability|Trait ~ Unseen but Not Undone.MOD	OUTPUTNAME:無相咒（Unseen but Not Undone）	DESC:.CLEAR	DESC:你毫髮未動便施展出血統法術。每日1次，你能夠視為擁有「法術定發」專長般施放一個血統法術。使用此背景特性並不會改變法術環級。					
CATEGORY=Special Ability|Trait ~ Unstable Mutagen.MOD	OUTPUTNAME:千機變（Unstable Mutagen）	DESC:.CLEAR	DESC:你發現或被教導了一種使自身變異更不穩定——但也更強大的法門。每日1次，你可以創造一次不穩定突變藥劑。它在大多方面類似正常的，但也因不穩定性而獲得一種優勢或劣勢。骰1d6以決定不穩定的影響結果。					
CATEGORY=Special Ability|Trait ~ Volatile Conduit.MOD	OUTPUTNAME:導能者（Volatile Conduit）	DESC:.CLEAR	DESC:你的神秘發現強化了某些法術的能量。每日1次，當你施放一個造成強酸、寒冷、電擊或火焰傷害的法術時，能夠通過自由動作強化該法術的不穩定能量。如此施為將使對應能量傷害追加1d4點。					
CATEGORY=Special Ability|Trait ~ Water-Touched.MOD	OUTPUTNAME:流水裔（Water-Touched）	DESC:.CLEAR	DESC:你與水元素親和度非凡。你對水亞種/子類的生物或攻擊獲得傷害減免「1/-」。					
CATEGORY=Special Ability|Trait ~ Acrobat.MOD	OUTPUTNAME:特技師（Acrobat）	DESC:.CLEAR	DESC:自小接受訓練，你的身手矯健、動作大膽。你的特技檢定獲得+1背景加值，並且你在加速攀爬時攀爬檢定僅受-2減值而非-5。					
CATEGORY=Special Ability|Trait ~ Ambitious.MOD	OUTPUTNAME:自信心（Ambitious）	DESC:.CLEAR	DESC:你在強者面前仍然渾身洋溢著自信——有時是毫無道理的自信。你在試圖影響高於自己5個生命骰以上的生物時，交涉檢定獲得+4背景加值。					
CATEGORY=Special Ability|Trait ~ Artisan.MOD	OUTPUTNAME:名巧匠（Artisan）	DESC:.CLEAR	DESC:你長期在工匠身邊工作，或者你的雙親之一正是獨當一面的名匠。你的單項工藝檢定獲得+2背景加值（何種子項自行決定）。					
CATEGORY=Special Ability|Trait ~ Bastard.MOD	OUTPUTNAME:私生子（Bastard）	DESC:.CLEAR	DESC:你並非婚姻的結晶。無論在社群中還是家庭裡，你都像是邊緣人。對世態炎涼的透徹觀察增進了你的洞察力。你的察言觀色檢定獲得+1背景加值，並且總能將察言觀色視為你的本職技能。					
CATEGORY=Special Ability|Trait ~ Beast Bond.MOD	OUTPUTNAME:馴獸師（Beast Bond）	DESC:.CLEAR	DESC:你和動物之間有著親密的聯繫。你的馴養動物和騎術檢定獲得+1背景加值，並且總能將二者之一（自行選擇）視為你的本職技能。					
CATEGORY=Special Ability|Trait ~ Bruising Intellect.MOD	OUTPUTNAME:學霸爺（Bruising Intellect）	DESC:.CLEAR	DESC:你才智過人而語言鋒銳。你總能將威嚇視為本職技能，同時你可以在進行威嚇檢定時用智力修正取代魅力修正。					
CATEGORY=Special Ability|Trait ~ Civilized.MOD	OUTPUTNAME:本地通（Civilized）	DESC:.CLEAR	DESC:你對當地法律、習俗和政策瞭如指掌。你的知識（貴族）和知識（地方）檢定獲得+1背景加值，並且總能將知識（地方）視為你的本職技能。					
CATEGORY=Special Ability|Trait ~ Criminal.MOD	OUTPUTNAME:犯罪者（Criminal）	DESC:.CLEAR	DESC:你的童年為了生存而耽於偷盜和搶劫。選擇以下一項技能：解除裝置、威嚇或巧手。你在該技能上獲得+1背景加值，並且總能將其視為你的本職技能。					
CATEGORY=Special Ability|Trait ~ Destined Diplomat.MOD	OUTPUTNAME:交涉家（Destined Diplomat）	DESC:.CLEAR	DESC:你與幻靈之間的聯繫，也指點了你如何與其他異界生物溝通。你對異界生物的交涉檢定獲得+2背景加值，並且總能將交涉視為你的本職技能。					
CATEGORY=Special Ability|Trait ~ Friend in Every Town.MOD	OUTPUTNAME:自來熟（Friend in Every Town）	DESC:.CLEAR	DESC:無論你走到哪裡，結識朋友和收集信息都不成問題。你的知識（地方）和交涉檢定獲得+1背景加值，並且總能將二者之一（自行選擇）視為你的本職技能。					
CATEGORY=Special Ability|Trait ~ Grief-Filled.MOD	OUTPUTNAME:傷慟者（Grief-Filled）	DESC:.CLEAR	DESC:失落和緊繃的情緒對你而言從不陌生。你對抗影響情緒的法術和效果的豁免獲得+2背景加值。					
CATEGORY=Special Ability|Trait ~ Harvester.MOD	OUTPUTNAME:剝皮匠（Harvester）	DESC:.CLEAR	DESC:你受訓於從動物身上每一寸都刮出寶來。你的專業（制革）或專業（陷阱）檢定獲得+2背景加值，並且可以在該技能上未投點數的情況下如已受訓般進行檢定。此外，你在處理有毒生物時不會有失手中毒的風險。					
CATEGORY=Special Ability|Trait ~ Imposing Scion.MOD	OUTPUTNAME:威風客（Imposing Scion）	DESC:.CLEAR	DESC:你的血統傳奇為你平添了一份可怖色彩。你的威嚇檢定獲得+1背景加值。如果你的血統與某種特定類型的生物相聯繫，你在面對該類型生物時上述加值增至+2。					
CATEGORY=Special Ability|Trait ~ Influence.MOD	OUTPUTNAME:影響力（Influence）	DESC:.CLEAR	DESC:你的社會地位幫助你從新視角審視他人，也讓別人看待你的眼光有所不同。選擇以下一項技能：交涉、威嚇或察言觀色。你在該技能上獲得+1背景加值，並且總能將其視為你的本職技能。					
CATEGORY=Special Ability|Trait ~ Knowing the Enemy.MOD	OUTPUTNAME:知敵者（Knowing the Enemy）	DESC:.CLEAR	DESC:知己知彼，你對自己的宿敵瞭解甚多。你對於所選定的第一種宿敵類型生物的知識檢定獲得+1背景加值，並且總能將其視為你的本職技能。					
CATEGORY=Special Ability|Trait ~ Life of Toil.MOD	OUTPUTNAME:工薪族（Life of Toil）	DESC:.CLEAR	DESC:你的生活承受稅負重壓，每天須長時為某個領主或商會工作。艱辛的勞動磨練了你的肉體和心智。你的強韌豁免獲得+1背景加值。					
CATEGORY=Special Ability|Trait ~ Mentored.MOD	OUTPUTNAME:指導師（Mentored）	DESC:.CLEAR	DESC:你的家教或導師指導你學習藝術、專業或商貿之道，通過這種系統教育，你也變得善於教授他人。選擇單項工藝、表演或專業技能，你的該項技能檢定獲得+1背景加值。同時，你在協助他人技能的檢定獲得+1背景加值。					
CATEGORY=Special Ability|Trait ~ Mercenary.MOD	OUTPUTNAME:僱傭兵（Mercenary）	DESC:.CLEAR	DESC:任何事情都能開出價碼，而你恰是個中老手。你在為一項冒險任務的報酬、或是所提供服務而議價時，交涉、威嚇和察言觀色技能獲得+2背景加值。					
CATEGORY=Special Ability|Trait ~ Merchant.MOD	OUTPUTNAME:從商者（Merchant）	DESC:.CLEAR	DESC:你曾是位商人，以收購和出售貨物為業。你在為貨物價格議價時估價和察言觀色檢定獲得+1背景加值。估價總是你的本職技能。					
CATEGORY=Special Ability|Trait ~ Ordinary.MOD	OUTPUTNAME:大眾臉（Ordinary）	DESC:.CLEAR	DESC:你身上唯一不正常的事情就是你長的太正常了。加上你總是以與常人無異的方法待人處事，以至於見過你的人都沒對你留下什麼印象。你混跡於人群中的隱匿檢定獲得+4背景加值。					
CATEGORY=Special Ability|Trait ~ Orphaned.MOD	OUTPUTNAME:小孤兒（Orphaned）	DESC:.CLEAR	DESC:你的成長過程與親生父母分離，因此不得不學著照顧自己。你的生存檢定獲得+1背景加值，並且總能將生存視為你的本職技能。					
CATEGORY=Special Ability|Trait ~ Savage.MOD	OUTPUTNAME:原始人（Savage）	DESC:.CLEAR	DESC:你出生長大在遠離文明的蠻荒之地。你學會如何在野人和野獸遍佈的環境中生存。你的知識（自然）檢定和在荒野的生存檢定獲得+1背景加值。知識（自然）總是你的本職技能。					
CATEGORY=Special Ability|Trait ~ Seeker.MOD	OUTPUTNAME:追尋者（Seeker）	DESC:.CLEAR	DESC:你總是在一刻不停地留意獵物和危險。你的察覺檢定獲得+1背景加值，並且總能將察覺視為你的本職技能。					
CATEGORY=Special Ability|Trait ~ Simple Disciple.MOD	OUTPUTNAME:單純心（Simple Disciple）	DESC:.CLEAR	DESC:你曾在某所修道院研習工藝或專業之道。你所選定的一項工藝或專業技能檢定獲得+1背景加值。					
CATEGORY=Special Ability|Trait ~ Style Sage.MOD	OUTPUTNAME:修道賢（Style Sage）	DESC:.CLEAR	DESC:你對某項修行戒律的歷史和新聞充滿熱情。你在知識（地方）或知識（歷史）中選擇一項，其技能檢定獲得+1背景加值，並且總能是為你的本職技能。此外，你從任何具有武僧等級的角色處收集信息的交涉檢定獲得+1背景加值。					
CATEGORY=Special Ability|Trait ~ Talented.MOD	OUTPUTNAME:表演家（Talented）	DESC:.CLEAR	DESC:你是位樂師、演員或說書人。你的單一類型表演檢定獲得+1背景加值，並且總能將所有表演視為你的本職技能。					
CATEGORY=Special Ability|Trait ~ Tireless Logic.MOD	OUTPUTNAME:邏輯學（Tireless Logic）	DESC:.CLEAR	DESC:你的好奇心指向最複雜的問題。每日1次，你在進行基於智力的技能檢定或屬性檢定時可以雙骰取高。					
CATEGORY=Special Ability|Trait ~ Trustworthy.MOD	OUTPUTNAME:靠譜人（Trustworthy）	DESC:.CLEAR	DESC:人們覺得你似乎值得信賴。你在愚弄他人時唬騙檢定獲得+1背景加值。你的交涉檢定獲得+1背景加值，並且總能將交涉視為你的本職技能。					
CATEGORY=Special Ability|Trait ~ Truth's Agent.MOD	OUTPUTNAME:愛八卦（Truth's Agent）	DESC:.CLEAR	DESC:你精於挖掘信息。你用於收集信息的交涉檢定和知識（地方）檢定獲得+1背景加值。知識（地方）總是你的本職技能。					
CATEGORY=Special Ability|Trait ~ Unintentional Linguist.MOD	OUTPUTNAME:語言家（Unintentional Linguist）	DESC:.CLEAR	DESC:你能與異界生物交流。你的語言學檢定獲得+1背景加值，並且你在遊戲起始時習得以下一種語言（此為你的種族獎勵和通過智力修正習得的語言之外）：深淵語，水族語，天界語，火族語，煉獄語，幻蛇語（Protean），土族語。					
CATEGORY=Special Ability|Trait ~ Unnatural Revenge.MOD	OUTPUTNAME:自然敵（Unnatural Revenge）	DESC:.CLEAR	DESC:你對動物、精類和植物類型生的威嚇技能獲得+2背景加值，並且總能將威嚇是為你的本職技能。					
CATEGORY=Special Ability|Trait ~ Unpredictable.MOD	OUTPUTNAME:脫線兒（Unpredictable）	DESC:.CLEAR	DESC:你的行為在他人眼中充滿了隨機性和混亂，但你的歡脫並非毫無意義。你的唬騙檢定獲得+1背景加值，並且總能將唬騙視為你的本職技能。					
CATEGORY=Special Ability|Trait ~ Veiled Disciple.MOD	OUTPUTNAME:接頭人（Veiled Disciple）	DESC:.CLEAR	DESC:你曾受訓於間諜機關，並精於傳遞情報和專注於工作。你用於傳遞隱藏信息的唬騙檢定獲得+1背景加值，同時你抵抗魅惑和脅迫效果的豁免獲得+1背景加值。					
CATEGORY=Special Ability|Trait ~ Weathered Emissary.MOD	OUTPUTNAME:風霜客（Weathered Emissary）	DESC:.CLEAR	DESC:你在荒野的遊歷經驗使你瞭解如何與荒野居民交流，以及迴避他們的危險之處。你的語言學和生存技能檢定獲得+1背景加值，並且語言學總是你的本職技能。					
CATEGORY=Special Ability|Trait ~ Worldly.MOD	OUTPUTNAME:遍歷者（Worldly）	DESC:.CLEAR	DESC:你的生命經歷如此豐富，遠超你的同齡、同族人。每日1次，當你為某項未受訓技能進行檢定時可以雙骰取高。					
CATEGORY=Special Ability|Trait ~ Brewmaster.MOD	OUTPUTNAME:釀酒師（Brewmaster）	DESC:.CLEAR	DESC:你的家族將矮人的釀酒秘方帶到了他鄉。這賜予了你釀造技能，卻也使你在矮人民粹中受到非議。你的專業（釀酒）和手藝（煉金）技能獲得+1背景加值，但你在面對知曉你的家族將釀酒秘方洩露給他族的矮人時，改善其態度的交涉檢定受到-1減值。					
CATEGORY=Special Ability|Trait ~ Almost Human.MOD	OUTPUTNAME:完全人（Almost Human）	DESC:.CLEAR	DESC:你有著足夠的人類特徵，使你很容易被當作是純血人類。你扮作人類的易容檢定獲得+4背景加值，並且總能將易容視為你的本職技能。					
CATEGORY=Special Ability|Trait ~ Scrapper.MOD	OUTPUTNAME:拾荒者（Scrapper）	DESC:.CLEAR	DESC:被迫從垃圾堆中尋找食物的童年，使你凶狠而警覺。你挫敗敵人士氣的威嚇檢定、以及所有察覺檢定獲得+1背景加值。					
CATEGORY=Special Ability|Trait ~ Blood of Dragons.MOD	OUTPUTNAME:龍血裔（Blood of Dragons）	DESC:.CLEAR	DESC:多年以前，你的先祖曾與龍族混血。選擇以下一項獲益：察覺檢定獲得+1背景加值；獲得昏暗視覺；對抗睡眠和麻痺的豁免獲得+2背景加值。					
CATEGORY=Special Ability|Trait ~ Deathtouched.MOD	OUTPUTNAME:死靈蝕（Deathtouched）	DESC:.CLEAR	DESC:某一時刻你曾被亡靈的腐敗氣息所侵染，而你獲得了少許他們的抗力。你的強韌豁免獲得+1背景加值，或者你對抗心智影響效果的意志豁免獲得+2背景加值（由你決定）。					
CATEGORY=Special Ability|Trait ~ Fiend Blood.MOD	OUTPUTNAME:魔血裔（Fiend Blood）	DESC:.CLEAR	DESC:魔族的血統玷污了你的血系，並展現出某種也許難以被注意到的特徵。選擇以下一項技能：唬騙、威嚇或知識（位面）。你在該技能上獲得+1背景加值，並且總能將其視為你的本職技能。					
CATEGORY=Special Ability|Trait ~ Frontier-Forged.MOD	OUTPUTNAME:拓荒者（Frontier-Forged）	DESC:.CLEAR	DESC:在文明邊緣的艱苦生活增長了你的智謀，但也讓你有著過度的自保傾向和受害妄想。你的察覺技能檢定和在荒野的生存技能檢定獲得+1背景加值。					
CATEGORY=Special Ability|Trait ~ Sea-Souled.MOD	OUTPUTNAME:海之魂（Sea-Souled）	DESC:.CLEAR	DESC:你以海為家。你的游泳檢定獲得+1背景加值，並且你總能在游泳檢定中取10。					
CATEGORY=Special Ability|Trait ~ Surface Stranger.MOD	OUTPUTNAME:穴居者（Surface Stranger）	DESC:.CLEAR	DESC:你在缺少甚至沒有陽光的地下出生長大。自然或魔法黑暗帶來的隱蔽或全隱蔽效果給你造成的失手率降低10%%。當你突然置身於強光下將會目眩1輪。					
CATEGORY=Special Ability|Trait ~ Tundra Child.MOD	OUTPUTNAME:凍土兒（Tundra Child）	DESC:.CLEAR	DESC:你在極地的酷寒中出生長大，並且適應了低溫。你對抗低溫環境的豁免獲得+4背景加值，同時對抗寒冷效果的豁免獲得+1背景加值。					
CATEGORY=Special Ability|Trait ~ Corpse Cannibal.MOD	OUTPUTNAME:食屍癖（Corpse Cannibal）	DESC:.CLEAR	DESC:你的信仰鼓勵你縱情於暴食，為此可以無視任何黑暗禁忌。你對抗疾病的強韌豁免獲得+2背景加值，並且可以無副作用地從腐肉中獲取營養。					
CATEGORY=Special Ability|Trait ~ Pain Is Pleasure.MOD	OUTPUTNAME:受虐狂（Pain Is Pleasure）	DESC:.CLEAR	DESC:你發現了隱藏在血肉之下的黑暗事實。當你的生命值處於最大值一半以下時，你的強韌豁免和意志豁免獲得+1背景加值。					
CATEGORY=Special Ability|Trait ~ Shadow Whispers.MOD	OUTPUTNAME:影吟者（Shadow Whispers）	DESC:.CLEAR	DESC:你有著打探他人秘密的嗜好。你的知識（地方）檢定獲得+1背景加值，同時挫敗敵人士氣的威嚇檢定獲得+2背景加值。					
CATEGORY=Special Ability|Trait ~ Voice of Monsters.MOD	OUTPUTNAME:怪之語（Voice of Monsters）	DESC:.CLEAR	DESC:你的信仰引領你從最可怖可憎之物中尋求力量和奇跡。你可以每日施展1次「動物交談」。當你施放該法術時，還可以如同影響動物般對異怪類生物和智力2點以下的魔法獸生效。					
CATEGORY=Special Ability|Trait ~ Wrecking Wrath.MOD	OUTPUTNAME:滅之怒（Wrecking Wrath）	DESC:.CLEAR	DESC:你的狂野極具破壞性，有時甚至是對自己的武器而言。每日1次，你能夠在以近戰武器命中敵人後再一次追加力量修正到傷害值中（如你使用雙手武器，力量修正並不會因此加倍）。如此施為有25%%的幾率對你的武器造成破損狀態。					
