Batrachian Helm.MOD	OUTPUTNAME:怪蛙頭盔（Batrachian Helm）		
Buffering Cap.MOD	OUTPUTNAME:緩衝軟帽（Buffering Cap）		
Cap of Human Guise.MOD	OUTPUTNAME:偽裝帽（Cap of Human Guise）		
Cap of Light.MOD	OUTPUTNAME:發光帽（Cap of Light）		
Cap of the Free Thinker.MOD	OUTPUTNAME:自由思想帽（Cap of the Free Thinker）		
Cat's Eye Crown.MOD	OUTPUTNAME:貓眼王冠（Cat's Eye Crown）		
Circlet of Mindsight.MOD	OUTPUTNAME:心靈視覺頭飾（Circlet of Mindsight）		
Crown of Conquest.MOD	OUTPUTNAME:征服皇冠（Crown of Conquest）		
Crown of Heaven.MOD	OUTPUTNAME:天堂王冠（Crown of Heaven）		
Crown of Swords.MOD	OUTPUTNAME:劍之皇冠（Crown of Swords）		
Halo of Inner Calm.MOD	OUTPUTNAME:靜心光環（Halo of Inner Calm）		
Halo of Menace.MOD	OUTPUTNAME:威嚇之環（Halo of Menace）		
Helm of Brilliance (Lesser).MOD	OUTPUTNAME:弱效光輝頭盔（Helm of Brilliance, Lesser）		
Helm of Electric Radiance.MOD	OUTPUTNAME:電芒頭盔（Helm of Electric Radiance）		
Helm of Telepathy.MOD	OUTPUTNAME:心靈感應頭盔（Helm of Telepathy）		
Helm of the Mammoth Lord.MOD	OUTPUTNAME:猛犸王頭盔（Helm of the Mammoth Lord）		
Howling Helm.MOD	OUTPUTNAME:嚎叫盔（Howling Helm）		
Iron Circlet of Guarded Souls.MOD	OUTPUTNAME:護魂鐵飾環（Iron Circlet of Guarded Souls）		
Jingasa of the Fortunate Soldier.MOD	OUTPUTNAME:壯兵陣笠（Jingasa of the Fortunate Soldier）		
Judge's Wig.MOD	OUTPUTNAME:法官假髮（Judge's Wig）		
Laurel of Command.MOD	OUTPUTNAME:命令桂冠（Laurel of Command）		
Magician's Hat.MOD	OUTPUTNAME:魔術師之帽（Magician's Hat）		
Mask of A Thousand Tomes.MOD	OUTPUTNAME:千文面具（Mask of A Thousand Tomes）		
Mask of Stony Demeanor.MOD	OUTPUTNAME:冷漠面具（Mask of Stony Demeanor）		
Mask of the Krenshar.MOD	OUTPUTNAME:骨面斑獸面具（Mask of the Krenshar）		
Maw of the Wyrm.MOD	OUTPUTNAME:飛龍之口（Maw of the Wyrm）		
Medusa Mask.MOD	OUTPUTNAME:美杜莎面具（Medusa Mask）		
Miser's Mask.MOD	OUTPUTNAME:守財奴面具（Miser's Mask）		
Mitre of the Hierophant.MOD	OUTPUTNAME:大祭司之冠（Mitre of the Hierophant）		
Plague Mask.MOD	OUTPUTNAME:瘟疫面具（Plague Mask）		
Stalker's Mask.MOD	OUTPUTNAME:追蹤者面具（Stalker's Mask）		
Steel-Mind Cap.MOD	OUTPUTNAME:鐵心之帽（Steel-Mind Cap）		
Stormlord's Helm.MOD	OUTPUTNAME:風暴領主之盔（Stormlord's Helm）		
Veil of Fleeting Glances.MOD	OUTPUTNAME:瞬視面紗（Veil of Fleeting Glances）		
